Component: ARM Compiler 5.06 (build 20) Tool: armlink [4d35a3]

==============================================================================

Section Cross References

    port.o(.emb_text) refers to tasks.o(i.vTaskSwitchContext) for vTaskSwitchContext
    port.o(.emb_text) refers to tasks.o(.data) for pxCurrentTCB
    port.o(i.prvTaskExitError) refers to port.o(.data) for uxCriticalNesting
    port.o(i.pxPortInitialiseStack) refers to port.o(i.prvTaskExitError) for prvTaskExitError
    port.o(i.vPortEndScheduler) refers to port.o(.data) for uxCriticalNesting
    port.o(i.vPortEnterCritical) refers to port.o(.data) for uxCriticalNesting
    port.o(i.vPortExitCritical) refers to port.o(.data) for uxCriticalNesting
    port.o(i.vPortSetupTimerInterrupt) refers to system_stm32f4xx.o(.data) for SystemCoreClock
    port.o(i.vPortValidateInterruptPriority) refers to port.o(.emb_text) for vPortGetIPSR
    port.o(i.vPortValidateInterruptPriority) refers to port.o(.data) for ucMaxSysCallPriority
    port.o(i.xPortStartScheduler) refers to port.o(i.vPortSetupTimerInterrupt) for vPortSetupTimerInterrupt
    port.o(i.xPortStartScheduler) refers to port.o(.emb_text) for __asm___6_port_c_39a90d8d__prvEnableVFP
    port.o(i.xPortStartScheduler) refers to port.o(.data) for ucMaxSysCallPriority
    port.o(i.xPortSysTickHandler) refers to tasks.o(i.xTaskIncrementTick) for xTaskIncrementTick
    event_groups.o(i.vEventGroupClearBitsCallback) refers to event_groups.o(i.xEventGroupClearBits) for xEventGroupClearBits
    event_groups.o(i.vEventGroupDelete) refers to tasks.o(i.vTaskSuspendAll) for vTaskSuspendAll
    event_groups.o(i.vEventGroupDelete) refers to tasks.o(i.xTaskRemoveFromUnorderedEventList) for xTaskRemoveFromUnorderedEventList
    event_groups.o(i.vEventGroupDelete) refers to heap_4.o(i.vPortFree) for vPortFree
    event_groups.o(i.vEventGroupDelete) refers to tasks.o(i.xTaskResumeAll) for xTaskResumeAll
    event_groups.o(i.vEventGroupSetBitsCallback) refers to event_groups.o(i.xEventGroupSetBits) for xEventGroupSetBits
    event_groups.o(i.xEventGroupClearBits) refers to port.o(i.vPortEnterCritical) for vPortEnterCritical
    event_groups.o(i.xEventGroupClearBits) refers to port.o(i.vPortExitCritical) for vPortExitCritical
    event_groups.o(i.xEventGroupCreate) refers to heap_4.o(i.pvPortMalloc) for pvPortMalloc
    event_groups.o(i.xEventGroupCreate) refers to list.o(i.vListInitialise) for vListInitialise
    event_groups.o(i.xEventGroupSetBits) refers to tasks.o(i.vTaskSuspendAll) for vTaskSuspendAll
    event_groups.o(i.xEventGroupSetBits) refers to tasks.o(i.xTaskRemoveFromUnorderedEventList) for xTaskRemoveFromUnorderedEventList
    event_groups.o(i.xEventGroupSetBits) refers to tasks.o(i.xTaskResumeAll) for xTaskResumeAll
    event_groups.o(i.xEventGroupSync) refers to tasks.o(i.xTaskGetSchedulerState) for xTaskGetSchedulerState
    event_groups.o(i.xEventGroupSync) refers to tasks.o(i.vTaskSuspendAll) for vTaskSuspendAll
    event_groups.o(i.xEventGroupSync) refers to event_groups.o(i.xEventGroupSetBits) for xEventGroupSetBits
    event_groups.o(i.xEventGroupSync) refers to tasks.o(i.vTaskPlaceOnUnorderedEventList) for vTaskPlaceOnUnorderedEventList
    event_groups.o(i.xEventGroupSync) refers to tasks.o(i.xTaskResumeAll) for xTaskResumeAll
    event_groups.o(i.xEventGroupSync) refers to tasks.o(i.uxTaskResetEventItemValue) for uxTaskResetEventItemValue
    event_groups.o(i.xEventGroupSync) refers to port.o(i.vPortEnterCritical) for vPortEnterCritical
    event_groups.o(i.xEventGroupSync) refers to port.o(i.vPortExitCritical) for vPortExitCritical
    event_groups.o(i.xEventGroupWaitBits) refers to tasks.o(i.xTaskGetSchedulerState) for xTaskGetSchedulerState
    event_groups.o(i.xEventGroupWaitBits) refers to tasks.o(i.vTaskSuspendAll) for vTaskSuspendAll
    event_groups.o(i.xEventGroupWaitBits) refers to event_groups.o(i.prvTestWaitCondition) for prvTestWaitCondition
    event_groups.o(i.xEventGroupWaitBits) refers to tasks.o(i.vTaskPlaceOnUnorderedEventList) for vTaskPlaceOnUnorderedEventList
    event_groups.o(i.xEventGroupWaitBits) refers to tasks.o(i.xTaskResumeAll) for xTaskResumeAll
    event_groups.o(i.xEventGroupWaitBits) refers to tasks.o(i.uxTaskResetEventItemValue) for uxTaskResetEventItemValue
    event_groups.o(i.xEventGroupWaitBits) refers to port.o(i.vPortEnterCritical) for vPortEnterCritical
    event_groups.o(i.xEventGroupWaitBits) refers to port.o(i.vPortExitCritical) for vPortExitCritical
    heap_4.o(i.prvHeapInit) refers to heap_4.o(.bss) for ucHeap
    heap_4.o(i.prvHeapInit) refers to heap_4.o(.data) for xStart
    heap_4.o(i.prvInsertBlockIntoFreeList) refers to heap_4.o(.data) for xStart
    heap_4.o(i.pvPortMalloc) refers to tasks.o(i.vTaskSuspendAll) for vTaskSuspendAll
    heap_4.o(i.pvPortMalloc) refers to heap_4.o(i.prvHeapInit) for prvHeapInit
    heap_4.o(i.pvPortMalloc) refers to heap_4.o(i.prvInsertBlockIntoFreeList) for prvInsertBlockIntoFreeList
[...]
    i.osDelay                                0x08005954   Section        0  cmsis_os.o(i.osDelay)
    i.osKernelRunning                        0x0800596c   Section        0  cmsis_os.o(i.osKernelRunning)
    i.osKernelStart                          0x0800597e   Section        0  cmsis_os.o(i.osKernelStart)
    i.osMutexCreate                          0x08005988   Section        0  cmsis_os.o(i.osMutexCreate)
    i.osMutexRelease                         0x08005994   Section        0  cmsis_os.o(i.osMutexRelease)
    i.osMutexWait                            0x080059e4   Section        0  cmsis_os.o(i.osMutexWait)
    i.osSemaphoreCreate                      0x08005a50   Section        0  cmsis_os.o(i.osSemaphoreCreate)
    i.osSemaphoreRelease                     0x08005a84   Section        0  cmsis_os.o(i.osSemaphoreRelease)
    i.osSemaphoreWait                        0x08005ad4   Section        0  cmsis_os.o(i.osSemaphoreWait)
    i.osSystickHandler                       0x08005b40   Section        0  cmsis_os.o(i.osSystickHandler)
    i.osThreadCreate                         0x08005b50   Section        0  cmsis_os.o(i.osThreadCreate)
    i.parse_speed_cmd                        0x08005b80   Section        0  node_recv_app.o(i.parse_speed_cmd)
    i.prvAddCurrentTaskToDelayedList         0x08005d0c   Section        0  tasks.o(i.prvAddCurrentTaskToDelayedList)
    prvAddCurrentTaskToDelayedList           0x08005d0d   Thumb Code   124  tasks.o(i.prvAddCurrentTaskToDelayedList)
    i.prvAddNewTaskToReadyList               0x08005da4   Section        0  tasks.o(i.prvAddNewTaskToReadyList)
    prvAddNewTaskToReadyList                 0x08005da5   Thumb Code   156  tasks.o(i.prvAddNewTaskToReadyList)
    i.prvCheckTasksWaitingTermination        0x08005e5c   Section        0  tasks.o(i.prvCheckTasksWaitingTermination)
    prvCheckTasksWaitingTermination          0x08005e5d   Thumb Code    86  tasks.o(i.prvCheckTasksWaitingTermination)
    i.prvCopyDataFromQueue                   0x08005ec0   Section        0  queue.o(i.prvCopyDataFromQueue)
    prvCopyDataFromQueue                     0x08005ec1   Thumb Code    42  queue.o(i.prvCopyDataFromQueue)
    i.prvCopyDataToQueue                     0x08005eea   Section        0  queue.o(i.prvCopyDataToQueue)
    prvCopyDataToQueue                       0x08005eeb   Thumb Code   124  queue.o(i.prvCopyDataToQueue)
    i.prvDeleteTCB                           0x08005f66   Section        0  tasks.o(i.prvDeleteTCB)
    prvDeleteTCB                             0x08005f67   Thumb Code    18  tasks.o(i.prvDeleteTCB)
    i.prvHeapInit                            0x08005f78   Section        0  heap_4.o(i.prvHeapInit)
    prvHeapInit                              0x08005f79   Thumb Code    98  heap_4.o(i.prvHeapInit)
    i.prvIdleTask                            0x08005ff4   Section        0  tasks.o(i.prvIdleTask)
    prvIdleTask                              0x08005ff5   Thumb Code    36  tasks.o(i.prvIdleTask)
    i.prvInitialiseMutex                     0x08006020   Section        0  queue.o(i.prvInitialiseMutex)
    prvInitialiseMutex                       0x08006021   Thumb Code    28  queue.o(i.prvInitialiseMutex)
    i.prvInitialiseNewQueue                  0x0800603c   Section        0  queue.o(i.prvInitialiseNewQueue)
    prvInitialiseNewQueue                    0x0800603d   Thumb Code    42  queue.o(i.prvInitialiseNewQueue)
    i.prvInitialiseNewTask                   0x08006066   Section        0  tasks.o(i.prvInitialiseNewTask)
    prvInitialiseNewTask                     0x08006067   Thumb Code   180  tasks.o(i.prvInitialiseNewTask)
    i.prvInitialiseTaskLists                 0x0800611c   Section        0  tasks.o(i.prvInitialiseTaskLists)
    prvInitialiseTaskLists                   0x0800611d   Thumb Code    70  tasks.o(i.prvInitialiseTaskLists)
    i.prvInsertBlockIntoFreeList             0x08006184   Section        0  heap_4.o(i.prvInsertBlockIntoFreeList)
    prvInsertBlockIntoFreeList               0x08006185   Thumb Code    96  heap_4.o(i.prvInsertBlockIntoFreeList)
    i.prvIsQueueEmpty                        0x080061ec   Section        0  queue.o(i.prvIsQueueEmpty)
    prvIsQueueEmpty                          0x080061ed   Thumb Code    26  queue.o(i.prvIsQueueEmpty)
    i.prvIsQueueFull                         0x08006206   Section        0  queue.o(i.prvIsQueueFull)
    prvIsQueueFull                           0x08006207   Thumb Code    30  queue.o(i.prvIsQueueFull)
    i.prvResetNextTaskUnblockTime            0x08006224   Section        0  tasks.o(i.prvResetNextTaskUnblockTime)
    prvResetNextTaskUnblockTime              0x08006225   Thumb Code    42  tasks.o(i.prvResetNextTaskUnblockTime)
    i.prvTaskExitError                       0x08006258   Section        0  port.o(i.prvTaskExitError)
    prvTaskExitError                         0x08006259   Thumb Code    60  port.o(i.prvTaskExitError)
    i.prvUnlockQueue                         0x08006298   Section        0  queue.o(i.prvUnlockQueue)
    prvUnlockQueue                           0x08006299   Thumb Code   126  queue.o(i.prvUnlockQueue)
    i.pvPortMalloc                           0x08006318   Section        0  heap_4.o(i.pvPortMalloc)
    i.pvTaskIncrementMutexHeldCount          0x08006454   Section        0  tasks.o(i.pvTaskIncrementMutexHeldCount)
    i.pxPortInitialiseStack                  0x08006474   Section        0  port.o(i.pxPortInitialiseStack)
    i.queue_init                             0x080064a0   Section        0  app_init.o(i.queue_init)
    i.sem_init                               0x080064b8   Section        0  app_init.o(i.sem_init)
    i.send_log_info                          0x08006548   Section        0  cli_uart.o(i.send_log_info)
    send_log_info                            0x08006549   Thumb Code    90  cli_uart.o(i.send_log_info)
    i.system_task                            0x080065b8   Section        0  app_init.o(i.system_task)
    i.uxListRemove                           0x080066b8   Section        0  list.o(i.uxListRemove)
    i.vApplicationIdleHook                   0x080066e0   Section        0  freertos.o(i.vApplicationIdleHook)
    i.vApplicationStackOverflowHook          0x080066e2   Section        0  freertos.o(i.vApplicationStackOverflowHook)
    i.vApplicationTickHook                   0x080066e4   Section        0  freertos.o(i.vApplicationTickHook)
    i.vListInitialise                        0x080066e6   Section        0  list.o(i.vListInitialise)
    i.vListInitialiseItem                    0x08006700   Section        0  list.o(i.vListInitialiseItem)
    i.vListInsert                            0x08006706   Section        0  list.o(i.vListInsert)
    i.vListInsertEnd                         0x0800673a   Section        0  list.o(i.vListInsertEnd)
    i.vPortEnterCritical                     0x08006754   Section        0  port.o(i.vPortEnterCritical)
    i.vPortExitCritical                      0x080067a8   Section        0  port.o(i.vPortExitCritical)
    i.vPortFree                              0x080067e4   Section        0  heap_4.o(i.vPortFree)
    i.vPortSetupTimerInterrupt               0x08006878   Section        0  port.o(i.vPortSetupTimerInterrupt)
    i.vPortValidateInterruptPriority         0x08006898   Section        0  port.o(i.vPortValidateInterruptPriority)
    i.vTaskDelay                             0x08006910   Section        0  tasks.o(i.vTaskDelay)
    i.vTaskMissedYield                       0x0800696c   Section        0  tasks.o(i.vTaskMissedYield)
    i.vTaskPlaceOnEventList                  0x08006978   Section        0  tasks.o(i.vTaskPlaceOnEventList)
    i.vTaskPriorityInherit                   0x080069b0   Section        0  tasks.o(i.vTaskPriorityInherit)
    i.vTaskSetTimeOutState                   0x08006a60   Section        0  tasks.o(i.vTaskSetTimeOutState)
    i.vTaskStartScheduler                    0x08006a90   Section        0  tasks.o(i.vTaskStartScheduler)
    i.vTaskSuspendAll                        0x08006b18   Section        0  tasks.o(i.vTaskSuspendAll)
    i.vTaskSwitchContext                     0x08006b28   Section        0  tasks.o(i.vTaskSwitchContext)
    i.xPortStartScheduler                    0x08006bd0   Section        0  port.o(i.xPortStartScheduler)
    i.xPortSysTickHandler                    0x08006d0c   Section        0  port.o(i.xPortSysTickHandler)
    i.xQueueCreateCountingSemaphore          0x08006d40   Section        0  queue.o(i.xQueueCreateCountingSemaphore)
    i.xQueueCreateMutex                      0x08006d9c   Section        0  queue.o(i.xQueueCreateMutex)
    i.xQueueGenericCreate                    0x08006dbe   Section        0  queue.o(i.xQueueGenericCreate)
    i.xQueueGenericReceive                   0x08006e18   Section        0  queue.o(i.xQueueGenericReceive)
    i.xQueueGenericReset                     0x08006fdc   Section        0  queue.o(i.xQueueGenericReset)
    i.xQueueGenericSend                      0x08007074   Section        0  queue.o(i.xQueueGenericSend)
    i.xQueueGiveFromISR                      0x0800721c   Section        0  queue.o(i.xQueueGiveFromISR)
    i.xQueueReceiveFromISR                   0x080072fc   Section        0  queue.o(i.xQueueReceiveFromISR)
    i.xTaskCheckForTimeOut                   0x080073c8   Section        0  tasks.o(i.xTaskCheckForTimeOut)
    i.xTaskCreate                            0x08007454   Section        0  tasks.o(i.xTaskCreate)
    i.xTaskGetSchedulerState                 0x080074b4   Section        0  tasks.o(i.xTaskGetSchedulerState)
    i.xTaskIncrementTick                     0x080074d4   Section        0  tasks.o(i.xTaskIncrementTick)
    i.xTaskPriorityDisinherit                0x08007628   Section        0  tasks.o(i.xTaskPriorityDisinherit)
    i.xTaskRemoveFromEventList               0x080076f0   Section        0  tasks.o(i.xTaskRemoveFromEventList)
    i.xTaskResumeAll                         0x08007788   Section        0  tasks.o(i.xTaskResumeAll)
    .constdata                               0x0800788c   Section       24  system_stm32f4xx.o(.constdata)
    .constdata                               0x080078a4   Section        8  stm32f4xx_hal_dma.o(.constdata)
    flagBitshiftOffset                       0x080078a4   Data           8  stm32f4xx_hal_dma.o(.constdata)
    .constdata                               0x080078ac   Section      164  app_init.o(.constdata)
    __FUNCTION__                             0x080078f4   Data          12  app_init.o(.constdata)
    .constdata                               0x08007950   Section       16  node_recv_app.o(.constdata)
    __FUNCTION__                             0x08007950   Data          16  node_recv_app.o(.constdata)
    .constdata                               0x08007960   Section       48  cos_i.o(.constdata)
    C                                        0x08007960   Data          48  cos_i.o(.constdata)
    .constdata                               0x08007990   Section      200  rred.o(.constdata)
    pio2s                                    0x08007990   Data          48  rred.o(.constdata)
    twooverpi                                0x080079c0   Data         152  rred.o(.constdata)
    .constdata                               0x08007a58   Section       40  sin_i.o(.constdata)
    S                                        0x08007a58   Data          40  sin_i.o(.constdata)
    .conststring                             0x08007a80   Section       36  app_init.o(.conststring)
    .data                                    0x20000000   Section       12  port.o(.data)
    uxCriticalNesting                        0x20000000   Data           4  port.o(.data)
    ucMaxSysCallPriority                     0x20000004   Data           1  port.o(.data)
    ulMaxPRIGROUPValue                       0x20000008   Data           4  port.o(.data)
    .data                                    0x2000000c   Section       24  heap_4.o(.data)
    xStart                                   0x2000000c   Data           8  heap_4.o(.data)
    pxEnd                                    0x20000014   Data           4  heap_4.o(.data)
    xFreeBytesRemaining                      0x20000018   Data           4  heap_4.o(.data)
    xMinimumEverFreeBytesRemaining           0x2000001c   Data           4  heap_4.o(.data)
    xBlockAllocatedBit                       0x20000020   Data           4  heap_4.o(.data)
    .data                                    0x20000024   Section       60  tasks.o(.data)
    pxDelayedTaskList                        0x20000028   Data           4  tasks.o(.data)
    pxOverflowDelayedTaskList                0x2000002c   Data           4  tasks.o(.data)
    uxDeletedTasksWaitingCleanUp             0x20000030   Data           4  tasks.o(.data)
    uxCurrentNumberOfTasks                   0x20000034   Data           4  tasks.o(.data)
    xTickCount                               0x20000038   Data           4  tasks.o(.data)
    uxTopReadyPriority                       0x2000003c   Data           4  tasks.o(.data)
    xSchedulerRunning                        0x20000040   Data           4  tasks.o(.data)
    uxPendedTicks                            0x20000044   Data           4  tasks.o(.data)
    xYieldPending                            0x20000048   Data           4  tasks.o(.data)
    xNumOfOverflows                          0x2000004c   Data           4  tasks.o(.data)
    uxTaskNumber                             0x20000050   Data           4  tasks.o(.data)
    xNextTaskUnblockTime                     0x20000054   Data           4  tasks.o(.data)
    xIdleTaskHandle                          0x20000058   Data           4  tasks.o(.data)
    uxSchedulerSuspended                     0x2000005c   Data           4  tasks.o(.data)
    .data                                    0x20000060   Section        4  system_stm32f4xx.o(.data)
    .data                                    0x20000064   Section        4  stm32f4xx_hal.o(.data)
    .data                                    0x20000068   Section      108  app_init.o(.data)
    right_dir                                0x200000cc   Data           4  app_init.o(.data)
    left_dir                                 0x200000d0   Data           4  app_init.o(.data)
    .data                                    0x200000d4   Section        8  pid.o(.data)
    .data                                    0x200000dc   Section        4  callback.o(.data)
    cnt                                      0x200000dc   Data           4  callback.o(.data)
    .data                                    0x200000e0   Section       96  odometry.o(.data)
    oriention_1                              0x2000011c   Data           4  odometry.o(.data)
    once                                     0x20000120   Data           1  odometry.o(.data)
    const_frame                              0x20000128   Data           8  odometry.o(.data)
    const_angle                              0x20000130   Data           8  odometry.o(.data)
    distance_sum                             0x20000138   Data           8  odometry.o(.data)
    .data                                    0x20000140   Section        8  node_recv_app.o(.data)
    .data                                    0x20000148   Section        4  errno.o(.data)
    _errno                                   0x20000148   Data           4  errno.o(.data)
    .bss                                     0x2000014c   Section    40960  heap_4.o(.bss)
    ucHeap                                   0x2000014c   Data       40960  heap_4.o(.bss)
    .bss                                     0x2000a14c   Section      240  tasks.o(.bss)
    pxReadyTasksLists                        0x2000a14c   Data         140  tasks.o(.bss)
    xDelayedTaskList1                        0x2000a1d8   Data          20  tasks.o(.bss)
    xDelayedTaskList2                        0x2000a1ec   Data          20  tasks.o(.bss)
    xPendingReadyList                        0x2000a200   Data          20  tasks.o(.bss)
    xTasksWaitingTermination                 0x2000a214   Data          20  tasks.o(.bss)
    xSuspendedTaskList                       0x2000a228   Data          20  tasks.o(.bss)
    .bss                                     0x2000a23c   Section      752  main.o(.bss)
    .bss                                     0x2000a52c   Section      280  app_init.o(.bss)
    .bss                                     0x2000a644   Section      128  cli_uart.o(.bss)
    STACK                                    0x2000a6c8   Section     1024  startup_stm32f407xx.o(STACK)

    Global Symbols

    Symbol Name                              Value     Ov Type        Size  Object(Section)

    BuildAttributes$$THM_ISAv4$E$P$D$K$B$S$7EM$VFPi3$EXTD16$VFPS$VFMA$PE$A:L22UL41UL21$X:L11$S22US41US21$IEEE1$IW$USESV6$~STKCKD$USESV7$~SHL$OTIME$ROPI$IEEEX$EBA8$MICROLIB$REQ8$PRES8$EABIv2 0x00000000   Number         0  anon$$obj.o ABSOLUTE
    __ARM_use_no_argv                        0x00000000   Number         0  main.o ABSOLUTE
    _printf_a                                0x00000000   Number         0  stubs.o ABSOLUTE
    _printf_c                                0x00000000   Number         0  stubs.o ABSOLUTE
    _printf_charcount                        0x00000000   Number         0  stubs.o ABSOLUTE
    _printf_d                                0x00000000   Number         0  stubs.o ABSOLUTE
    _printf_e                                0x00000000   Number         0  stubs.o ABSOLUTE
    _printf_f                                0x00000000   Number         0  stubs.o ABSOLUTE
    _printf_flags                            0x00000000   Number         0  stubs.o ABSOLUTE
    _printf_fp_dec                           0x00000000   Number         0  stubs.o ABSOLUTE
    _printf_fp_hex                           0x00000000   Number         0  stubs.o ABSOLUTE
    _printf_g                                0x00000000   Number         0  stubs.o ABSOLUTE
    _printf_i                                0x00000000   Number         0  stubs.o ABSOLUTE
    _printf_int_dec                          0x00000000   Number         0  stubs.o ABSOLUTE
    _printf_l                                0x00000000   Number         0  stubs.o ABSOLUTE
    _printf_lc                               0x00000000   Number         0  stubs.o ABSOLUTE
    _printf_ll                               0x00000000   Number         0  stubs.o ABSOLUTE
    _printf_lld                              0x00000000   Number         0  stubs.o ABSOLUTE
    _printf_lli                              0x00000000   Number         0  stubs.o ABSOLUTE
    _printf_llo                              0x00000000   Number         0  stubs.o ABSOLUTE
    _printf_llu                              0x00000000   Number         0  stubs.o ABSOLUTE
    _printf_llx                              0x00000000   Number         0  stubs.o ABSOLUTE
    _printf_longlong_dec                     0x00000000   Number         0  stubs.o ABSOLUTE
    _printf_longlong_hex                     0x00000000   Number         0  stubs.o ABSOLUTE
    _printf_longlong_oct                     0x00000000   Number         0  stubs.o ABSOLUTE
    _printf_ls                               0x00000000   Number         0  stubs.o ABSOLUTE
    _printf_mbtowc                           0x00000000   Number         0  stubs.o ABSOLUTE
    _printf_n                                0x00000000   Number         0  stubs.o ABSOLUTE
    _printf_o                                0x00000000   Number         0  stubs.o ABSOLUTE
    _printf_p                                0x00000000   Number         0  stubs.o ABSOLUTE
    _printf_percent                          0x00000000   Number         0  stubs.o ABSOLUTE
    _printf_pre_padding                      0x00000000   Number         0  stubs.o ABSOLUTE
    _printf_return_value                     0x00000000   Number         0  stubs.o ABSOLUTE
    _printf_s                                0x00000000   Number         0  stubs.o ABSOLUTE
    _printf_sizespec                         0x00000000   Number         0  stubs.o ABSOLUTE
    _printf_str                              0x00000000   Number         0  stubs.o ABSOLUTE
    _printf_truncate_signed                  0x00000000   Number         0  stubs.o ABSOLUTE
    _printf_truncate_unsigned                0x00000000   Number         0  stubs.o ABSOLUTE
    _printf_u                                0x00000000   Number         0  stubs.o ABSOLUTE
    _printf_wc                               0x00000000   Number         0  stubs.o ABSOLUTE
    _printf_wctomb                           0x00000000   Number         0  stubs.o ABSOLUTE
    _printf_widthprec                        0x00000000   Number         0  stubs.o ABSOLUTE
    _printf_x                                0x00000000   Number         0  stubs.o ABSOLUTE
    __cpp_initialize__aeabi_                  - Undefined Weak Reference
    __cxa_finalize                            - Undefined Weak Reference
    _clock_init                               - Undefined Weak Reference
    _microlib_exit                            - Undefined Weak Reference
    __Vectors_Size                           0x00000188   Number         0  startup_stm32f407xx.o ABSOLUTE
    __Vectors                                0x08000000   Data           4  startup_stm32f407xx.o(RESET)
    __Vectors_End                            0x08000188   Data           0  startup_stm32f407xx.o(RESET)
    __main                                   0x08000189   Thumb Code     0  entry.o(.ARM.Collect$$$$00000000)
    _main_stk                                0x08000189   Thumb Code     0  entry2.o(.ARM.Collect$$$$00000001)
    _main_scatterload                        0x0800018d   Thumb Code     0  entry5.o(.ARM.Collect$$$$00000004)
    __main_after_scatterload                 0x08000191   Thumb Code     0  entry5.o(.ARM.Collect$$$$00000004)
    _main_clock                              0x08000191   Thumb Code     0  entry7b.o(.ARM.Collect$$$$00000008)
    _main_cpp_init                           0x08000191   Thumb Code     0  entry8b.o(.ARM.Collect$$$$0000000A)
    _main_init                               0x08000191   Thumb Code     0  entry9a.o(.ARM.Collect$$$$0000000B)
    __rt_final_cpp                           0x08000199   Thumb Code     0  entry10a.o(.ARM.Collect$$$$0000000D)
    __rt_final_exit                          0x08000199   Thumb Code     0  entry11a.o(.ARM.Collect$$$$0000000F)
    SVC_Handler                              0x0800019d   Thumb Code    28  port.o(.emb_text)
    __asm___6_port_c_39a90d8d__prvStartFirstTask 0x080001bd   Thumb Code    28  port.o(.emb_text)
    __asm___6_port_c_39a90d8d__prvEnableVFP  0x080001dd   Thumb Code    16  port.o(.emb_text)
    PendSV_Handler                           0x080001f1   Thumb Code    92  port.o(.emb_text)
    vPortGetIPSR                             0x08000251   Thumb Code     6  port.o(.emb_text)
    Reset_Handler                            0x08000259   Thumb Code     8  startup_stm32f407xx.o(.text)
    ADC_IRQHandler                           0x08000273   Thumb Code     0  startup_stm32f407xx.o(.text)
    CAN1_RX0_IRQHandler                      0x08000273   Thumb Code     0  startup_stm32f407xx.o(.text)
    CAN1_RX1_IRQHandler                      0x08000273   Thumb Code     0  startup_stm32f407xx.o(.text)
    CAN1_SCE_IRQHandler                      0x08000273   Thumb Code     0  startup_stm32f407xx.o(.text)
    CAN1_TX_IRQHandler                       0x08000273   Thumb Code     0  startup_stm32f407xx.o(.text)
    CAN2_RX0_IRQHandler                      0x08000273   Thumb Code     0  startup_stm32f407xx.o(.text)
    CAN2_RX1_IRQHandler                      0x08000273   Thumb Code     0  startup_stm32f407xx.o(.text)
    CAN2_SCE_IRQHandler                      0x08000273   Thumb Code     0  startup_stm32f407xx.o(.text)
    CAN2_TX_IRQHandler                       0x08000273   Thumb Code     0  startup_stm32f407xx.o(.text)
    DCMI_IRQHandler                          0x08000273   Thumb Code     0  startup_stm32f407xx.o(.text)
    DMA1_Stream0_IRQHandler                  0x08000273   Thumb Code     0  startup_stm32f407xx.o(.text)
    DMA1_Stream1_IRQHandler                  0x08000273   Thumb Code     0  startup_stm32f407xx.o(.text)
    DMA1_Stream2_IRQHandler                  0x08000273   Thumb Code     0  startup_stm32f407xx.o(.text)
    DMA1_Stream3_IRQHandler                  0x08000273   Thumb Code     0  startup_stm32f407xx.o(.text)
    DMA1_Stream4_IRQHandler                  0x08000273   Thumb Code     0  startup_stm32f407xx.o(.text)
    DMA1_Stream7_IRQHandler                  0x08000273   Thumb Code     0  startup_stm32f407xx.o(.text)
    DMA2_Stream0_IRQHandler                  0x08000273   Thumb Code     0  startup_stm32f407xx.o(.text)
    DMA2_Stream1_IRQHandler                  0x08000273   Thumb Code     0  startup_stm32f407xx.o(.text)
    DMA2_Stream3_IRQHandler                  0x08000273   Thumb Code     0  startup_stm32f407xx.o(.text)
    DMA2_Stream4_IRQHandler                  0x08000273   Thumb Code     0  startup_stm32f407xx.o(.text)
    DMA2_Stream5_IRQHandler                  0x08000273   Thumb Code     0  startup_stm32f407xx.o(.text)
    DMA2_Stream6_IRQHandler                  0x08000273   Thumb Code     0  startup_stm32f407xx.o(.text)
    ETH_IRQHandler                           0x08000273   Thumb Code     0  startup_stm32f407xx.o(.text)
    ETH_WKUP_IRQHandler                      0x08000273   Thumb Code     0  startup_stm32f407xx.o(.text)
    EXTI15_10_IRQHandler                     0x08000273   Thumb Code     0  startup_stm32f407xx.o(.text)
    EXTI4_IRQHandler                         0x08000273   Thumb Code     0  startup_stm32f407xx.o(.text)
    EXTI9_5_IRQHandler                       0x08000273   Thumb Code     0  startup_stm32f407xx.o(.text)
    FLASH_IRQHandler                         0x08000273   Thumb Code     0  startup_stm32f407xx.o(.text)
    FMC_IRQHandler                           0x08000273   Thumb Code     0  startup_stm32f407xx.o(.text)
    FPU_IRQHandler                           0x08000273   Thumb Code     0  startup_stm32f407xx.o(.text)
    HASH_RNG_IRQHandler                      0x08000273   Thumb Code     0  startup_stm32f407xx.o(.text)
    I2C1_ER_IRQHandler                       0x08000273   Thumb Code     0  startup_stm32f407xx.o(.text)
    I2C1_EV_IRQHandler                       0x08000273   Thumb Code     0  startup_stm32f407xx.o(.text)
    I2C2_ER_IRQHandler                       0x08000273   Thumb Code     0  startup_stm32f407xx.o(.text)
    I2C2_EV_IRQHandler                       0x08000273   Thumb Code     0  startup_stm32f407xx.o(.text)
    I2C3_ER_IRQHandler                       0x08000273   Thumb Code     0  startup_stm32f407xx.o(.text)
    I2C3_EV_IRQHandler                       0x08000273   Thumb Code     0  startup_stm32f407xx.o(.text)
    OTG_FS_IRQHandler                        0x08000273   Thumb Code     0  startup_stm32f407xx.o(.text)
    OTG_FS_WKUP_IRQHandler                   0x08000273   Thumb Code     0  startup_stm32f407xx.o(.text)
    OTG_HS_EP1_IN_IRQHandler                 0x08000273   Thumb Code     0  startup_stm32f407xx.o(.text)
    OTG_HS_EP1_OUT_IRQHandler                0x08000273   Thumb Code     0  startup_stm32f407xx.o(.text)
    OTG_HS_IRQHandler                        0x08000273   Thumb Code     0  startup_stm32f407xx.o(.text)
    OTG_HS_WKUP_IRQHandler                   0x08000273   Thumb Code     0  startup_stm32f407xx.o(.text)
    PVD_IRQHandler                           0x08000273   Thumb Code     0  startup_stm32f407xx.o(.text)
    RCC_IRQHandler                           0x08000273   Thumb Code     0  startup_stm32f407xx.o(.text)
    RTC_Alarm_IRQHandler                     0x08000273   Thumb Code     0  startup_stm32f407xx.o(.text)
    RTC_WKUP_IRQHandler                      0x08000273   Thumb Code     0  startup_stm32f407xx.o(.text)
    SDIO_IRQHandler                          0x08000273   Thumb Code     0  startup_stm32f407xx.o(.text)
    SPI1_IRQHandler                          0x08000273   Thumb Code     0  startup_stm32f407xx.o(.text)
    SPI2_IRQHandler                          0x08000273   Thumb Code     0  startup_stm32f407xx.o(.text)
    SPI3_IRQHandler                          0x08000273   Thumb Code     0  startup_stm32f407xx.o(.text)
    TAMP_STAMP_IRQHandler                    0x08000273   Thumb Code     0  startup_stm32f407xx.o(.text)
    TIM1_BRK_TIM9_IRQHandler                 0x08000273   Thumb Code     0  startup_stm32f407xx.o(.text)
    TIM1_CC_IRQHandler                       0x08000273   Thumb Code     0  startup_stm32f407xx.o(.text)
    TIM1_TRG_COM_TIM11_IRQHandler            0x08000273   Thumb Code     0  startup_stm32f407xx.o(.text)
    TIM1_UP_TIM10_IRQHandler                 0x08000273   Thumb Code     0  startup_stm32f407xx.o(.text)
    TIM2_IRQHandler                          0x08000273   Thumb Code     0  startup_stm32f407xx.o(.text)
    TIM3_IRQHandler                          0x08000273   Thumb Code     0  startup_stm32f407xx.o(.text)
    TIM4_IRQHandler                          0x08000273   Thumb Code     0  startup_stm32f407xx.o(.text)
    TIM5_IRQHandler                          0x08000273   Thumb Code     0  startup_stm32f407xx.o(.text)
    TIM7_IRQHandler                          0x08000273   Thumb Code     0  startup_stm32f407xx.o(.text)
    TIM8_BRK_TIM12_IRQHandler                0x08000273   Thumb Code     0  startup_stm32f407xx.o(.text)
    TIM8_CC_IRQHandler                       0x08000273   Thumb Code     0  startup_stm32f407xx.o(.text)
    TIM8_TRG_COM_TIM14_IRQHandler            0x08000273   Thumb Code     0  startup_stm32f407xx.o(.text)
    TIM8_UP_TIM13_IRQHandler                 0x08000273   Thumb Code     0  startup_stm32f407xx.o(.text)
    UART4_IRQHandler                         0x08000273   Thumb Code     0  startup_stm32f407xx.o(.text)
    UART5_IRQHandler                         0x08000273   Thumb Code     0  startup_stm32f407xx.o(.text)
    USART3_IRQHandler                        0x08000273   Thumb Code     0  startup_stm32f407xx.o(.text)
    USART6_IRQHandler                        0x08000273   Thumb Code     0  startup_stm32f407xx.o(.text)
    WWDG_IRQHandler                          0x08000273   Thumb Code     0  startup_stm32f407xx.o(.text)
    __aeabi_uldivmod                         0x0800027d   Thumb Code    98  uldiv.o(.text)
    ___aeabi_memcpy8$move                    0x080002df   Thumb Code     0  memmovea.o(.text)
    __aeabi_memcpy                           0x080002df   Thumb Code    64  memmovea.o(.text)
    __aeabi_memcpy4                          0x080002df   Thumb Code     0  memmovea.o(.text)
    __aeabi_memmove                          0x080002df   Thumb Code     0  memmovea.o(.text)
    __aeabi_memmove4                         0x080002df   Thumb Code     0  memmovea.o(.text)
    __aeabi_memmove8                         0x080002df   Thumb Code     0  memmovea.o(.text)
    __aeabi_memset                           0x0800031f   Thumb Code    14  memseta.o(.text)
    __aeabi_memset4                          0x0800031f   Thumb Code     0  memseta.o(.text)
    __aeabi_memset8                          0x0800031f   Thumb Code     0  memseta.o(.text)
    __aeabi_memclr                           0x0800032d   Thumb Code     4  memseta.o(.text)
    __aeabi_memclr4                          0x0800032d   Thumb Code     0  memseta.o(.text)
    __aeabi_memclr8                          0x0800032d   Thumb Code     0  memseta.o(.text)
    _memset$wrapper                          0x08000331   Thumb Code    18  memseta.o(.text)
    __aeabi_dadd                             0x08000343   Thumb Code   322  dadd.o(.text)
    __aeabi_dsub                             0x08000485   Thumb Code     6  dadd.o(.text)
    __aeabi_drsub                            0x0800048b   Thumb Code     6  dadd.o(.text)
    __aeabi_dmul                             0x08000491   Thumb Code   228  dmul.o(.text)
    __aeabi_ddiv                             0x08000575   Thumb Code   222  ddiv.o(.text)
    __aeabi_i2d                              0x08000653   Thumb Code    34  dflti.o(.text)
    __aeabi_d2iz                             0x08000675   Thumb Code    62  dfixi.o(.text)
    __aeabi_f2d                              0x080006b3   Thumb Code    38  f2d.o(.text)
    __aeabi_d2f                              0x080006d9   Thumb Code    56  d2f.o(.text)
    __aeabi_uidiv                            0x08000711   Thumb Code     0  uidiv.o(.text)
    __aeabi_uidivmod                         0x08000711   Thumb Code    44  uidiv.o(.text)
    __aeabi_llsl                             0x0800073d   Thumb Code    30  llshl.o(.text)
    _ll_shift_l                              0x0800073d   Thumb Code     0  llshl.o(.text)
    __aeabi_llsr                             0x0800075b   Thumb Code    32  llushr.o(.text)
    _ll_ushift_r                             0x0800075b   Thumb Code     0  llushr.o(.text)
    __aeabi_lasr                             0x0800077b   Thumb Code    36  llsshr.o(.text)
    _ll_sshift_r                             0x0800077b   Thumb Code     0  llsshr.o(.text)
    __I$use$fp                               0x0800079f   Thumb Code     0  iusefp.o(.text)
    _float_round                             0x0800079f   Thumb Code    18  fepilogue.o(.text)
    _float_epilogue                          0x080007b1   Thumb Code    92  fepilogue.o(.text)
    _double_round                            0x0800080d   Thumb Code    30  depilogue.o(.text)
    _double_epilogue                         0x0800082b   Thumb Code   156  depilogue.o(.text)
    __aeabi_d2ulz                            0x080008c7   Thumb Code    48  dfixul.o(.text)
    __aeabi_cdrcmple                         0x080008f9   Thumb Code    48  cdrcmple.o(.text)
    __scatterload                            0x08000929   Thumb Code    28  init.o(.text)
    __scatterload_rt2                        0x08000929   Thumb Code     0  init.o(.text)
    __aeabi_ui2d                             0x0800094d   Thumb Code    26  dfltui.o(.text)
    __decompress                             0x08000967   Thumb Code     0  __dczerorl.o(.text)
    __decompress0                            0x08000967   Thumb Code    58  __dczerorl.o(.text)
    BusFault_Handler                         0x080009a1   Thumb Code     4  stm32f4xx_it.o(i.BusFault_Handler)
    DMA1_Stream5_IRQHandler                  0x080009a5   Thumb Code    10  stm32f4xx_it.o(i.DMA1_Stream5_IRQHandler)
    DMA1_Stream6_IRQHandler                  0x080009b5   Thumb Code    10  stm32f4xx_it.o(i.DMA1_Stream6_IRQHandler)
    DMA2_Stream2_IRQHandler                  0x080009c5   Thumb Code    10  stm32f4xx_it.o(i.DMA2_Stream2_IRQHandler)
    DMA2_Stream7_IRQHandler                  0x080009d5   Thumb Code    10  stm32f4xx_it.o(i.DMA2_Stream7_IRQHandler)
    DebugMon_Handler                         0x08000aef   Thumb Code     2  stm32f4xx_it.o(i.DebugMon_Handler)
    EXTI0_IRQHandler                         0x08000af1   Thumb Code    10  stm32f4xx_it.o(i.EXTI0_IRQHandler)
    EXTI1_IRQHandler                         0x08000afb   Thumb Code    10  stm32f4xx_it.o(i.EXTI1_IRQHandler)
    EXTI2_IRQHandler                         0x08000b05   Thumb Code    10  stm32f4xx_it.o(i.EXTI2_IRQHandler)
    EXTI3_IRQHandler                         0x08000b0f   Thumb Code    10  stm32f4xx_it.o(i.EXTI3_IRQHandler)
    HAL_DMA_Abort_IT                         0x08000b19   Thumb Code    40  stm32f4xx_hal_dma.o(i.HAL_DMA_Abort_IT)
    HAL_DMA_IRQHandler                       0x08000b41   Thumb Code   570  stm32f4xx_hal_dma.o(i.HAL_DMA_IRQHandler)
    HAL_DMA_Init                             0x08000d81   Thumb Code   232  stm32f4xx_hal_dma.o(i.HAL_DMA_Init)
    HAL_DMA_Start_IT                         0x08000e6d   Thumb Code   158  stm32f4xx_hal_dma.o(i.HAL_DMA_Start_IT)
    HAL_GPIO_EXTI_Callback                   0x08000f0d   Thumb Code    64  callback.o(i.HAL_GPIO_EXTI_Callback)
    HAL_GPIO_EXTI_IRQHandler                 0x08000f55   Thumb Code    24  stm32f4xx_hal_gpio.o(i.HAL_GPIO_EXTI_IRQHandler)
    HAL_GPIO_Init                            0x08000f71   Thumb Code   466  stm32f4xx_hal_gpio.o(i.HAL_GPIO_Init)
    HAL_GetTick                              0x08001171   Thumb Code     6  stm32f4xx_hal.o(i.HAL_GetTick)
    HAL_IncTick                              0x0800117d   Thumb Code    12  stm32f4xx_hal.o(i.HAL_IncTick)
    HAL_Init                                 0x0800118d   Thumb Code    54  stm32f4xx_hal.o(i.HAL_Init)
    HAL_InitTick                             0x080011c9   Thumb Code    36  stm32f4xx_hal.o(i.HAL_InitTick)
    HAL_MspInit                              0x080011f1   Thumb Code    86  stm32f4xx_hal_msp.o(i.HAL_MspInit)
    HAL_NVIC_EnableIRQ                       0x08001247   Thumb Code    26  stm32f4xx_hal_cortex.o(i.HAL_NVIC_EnableIRQ)
    HAL_NVIC_SetPriority                     0x08001261   Thumb Code   124  stm32f4xx_hal_cortex.o(i.HAL_NVIC_SetPriority)
    HAL_NVIC_SetPriorityGrouping             0x080012dd   Thumb Code    32  stm32f4xx_hal_cortex.o(i.HAL_NVIC_SetPriorityGrouping)
    HAL_RCC_ClockConfig                      0x08001305   Thumb Code   366  stm32f4xx_hal_rcc.o(i.HAL_RCC_ClockConfig)
    HAL_RCC_GetHCLKFreq                      0x08001485   Thumb Code     6  stm32f4xx_hal_rcc.o(i.HAL_RCC_GetHCLKFreq)
    HAL_RCC_GetPCLK1Freq                     0x08001491   Thumb Code    22  stm32f4xx_hal_rcc.o(i.HAL_RCC_GetPCLK1Freq)
    HAL_RCC_GetPCLK2Freq                     0x080014b1   Thumb Code    22  stm32f4xx_hal_rcc.o(i.HAL_RCC_GetPCLK2Freq)
    HAL_RCC_GetSysClockFreq                  0x080014d1   Thumb Code   162  stm32f4xx_hal_rcc.o(i.HAL_RCC_GetSysClockFreq)
    HAL_RCC_OscConfig                        0x08001581   Thumb Code  1040  stm32f4xx_hal_rcc.o(i.HAL_RCC_OscConfig)
    HAL_SYSTICK_CLKSourceConfig              0x08001991   Thumb Code    40  stm32f4xx_hal_cortex.o(i.HAL_SYSTICK_CLKSourceConfig)
    HAL_SYSTICK_Config                       0x080019b9   Thumb Code    52  stm32f4xx_hal_cortex.o(i.HAL_SYSTICK_Config)
    HAL_TIMEx_BreakCallback                  0x080019ed   Thumb Code     2  stm32f4xx_hal_tim_ex.o(i.HAL_TIMEx_BreakCallback)
    HAL_TIMEx_CommutationCallback            0x080019ef   Thumb Code     2  stm32f4xx_hal_tim_ex.o(i.HAL_TIMEx_CommutationCallback)
    HAL_TIMEx_MasterConfigSynchronization    0x080019f1   Thumb Code    98  stm32f4xx_hal_tim_ex.o(i.HAL_TIMEx_MasterConfigSynchronization)
    HAL_TIM_Base_Init                        0x08001a53   Thumb Code    52  stm32f4xx_hal_tim.o(i.HAL_TIM_Base_Init)
    HAL_TIM_Base_MspInit                     0x08001a89   Thumb Code   182  stm32f4xx_hal_msp.o(i.HAL_TIM_Base_MspInit)
    HAL_TIM_Base_Start_IT                    0x08001b51   Thumb Code    30  stm32f4xx_hal_tim.o(i.HAL_TIM_Base_Start_IT)
    HAL_TIM_ConfigClockSource                0x08001b6f   Thumb Code   306  stm32f4xx_hal_tim.o(i.HAL_TIM_ConfigClockSource)
    HAL_TIM_Encoder_Init                     0x08001ca1   Thumb Code   180  stm32f4xx_hal_tim.o(i.HAL_TIM_Encoder_Init)
    HAL_TIM_Encoder_MspInit                  0x08001d55   Thumb Code   274  stm32f4xx_hal_msp.o(i.HAL_TIM_Encoder_MspInit)
    HAL_TIM_Encoder_Start                    0x08001e79   Thumb Code    78  stm32f4xx_hal_tim.o(i.HAL_TIM_Encoder_Start)
    HAL_TIM_IC_CaptureCallback               0x08001ec7   Thumb Code     2  stm32f4xx_hal_tim.o(i.HAL_TIM_IC_CaptureCallback)
    HAL_TIM_IRQHandler                       0x08001ec9   Thumb Code   406  stm32f4xx_hal_tim.o(i.HAL_TIM_IRQHandler)
    HAL_TIM_MspPostInit                      0x08002061   Thumb Code    82  stm32f4xx_hal_msp.o(i.HAL_TIM_MspPostInit)
    HAL_TIM_OC_DelayElapsedCallback          0x080020c1   Thumb Code     2  stm32f4xx_hal_tim.o(i.HAL_TIM_OC_DelayElapsedCallback)
    HAL_TIM_PWM_ConfigChannel                0x080020c3   Thumb Code   264  stm32f4xx_hal_tim.o(i.HAL_TIM_PWM_ConfigChannel)
    HAL_TIM_PWM_Init                         0x080021cb   Thumb Code    52  stm32f4xx_hal_tim.o(i.HAL_TIM_PWM_Init)
    HAL_TIM_PWM_MspInit                      0x080021ff   Thumb Code     2  stm32f4xx_hal_tim.o(i.HAL_TIM_PWM_MspInit)
    HAL_TIM_PWM_PulseFinishedCallback        0x08002201   Thumb Code     2  stm32f4xx_hal_tim.o(i.HAL_TIM_PWM_PulseFinishedCallback)
    HAL_TIM_PWM_Start                        0x08002205   Thumb Code    68  stm32f4xx_hal_tim.o(i.HAL_TIM_PWM_Start)
    HAL_TIM_PeriodElapsedCallback            0x08002251   Thumb Code    42  callback.o(i.HAL_TIM_PeriodElapsedCallback)
    HAL_TIM_TriggerCallback                  0x08002289   Thumb Code     2  stm32f4xx_hal_tim.o(i.HAL_TIM_TriggerCallback)
    HAL_UART_ErrorCallback                   0x0800228b   Thumb Code     2  stm32f4xx_hal_uart.o(i.HAL_UART_ErrorCallback)
    HAL_UART_IRQHandler                      0x0800228d   Thumb Code   326  stm32f4xx_hal_uart.o(i.HAL_UART_IRQHandler)
    HAL_UART_Init                            0x080023d9   Thumb Code   114  stm32f4xx_hal_uart.o(i.HAL_UART_Init)
    HAL_UART_MspInit                         0x0800244d   Thumb Code   462  stm32f4xx_hal_msp.o(i.HAL_UART_MspInit)
    HAL_UART_Receive_DMA                     0x08002665   Thumb Code   182  stm32f4xx_hal_uart.o(i.HAL_UART_Receive_DMA)
    HAL_UART_RxCpltCallback                  0x08002729   Thumb Code    36  callback.o(i.HAL_UART_RxCpltCallback)
    HAL_UART_RxHalfCpltCallback              0x0800275d   Thumb Code    36  callback.o(i.HAL_UART_RxHalfCpltCallback)
    HAL_UART_Transmit                        0x08002791   Thumb Code   214  stm32f4xx_hal_uart.o(i.HAL_UART_Transmit)
    HAL_UART_Transmit_DMA                    0x08002869   Thumb Code   142  stm32f4xx_hal_uart.o(i.HAL_UART_Transmit_DMA)
    HAL_UART_TxCpltCallback                  0x08002905   Thumb Code    36  callback.o(i.HAL_UART_TxCpltCallback)
    HAL_UART_TxHalfCpltCallback              0x08002939   Thumb Code     2  stm32f4xx_hal_uart.o(i.HAL_UART_TxHalfCpltCallback)
    HardFault_Handler                        0x0800293b   Thumb Code     4  stm32f4xx_it.o(i.HardFault_Handler)
    MemManage_Handler                        0x08002de9   Thumb Code     4  stm32f4xx_it.o(i.MemManage_Handler)
    NMI_Handler                              0x08002ded   Thumb Code     2  stm32f4xx_it.o(i.NMI_Handler)
    PID_calculate                            0x08002e29   Thumb Code   232  pid.o(i.PID_calculate)
    SysTick_Handler                          0x08002f1d   Thumb Code    12  stm32f4xx_it.o(i.SysTick_Handler)
    SystemClock_Config                       0x08002f29   Thumb Code   190  main.o(i.SystemClock_Config)
    SystemInit                               0x08003001   Thumb Code    82  system_stm32f4xx.o(i.SystemInit)
    TIM6_DAC_IRQHandler                      0x08003065   Thumb Code    10  stm32f4xx_it.o(i.TIM6_DAC_IRQHandler)
    TIM_Base_SetConfig                       0x08003075   Thumb Code   184  stm32f4xx_hal_tim.o(i.TIM_Base_SetConfig)
    TIM_CCxChannelCmd                        0x08003159   Thumb Code    28  stm32f4xx_hal_tim.o(i.TIM_CCxChannelCmd)
    TIM_OC2_SetConfig                        0x08003211   Thumb Code   112  stm32f4xx_hal_tim.o(i.TIM_OC2_SetConfig)
    USART1_IRQHandler                        0x080039dd   Thumb Code    10  stm32f4xx_it.o(i.USART1_IRQHandler)
    USART2_IRQHandler                        0x080039ed   Thumb Code    10  stm32f4xx_it.o(i.USART2_IRQHandler)
    UsageFault_Handler                       0x080039fd   Thumb Code     4  stm32f4xx_it.o(i.UsageFault_Handler)
    _Error_Handler                           0x08003a01   Thumb Code     4  main.o(i._Error_Handler)
    __0sprintf                               0x08003a05   Thumb Code    34  printfa.o(i.__0sprintf)
    __1sprintf                               0x08003a05   Thumb Code     0  printfa.o(i.__0sprintf)
    __2sprintf                               0x08003a05   Thumb Code     0  printfa.o(i.__0sprintf)
    __c89sprintf                             0x08003a05   Thumb Code     0  printfa.o(i.__0sprintf)
    sprintf                                  0x08003a05   Thumb Code     0  printfa.o(i.__0sprintf)
    __0vsprintf                              0x08003a2d   Thumb Code    30  printfa.o(i.__0vsprintf)
    __1vsprintf                              0x08003a2d   Thumb Code     0  printfa.o(i.__0vsprintf)
    __2vsprintf                              0x08003a2d   Thumb Code     0  printfa.o(i.__0vsprintf)
    __c89vsprintf                            0x08003a2d   Thumb Code     0  printfa.o(i.__0vsprintf)
    vsprintf                                 0x08003a2d   Thumb Code     0  printfa.o(i.__0vsprintf)
    __ARM_fpclassify                         0x08003a51   Thumb Code    48  fpclassify.o(i.__ARM_fpclassify)
    __hardfp_cos                             0x08003a81   Thumb Code   180  cos.o(i.__hardfp_cos)
    __hardfp_fabs                            0x08003b49   Thumb Code    20  fabs.o(i.__hardfp_fabs)
    __hardfp_sin                             0x08003b61   Thumb Code   180  sin.o(i.__hardfp_sin)
    __ieee754_rem_pio2                       0x08003c29   Thumb Code   938  rred.o(i.__ieee754_rem_pio2)
    __kernel_cos                             0x08004061   Thumb Code   322  cos_i.o(i.__kernel_cos)
    __kernel_poly                            0x080041d1   Thumb Code   248  poly.o(i.__kernel_poly)
    __kernel_sin                             0x080042c9   Thumb Code   280  sin_i.o(i.__kernel_sin)
    __mathlib_dbl_infnan                     0x080043f9   Thumb Code    20  dunder.o(i.__mathlib_dbl_infnan)
    __mathlib_dbl_invalid                    0x08004411   Thumb Code    24  dunder.o(i.__mathlib_dbl_invalid)
    __mathlib_dbl_underflow                  0x08004431   Thumb Code    24  dunder.o(i.__mathlib_dbl_underflow)
    __scatterload_copy                       0x08004451   Thumb Code    14  handlers.o(i.__scatterload_copy)
    __scatterload_null                       0x0800445f   Thumb Code     2  handlers.o(i.__scatterload_null)
    __scatterload_zeroinit                   0x08004461   Thumb Code    14  handlers.o(i.__scatterload_zeroinit)
    __set_errno                              0x08004471   Thumb Code     6  errno.o(i.__set_errno)
    fabs                                     0x08004d19   Thumb Code    24  fabs.o(i.fabs)
    get_data_from_rx_buf                     0x08004d31   Thumb Code   194  node_recv_app.o(i.get_data_from_rx_buf)
    log_print                                0x08004e31   Thumb Code    48  cli_uart.o(i.log_print)
    main                                     0x08004e65   Thumb Code    48  main.o(i.main)
    main_app                                 0x08004e95   Thumb Code    46  app_init.o(i.main_app)
    node_recv_task                           0x08004ee1   Thumb Code   202  app_init.o(i.node_recv_task)
    node_tx_task                             0x08004ff1   Thumb Code   134  node_motor.o(i.node_tx_task)
    odometry                                 0x08005089   Thumb Code  1234  odometry.o(i.odometry)
    odometry_task                            0x0800556d   Thumb Code   944  app_init.o(i.odometry_task)
    osDelay                                  0x08005955   Thumb Code    24  cmsis_os.o(i.osDelay)
    osKernelRunning                          0x0800596d   Thumb Code    18  cmsis_os.o(i.osKernelRunning)
    osKernelStart                            0x0800597f   Thumb Code    10  cmsis_os.o(i.osKernelStart)
    osMutexCreate                            0x08005989   Thumb Code    12  cmsis_os.o(i.osMutexCreate)
    osMutexRelease                           0x08005995   Thumb Code    76  cmsis_os.o(i.osMutexRelease)
    osMutexWait                              0x080059e5   Thumb Code   104  cmsis_os.o(i.osMutexWait)
    osSemaphoreCreate                        0x08005a51   Thumb Code    50  cmsis_os.o(i.osSemaphoreCreate)
    osSemaphoreRelease                       0x08005a85   Thumb Code    76  cmsis_os.o(i.osSemaphoreRelease)
    osSemaphoreWait                          0x08005ad5   Thumb Code   104  cmsis_os.o(i.osSemaphoreWait)
    osSystickHandler                         0x08005b41   Thumb Code    16  cmsis_os.o(i.osSystickHandler)
    osThreadCreate                           0x08005b51   Thumb Code    48  cmsis_os.o(i.osThreadCreate)
    parse_speed_cmd                          0x08005b81   Thumb Code   288  node_recv_app.o(i.parse_speed_cmd)
    pvPortMalloc                             0x08006319   Thumb Code   296  heap_4.o(i.pvPortMalloc)
    pvTaskIncrementMutexHeldCount            0x08006455   Thumb Code    26  tasks.o(i.pvTaskIncrementMutexHeldCount)
    pxPortInitialiseStack                    0x08006475   Thumb Code    38  port.o(i.pxPortInitialiseStack)
    queue_init                               0x080064a1   Thumb Code    18  app_init.o(i.queue_init)
    sem_init                                 0x080064b9   Thumb Code   120  app_init.o(i.sem_init)
    system_task                              0x080065b9   Thumb Code   190  app_init.o(i.system_task)
    uxListRemove                             0x080066b9   Thumb Code    40  list.o(i.uxListRemove)
    vApplicationIdleHook                     0x080066e1   Thumb Code     2  freertos.o(i.vApplicationIdleHook)
    vApplicationStackOverflowHook            0x080066e3   Thumb Code     2  freertos.o(i.vApplicationStackOverflowHook)
    vApplicationTickHook                     0x080066e5   Thumb Code     2  freertos.o(i.vApplicationTickHook)
    vListInitialise                          0x080066e7   Thumb Code    26  list.o(i.vListInitialise)
    vListInitialiseItem                      0x08006701   Thumb Code     6  list.o(i.vListInitialiseItem)
    vListInsert                              0x08006707   Thumb Code    52  list.o(i.vListInsert)
    vListInsertEnd                           0x0800673b   Thumb Code    24  list.o(i.vListInsertEnd)
    vPortEnterCritical                       0x08006755   Thumb Code    76  port.o(i.vPortEnterCritical)
    vPortExitCritical                        0x080067a9   Thumb Code    56  port.o(i.vPortExitCritical)
    vPortFree                                0x080067e5   Thumb Code   140  heap_4.o(i.vPortFree)
    vPortSetupTimerInterrupt                 0x08006879   Thumb Code    26  port.o(i.vPortSetupTimerInterrupt)
    vPortValidateInterruptPriority           0x08006899   Thumb Code   106  port.o(i.vPortValidateInterruptPriority)
    vTaskDelay                               0x08006911   Thumb Code    82  tasks.o(i.vTaskDelay)
    vTaskMissedYield                         0x0800696d   Thumb Code     8  tasks.o(i.vTaskMissedYield)
    vTaskPlaceOnEventList                    0x08006979   Thumb Code    52  tasks.o(i.vTaskPlaceOnEventList)
    vTaskPriorityInherit                     0x080069b1   Thumb Code   164  tasks.o(i.vTaskPriorityInherit)
    vTaskSetTimeOutState                     0x08006a61   Thumb Code    38  tasks.o(i.vTaskSetTimeOutState)
    vTaskStartScheduler                      0x08006a91   Thumb Code   108  tasks.o(i.vTaskStartScheduler)
    vTaskSuspendAll                          0x08006b19   Thumb Code    12  tasks.o(i.vTaskSuspendAll)
    vTaskSwitchContext                       0x08006b29   Thumb Code   148  tasks.o(i.vTaskSwitchContext)
    xPortStartScheduler                      0x08006bd1   Thumb Code   288  port.o(i.xPortStartScheduler)
    xPortSysTickHandler                      0x08006d0d   Thumb Code    46  port.o(i.xPortSysTickHandler)
    xQueueCreateCountingSemaphore            0x08006d41   Thumb Code    92  queue.o(i.xQueueCreateCountingSemaphore)
    xQueueCreateMutex                        0x08006d9d   Thumb Code    34  queue.o(i.xQueueCreateMutex)
    xQueueGenericCreate                      0x08006dbf   Thumb Code    88  queue.o(i.xQueueGenericCreate)
    xQueueGenericReceive                     0x08006e19   Thumb Code   446  queue.o(i.xQueueGenericReceive)
    xQueueGenericReset                       0x08006fdd   Thumb Code   146  queue.o(i.xQueueGenericReset)
    xQueueGenericSend                        0x08007075   Thumb Code   420  queue.o(i.xQueueGenericSend)
    xQueueGiveFromISR                        0x0800721d   Thumb Code   224  queue.o(i.xQueueGiveFromISR)
    xQueueReceiveFromISR                     0x080072fd   Thumb Code   202  queue.o(i.xQueueReceiveFromISR)
    xTaskCheckForTimeOut                     0x080073c9   Thumb Code   132  tasks.o(i.xTaskCheckForTimeOut)
    xTaskCreate                              0x08007455   Thumb Code    96  tasks.o(i.xTaskCreate)
    xTaskGetSchedulerState                   0x080074b5   Thumb Code    24  tasks.o(i.xTaskGetSchedulerState)
    xTaskIncrementTick                       0x080074d5   Thumb Code   296  tasks.o(i.xTaskIncrementTick)
    xTaskPriorityDisinherit                  0x08007629   Thumb Code   188  tasks.o(i.xTaskPriorityDisinherit)
    xTaskRemoveFromEventList                 0x080076f1   Thumb Code   128  tasks.o(i.xTaskRemoveFromEventList)
    xTaskResumeAll                           0x08007789   Thumb Code   224  tasks.o(i.xTaskResumeAll)
    AHBPrescTable                            0x0800788c   Data          16  system_stm32f4xx.o(.constdata)
    APBPrescTable                            0x0800789c   Data           8  system_stm32f4xx.o(.constdata)
    Region$$Table$$Base                      0x08007aa4   Number         0  anon$$obj.o(Region$$Table)
    Region$$Table$$Limit                     0x08007ac4   Number         0  anon$$obj.o(Region$$Table)
    pxCurrentTCB                             0x20000024   Data           4  tasks.o(.data)
    SystemCoreClock                          0x20000060   Data           4  system_stm32f4xx.o(.data)
    uwTick                                   0x20000064   Data           4  stm32f4xx_hal.o(.data)
    init_complete                            0x20000068   Data           4  app_init.o(.data)
    sem_odometry_cal                         0x2000006c   Data           4  app_init.o(.data)
    semlog_tx_cpt                            0x20000070   Data           4  app_init.o(.data)
    semlog_rx_cpt                            0x20000074   Data           4  app_init.o(.data)
    semnode_tx_cpt                           0x20000078   Data           4  app_init.o(.data)
    semnode_rx_cpt                           0x2000007c   Data           4  app_init.o(.data)
    mutex_log                                0x20000080   Data           4  app_init.o(.data)
    system_task_id                           0x20000084   Data           4  app_init.o(.data)
    node_recv_task_id                        0x20000088   Data           4  app_init.o(.data)
    node_tx_task_id                          0x2000008c   Data           4  app_init.o(.data)
    queue_odom_handle                        0x20000090   Data           4  app_init.o(.data)
    Milemeter_L_Motor                        0x20000094   Data           4  app_init.o(.data)
    Milemeter_R_Motor                        0x20000098   Data           4  app_init.o(.data)
    odometry_right                           0x2000009c   Data           4  app_init.o(.data)
    odometry_left                            0x200000a0   Data           4  app_init.o(.data)
    x_data                                   0x200000a4   Data           4  app_init.o(.data)
    y_data                                   0x200000a8   Data           4  app_init.o(.data)
    theta_data                               0x200000ac   Data           4  app_init.o(.data)
    vel_linear                               0x200000b0   Data           4  app_init.o(.data)
    vel_angular                              0x200000b4   Data           4  app_init.o(.data)
    actual_left_speed                        0x200000b8   Data           4  app_init.o(.data)
    actual_right_speed                       0x200000bc   Data           4  app_init.o(.data)
    leftdata                                 0x200000c0   Data           4  app_init.o(.data)
    rightdata                                0x200000c4   Data           4  app_init.o(.data)
    span                                     0x200000c8   Data           4  app_init.o(.data)
    MaxValue                                 0x200000d4   Data           4  pid.o(.data)
    MinValue                                 0x200000d8   Data           4  pid.o(.data)
    position_x                               0x200000e0   Data           4  odometry.o(.data)
    position_y                               0x200000e4   Data           4  odometry.o(.data)
    oriention                                0x200000e8   Data           4  odometry.o(.data)
    velocity_linear                          0x200000ec   Data           4  odometry.o(.data)
    velocity_angular                         0x200000f0   Data           4  odometry.o(.data)
    wheel_interval                           0x200000f4   Data           4  odometry.o(.data)
    multiplier                               0x200000f8   Data           4  odometry.o(.data)
    deceleration_ratio                       0x200000fc   Data           4  odometry.o(.data)
    wheel_diameter                           0x20000100   Data           4  odometry.o(.data)
    pi_1_2                                   0x20000104   Data           4  odometry.o(.data)
    pi                                       0x20000108   Data           4  odometry.o(.data)
    pi_3_2                                   0x2000010c   Data           4  odometry.o(.data)
    pi_2_1                                   0x20000110   Data           4  odometry.o(.data)
    dt                                       0x20000114   Data           4  odometry.o(.data)
    line_number                              0x20000118   Data           4  odometry.o(.data)
    ros_speed_data                           0x20000140   Data           8  node_recv_app.o(.data)
    htim2                                    0x2000a23c   Data          60  main.o(.bss)
    htim3                                    0x2000a278   Data          60  main.o(.bss)
    htim4                                    0x2000a2b4   Data          60  main.o(.bss)
    htim6                                    0x2000a2f0   Data          60  main.o(.bss)
    huart1                                   0x2000a32c   Data          64  main.o(.bss)
    huart2                                   0x2000a36c   Data          64  main.o(.bss)
    hdma_usart1_rx                           0x2000a3ac   Data          96  main.o(.bss)
    hdma_usart1_tx                           0x2000a40c   Data          96  main.o(.bss)
    hdma_usart2_rx                           0x2000a46c   Data          96  main.o(.bss)
    hdma_usart2_tx                           0x2000a4cc   Data          96  main.o(.bss)
    recv_buf_ctrl                            0x2000a52c   Data          12  app_init.o(.bss)
    parse_buf_ctrl                           0x2000a538   Data          12  app_init.o(.bss)
    rx_buf                                   0x2000a544   Data         128  app_init.o(.bss)
    parse_rx_buf                             0x2000a5c4   Data         128  app_init.o(.bss)
    prtBuf                                   0x2000a644   Data         128  cli_uart.o(.bss)
    __initial_sp                             0x2000aac8   Data           0  startup_stm32f407xx.o(STACK)



==============================================================================

Memory Map of the image

  Image Entry point : 0x08000189

  Load Region LR_IROM1 (Base: 0x08000000, Size: 0x00007c10, Max: 0x00100000, ABSOLUTE, COMPRESSED[0x00007b00])

    Execution Region ER_IROM1 (Base: 0x08000000, Size: 0x00007ac4, Max: 0x00100000, ABSOLUTE)

    Base Addr    Size         Type   Attr      Idx    E Section Name        Object

    0x08000000   0x00000188   Data   RO         1633    RESET               startup_stm32f407xx.o
    0x08000188   0x00000000   Code   RO         4286  * .ARM.Collect$$$$00000000  mc_w.l(entry.o)
    0x08000188   0x00000004   Code   RO         4606    .ARM.Collect$$$$00000001  mc_w.l(entry2.o)
    0x0800018c   0x00000004   Code   RO         4609    .ARM.Collect$$$$00000004  mc_w.l(entry5.o)
    0x08000190   0x00000000   Code   RO         4611    .ARM.Collect$$$$00000008  mc_w.l(entry7b.o)
    0x08000190   0x00000000   Code   RO         4613    .ARM.Collect$$$$0000000A  mc_w.l(entry8b.o)
    0x08000190   0x00000008   Code   RO         4614    .ARM.Collect$$$$0000000B  mc_w.l(entry9a.o)
    0x08000198   0x00000000   Code   RO         4616    .ARM.Collect$$$$0000000D  mc_w.l(entry10a.o)
    0x08000198   0x00000000   Code   RO         4618    .ARM.Collect$$$$0000000F  mc_w.l(entry11a.o)
    0x08000198   0x00000004   Code   RO         4607    .ARM.Collect$$$$00002712  mc_w.l(entry2.o)
    0x0800019c   0x000000ba   Code   RO            1    .emb_text           port.o
    0x08000256   0x00000002   PAD
    0x08000258   0x00000024   Code   RO         1634    .text               startup_stm32f407xx.o
    0x0800027c   0x00000062   Code   RO         4289    .text               mc_w.l(uldiv.o)
    0x080002de   0x00000040   Code   RO         4293    .text               mc_w.l(memmovea.o)
    0x0800031e   0x00000024   Code   RO         4295    .text               mc_w.l(memseta.o)
    0x08000342   0x0000014e   Code   RO         4562    .text               mf_w.l(dadd.o)
    0x08000490   0x000000e4   Code   RO         4564    .text               mf_w.l(dmul.o)
    0x08000574   0x000000de   Code   RO         4566    .text               mf_w.l(ddiv.o)
    0x08000652   0x00000022   Code   RO         4570    .text               mf_w.l(dflti.o)
    0x08000674   0x0000003e   Code   RO         4572    .text               mf_w.l(dfixi.o)
    0x080006b2   0x00000026   Code   RO         4574    .text               mf_w.l(f2d.o)
    0x080006d8   0x00000038   Code   RO         4576    .text               mf_w.l(d2f.o)
    0x08000710   0x0000002c   Code   RO         4623    .text               mc_w.l(uidiv.o)
    0x0800073c   0x0000001e   Code   RO         4625    .text               mc_w.l(llshl.o)
    0x0800075a   0x00000020   Code   RO         4627    .text               mc_w.l(llushr.o)
    0x0800077a   0x00000024   Code   RO         4629    .text               mc_w.l(llsshr.o)
    0x0800079e   0x00000000   Code   RO         4638    .text               mc_w.l(iusefp.o)
    0x0800079e   0x0000006e   Code   RO         4639    .text               mf_w.l(fepilogue.o)
    0x0800080c   0x000000ba   Code   RO         4641    .text               mf_w.l(depilogue.o)
    0x080008c6   0x00000030   Code   RO         4643    .text               mf_w.l(dfixul.o)
    0x080008f6   0x00000002   PAD
    0x080008f8   0x00000030   Code   RO         4645    .text               mf_w.l(cdrcmple.o)
    0x08000928   0x00000024   Code   RO         4651    .text               mc_w.l(init.o)
    0x0800094c   0x0000001a   Code   RO         4655    .text               mf_w.l(dfltui.o)
    0x08000966   0x0000003a   Code   RO         4665    .text               mc_w.l(__dczerorl.o)
    0x080009a0   0x00000004   Code   RO         1231    i.BusFault_Handler  stm32f4xx_it.o
    0x080009a4   0x00000010   Code   RO         1232    i.DMA1_Stream5_IRQHandler  stm32f4xx_it.o
    0x080009b4   0x00000010   Code   RO         1233    i.DMA1_Stream6_IRQHandler  stm32f4xx_it.o
    0x080009c4   0x00000010   Code   RO         1234    i.DMA2_Stream2_IRQHandler  stm32f4xx_it.o
    0x080009d4   0x00000010   Code   RO         1235    i.DMA2_Stream7_IRQHandler  stm32f4xx_it.o
    0x080009e4   0x00000034   Code   RO         2784    i.DMA_CalcBaseAndBitshift  stm32f4xx_hal_dma.o
    0x08000a18   0x000000aa   Code   RO         2785    i.DMA_CheckFifoParam  stm32f4xx_hal_dma.o
    0x08000ac2   0x0000002c   Code   RO         2786    i.DMA_SetConfig     stm32f4xx_hal_dma.o
    0x08000aee   0x00000002   Code   RO         1236    i.DebugMon_Handler  stm32f4xx_it.o
    0x08000af0   0x0000000a   Code   RO         1237    i.EXTI0_IRQHandler  stm32f4xx_it.o
    0x08000afa   0x0000000a   Code   RO         1238    i.EXTI1_IRQHandler  stm32f4xx_it.o
    0x08000b04   0x0000000a   Code   RO         1239    i.EXTI2_IRQHandler  stm32f4xx_it.o
    0x08000b0e   0x0000000a   Code   RO         1240    i.EXTI3_IRQHandler  stm32f4xx_it.o
    0x08000b18   0x00000028   Code   RO         2788    i.HAL_DMA_Abort_IT  stm32f4xx_hal_dma.o
    0x08000b40   0x00000240   Code   RO         2792    i.HAL_DMA_IRQHandler  stm32f4xx_hal_dma.o
    0x08000d80   0x000000ec   Code   RO         2793    i.HAL_DMA_Init      stm32f4xx_hal_dma.o
    0x08000e6c   0x0000009e   Code   RO         2797    i.HAL_DMA_Start_IT  stm32f4xx_hal_dma.o
    0x08000f0a   0x00000002   PAD
    0x08000f0c   0x00000048   Code   RO         4070    i.HAL_GPIO_EXTI_Callback  callback.o
    0x08000f54   0x0000001c   Code   RO         3131    i.HAL_GPIO_EXTI_IRQHandler  stm32f4xx_hal_gpio.o
    0x08000f70   0x00000200   Code   RO         3132    i.HAL_GPIO_Init     stm32f4xx_hal_gpio.o
    0x08001170   0x0000000c   Code   RO         2023    i.HAL_GetTick       stm32f4xx_hal.o
    0x0800117c   0x00000010   Code   RO         2025    i.HAL_IncTick       stm32f4xx_hal.o
    0x0800118c   0x0000003c   Code   RO         2026    i.HAL_Init          stm32f4xx_hal.o
    0x080011c8   0x00000028   Code   RO         2027    i.HAL_InitTick      stm32f4xx_hal.o
    0x080011f0   0x00000056   Code   RO         1573    i.HAL_MspInit       stm32f4xx_hal_msp.o
    0x08001246   0x0000001a   Code   RO         1683    i.HAL_NVIC_EnableIRQ  stm32f4xx_hal_cortex.o
    0x08001260   0x0000007c   Code   RO         1689    i.HAL_NVIC_SetPriority  stm32f4xx_hal_cortex.o
    0x080012dc   0x00000028   Code   RO         1690    i.HAL_NVIC_SetPriorityGrouping  stm32f4xx_hal_cortex.o
    0x08001304   0x00000180   Code   RO         2164    i.HAL_RCC_ClockConfig  stm32f4xx_hal_rcc.o
    0x08001484   0x0000000c   Code   RO         2169    i.HAL_RCC_GetHCLKFreq  stm32f4xx_hal_rcc.o
    0x08001490   0x00000020   Code   RO         2171    i.HAL_RCC_GetPCLK1Freq  stm32f4xx_hal_rcc.o
    0x080014b0   0x00000020   Code   RO         2172    i.HAL_RCC_GetPCLK2Freq  stm32f4xx_hal_rcc.o
    0x080014d0   0x000000b0   Code   RO         2173    i.HAL_RCC_GetSysClockFreq  stm32f4xx_hal_rcc.o
    0x08001580   0x00000410   Code   RO         2176    i.HAL_RCC_OscConfig  stm32f4xx_hal_rcc.o
    0x08001990   0x00000028   Code   RO         1692    i.HAL_SYSTICK_CLKSourceConfig  stm32f4xx_hal_cortex.o
    0x080019b8   0x00000034   Code   RO         1694    i.HAL_SYSTICK_Config  stm32f4xx_hal_cortex.o
    0x080019ec   0x00000002   Code   RO         2890    i.HAL_TIMEx_BreakCallback  stm32f4xx_hal_tim_ex.o
    0x080019ee   0x00000002   Code   RO         2891    i.HAL_TIMEx_CommutationCallback  stm32f4xx_hal_tim_ex.o
    0x080019f0   0x00000062   Code   RO         2907    i.HAL_TIMEx_MasterConfigSynchronization  stm32f4xx_hal_tim_ex.o
    0x08001a52   0x00000034   Code   RO         3197    i.HAL_TIM_Base_Init  stm32f4xx_hal_tim.o
    0x08001a86   0x00000002   PAD
    0x08001a88   0x000000c8   Code   RO         1575    i.HAL_TIM_Base_MspInit  stm32f4xx_hal_msp.o
    0x08001b50   0x0000001e   Code   RO         3202    i.HAL_TIM_Base_Start_IT  stm32f4xx_hal_tim.o
    0x08001b6e   0x00000132   Code   RO         3206    i.HAL_TIM_ConfigClockSource  stm32f4xx_hal_tim.o
    0x08001ca0   0x000000b4   Code   RO         3215    i.HAL_TIM_Encoder_Init  stm32f4xx_hal_tim.o
    0x08001d54   0x00000124   Code   RO         1576    i.HAL_TIM_Encoder_MspInit  stm32f4xx_hal_msp.o
    0x08001e78   0x0000004e   Code   RO         3218    i.HAL_TIM_Encoder_Start  stm32f4xx_hal_tim.o
    0x08001ec6   0x00000002   Code   RO         3226    i.HAL_TIM_IC_CaptureCallback  stm32f4xx_hal_tim.o
    0x08001ec8   0x00000196   Code   RO         3239    i.HAL_TIM_IRQHandler  stm32f4xx_hal_tim.o
    0x0800205e   0x00000002   PAD
    0x08002060   0x00000060   Code   RO         1577    i.HAL_TIM_MspPostInit  stm32f4xx_hal_msp.o
    0x080020c0   0x00000002   Code   RO         3242    i.HAL_TIM_OC_DelayElapsedCallback  stm32f4xx_hal_tim.o
    0x080020c2   0x00000108   Code   RO         3263    i.HAL_TIM_PWM_ConfigChannel  stm32f4xx_hal_tim.o
    0x080021ca   0x00000034   Code   RO         3266    i.HAL_TIM_PWM_Init  stm32f4xx_hal_tim.o
    0x080021fe   0x00000002   Code   RO         3268    i.HAL_TIM_PWM_MspInit  stm32f4xx_hal_tim.o
    0x08002200   0x00000002   Code   RO         3269    i.HAL_TIM_PWM_PulseFinishedCallback  stm32f4xx_hal_tim.o
    0x08002202   0x00000002   PAD
    0x08002204   0x0000004c   Code   RO         3270    i.HAL_TIM_PWM_Start  stm32f4xx_hal_tim.o
    0x08002250   0x00000038   Code   RO         4071    i.HAL_TIM_PeriodElapsedCallback  callback.o
    0x08002288   0x00000002   Code   RO         3280    i.HAL_TIM_TriggerCallback  stm32f4xx_hal_tim.o
    0x0800228a   0x00000002   Code   RO         2474    i.HAL_UART_ErrorCallback  stm32f4xx_hal_uart.o
    0x0800228c   0x0000014c   Code   RO         2477    i.HAL_UART_IRQHandler  stm32f4xx_hal_uart.o
    0x080023d8   0x00000072   Code   RO         2478    i.HAL_UART_Init     stm32f4xx_hal_uart.o
    0x0800244a   0x00000002   PAD
    0x0800244c   0x00000218   Code   RO         1579    i.HAL_UART_MspInit  stm32f4xx_hal_msp.o
    0x08002664   0x000000c4   Code   RO         2482    i.HAL_UART_Receive_DMA  stm32f4xx_hal_uart.o
    0x08002728   0x00000034   Code   RO         4072    i.HAL_UART_RxCpltCallback  callback.o
    0x0800275c   0x00000034   Code   RO         4073    i.HAL_UART_RxHalfCpltCallback  callback.o
    0x08002790   0x000000d6   Code   RO         2486    i.HAL_UART_Transmit  stm32f4xx_hal_uart.o
    0x08002866   0x00000002   PAD
    0x08002868   0x0000009c   Code   RO         2487    i.HAL_UART_Transmit_DMA  stm32f4xx_hal_uart.o
    0x08002904   0x00000034   Code   RO         4074    i.HAL_UART_TxCpltCallback  callback.o
    0x08002938   0x00000002   Code   RO         2490    i.HAL_UART_TxHalfCpltCallback  stm32f4xx_hal_uart.o
    0x0800293a   0x00000004   Code   RO         1241    i.HardFault_Handler  stm32f4xx_it.o
    0x0800293e   0x00000002   PAD
    0x08002940   0x00000088   Code   RO         1463    i.MX_DMA_Init       main.o
    0x080029c8   0x00000100   Code   RO         1464    i.MX_GPIO_Init      main.o
    0x08002ac8   0x000000c4   Code   RO         1465    i.MX_TIM2_Init      main.o
    0x08002b8c   0x000000c8   Code   RO         1466    i.MX_TIM3_Init      main.o
    0x08002c54   0x000000fc   Code   RO         1467    i.MX_TIM4_Init      main.o
    0x08002d50   0x0000004c   Code   RO         1469    i.MX_USART1_UART_Init  main.o
    0x08002d9c   0x0000004c   Code   RO         1470    i.MX_USART2_UART_Init  main.o
    0x08002de8   0x00000004   Code   RO         1242    i.MemManage_Handler  stm32f4xx_it.o
    0x08002dec   0x00000002   Code   RO         1243    i.NMI_Handler       stm32f4xx_it.o
    0x08002dee   0x00000002   PAD
    0x08002df0   0x00000010   Code   RO         1696    i.NVIC_GetPriorityGrouping  stm32f4xx_hal_cortex.o
    0x08002e00   0x00000028   Code   RO         1697    i.NVIC_SetPriority  stm32f4xx_hal_cortex.o
    0x08002e28   0x000000f4   Code   RO         4051    i.PID_calculate     pid.o
    0x08002f1c   0x0000000c   Code   RO         1244    i.SysTick_Handler   stm32f4xx_it.o
    0x08002f28   0x000000d8   Code   RO         1472    i.SystemClock_Config  main.o
    0x08003000   0x00000064   Code   RO         1642    i.SystemInit        system_stm32f4xx.o
    0x08003064   0x00000010   Code   RO         1245    i.TIM6_DAC_IRQHandler  stm32f4xx_it.o
    0x08003074   0x000000e4   Code   RO         3281    i.TIM_Base_SetConfig  stm32f4xx_hal_tim.o
    0x08003158   0x0000001c   Code   RO         3282    i.TIM_CCxChannelCmd  stm32f4xx_hal_tim.o
    0x08003174   0x00000018   Code   RO         3288    i.TIM_ETR_SetConfig  stm32f4xx_hal_tim.o
    0x0800318c   0x00000014   Code   RO         3289    i.TIM_ITRx_SetConfig  stm32f4xx_hal_tim.o
    0x080031a0   0x00000070   Code   RO         3290    i.TIM_OC1_SetConfig  stm32f4xx_hal_tim.o
    0x08003210   0x00000078   Code   RO         3291    i.TIM_OC2_SetConfig  stm32f4xx_hal_tim.o
    0x08003288   0x00000078   Code   RO         3292    i.TIM_OC3_SetConfig  stm32f4xx_hal_tim.o
    0x08003300   0x00000060   Code   RO         3293    i.TIM_OC4_SetConfig  stm32f4xx_hal_tim.o
    0x08003360   0x0000002a   Code   RO         3295    i.TIM_TI1_ConfigInputStage  stm32f4xx_hal_tim.o
    0x0800338a   0x0000002c   Code   RO         3297    i.TIM_TI2_ConfigInputStage  stm32f4xx_hal_tim.o
    0x080033b6   0x00000014   Code   RO         2491    i.UART_DMAAbortOnError  stm32f4xx_hal_uart.o
    0x080033ca   0x00000050   Code   RO         2492    i.UART_DMAError     stm32f4xx_hal_uart.o
    0x0800341a   0x00000046   Code   RO         2493    i.UART_DMAReceiveCplt  stm32f4xx_hal_uart.o
    0x08003460   0x0000000e   Code   RO         2495    i.UART_DMARxHalfCplt  stm32f4xx_hal_uart.o
    0x0800346e   0x00000036   Code   RO         2497    i.UART_DMATransmitCplt  stm32f4xx_hal_uart.o
    0x080034a4   0x0000000e   Code   RO         2499    i.UART_DMATxHalfCplt  stm32f4xx_hal_uart.o
    0x080034b2   0x00000020   Code   RO         2501    i.UART_EndRxTransfer  stm32f4xx_hal_uart.o
    0x080034d2   0x00000020   Code   RO         2502    i.UART_EndTransmit_IT  stm32f4xx_hal_uart.o
    0x080034f2   0x00000014   Code   RO         2503    i.UART_EndTxTransfer  stm32f4xx_hal_uart.o
    0x08003506   0x0000009a   Code   RO         2504    i.UART_Receive_IT   stm32f4xx_hal_uart.o
    0x080035a0   0x00000368   Code   RO         2505    i.UART_SetConfig    stm32f4xx_hal_uart.o
    0x08003908   0x00000068   Code   RO         2506    i.UART_Transmit_IT  stm32f4xx_hal_uart.o
    0x08003970   0x0000006c   Code   RO         2507    i.UART_WaitOnFlagUntilTimeout  stm32f4xx_hal_uart.o
    0x080039dc   0x00000010   Code   RO         1246    i.USART1_IRQHandler  stm32f4xx_it.o
    0x080039ec   0x00000010   Code   RO         1247    i.USART2_IRQHandler  stm32f4xx_it.o
    0x080039fc   0x00000004   Code   RO         1248    i.UsageFault_Handler  stm32f4xx_it.o
    0x08003a00   0x00000004   Code   RO         1473    i._Error_Handler    main.o
    0x08003a04   0x00000028   Code   RO         4536    i.__0sprintf        mc_w.l(printfa.o)
    0x08003a2c   0x00000024   Code   RO         4540    i.__0vsprintf       mc_w.l(printfa.o)
    0x08003a50   0x00000030   Code   RO         4647    i.__ARM_fpclassify  m_wm.l(fpclassify.o)
    0x08003a80   0x000000c8   Code   RO         4256    i.__hardfp_cos      m_wm.l(cos.o)
    0x08003b48   0x00000014   Code   RO         4268    i.__hardfp_fabs     m_wm.l(fabs.o)
    0x08003b5c   0x00000004   PAD
    0x08003b60   0x000000c8   Code   RO         4274    i.__hardfp_sin      m_wm.l(sin.o)
    0x08003c28   0x00000438   Code   RO         4595    i.__ieee754_rem_pio2  m_wm.l(rred.o)
    0x08004060   0x00000170   Code   RO         4578    i.__kernel_cos      m_wm.l(cos_i.o)
    0x080041d0   0x000000f8   Code   RO         4649    i.__kernel_poly     m_wm.l(poly.o)
    0x080042c8   0x00000130   Code   RO         4600    i.__kernel_sin      m_wm.l(sin_i.o)
    0x080043f8   0x00000014   Code   RO         4582    i.__mathlib_dbl_infnan  m_wm.l(dunder.o)
    0x0800440c   0x00000004   PAD
    0x08004410   0x00000020   Code   RO         4584    i.__mathlib_dbl_invalid  m_wm.l(dunder.o)
    0x08004430   0x00000020   Code   RO         4587    i.__mathlib_dbl_underflow  m_wm.l(dunder.o)
    0x08004450   0x0000000e   Code   RO         4659    i.__scatterload_copy  mc_w.l(handlers.o)
    0x0800445e   0x00000002   Code   RO         4660    i.__scatterload_null  mc_w.l(handlers.o)
    0x08004460   0x0000000e   Code   RO         4661    i.__scatterload_zeroinit  mc_w.l(handlers.o)
    0x0800446e   0x00000002   PAD
    0x08004470   0x0000000c   Code   RO         4633    i.__set_errno       mc_w.l(errno.o)
    0x0800447c   0x00000164   Code   RO         4541    i._fp_digits        mc_w.l(printfa.o)
    0x080045e0   0x000006dc   Code   RO         4542    i._printf_core      mc_w.l(printfa.o)
    0x08004cbc   0x00000024   Code   RO         4543    i._printf_post_padding  mc_w.l(printfa.o)
    0x08004ce0   0x0000002e   Code   RO         4544    i._printf_pre_padding  mc_w.l(printfa.o)
    0x08004d0e   0x0000000a   Code   RO         4546    i._sputc            mc_w.l(printfa.o)
    0x08004d18   0x00000018   Code   RO         4270    i.fabs              m_wm.l(fabs.o)
    0x08004d30   0x000000c2   Code   RO         4207    i.get_data_from_rx_buf  node_recv_app.o
    0x08004df2   0x0000002e   Code   RO         3954    i.get_motor_encoder_cnt  app_init.o
    0x08004e20   0x00000010   Code   RO          662    i.inHandlerMode     cmsis_os.o
    0x08004e30   0x00000034   Code   RO         4162    i.log_print         cli_uart.o
    0x08004e64   0x00000030   Code   RO         1474    i.main              main.o
    0x08004e94   0x0000003c   Code   RO         3955    i.main_app          app_init.o
    0x08004ed0   0x0000000e   Code   RO          664    i.makeFreeRtosPriority  cmsis_os.o
    0x08004ede   0x00000002   PAD
    0x08004ee0   0x00000110   Code   RO         3956    i.node_recv_task    app_init.o
    0x08004ff0   0x00000098   Code   RO         4235    i.node_tx_task      node_motor.o
    0x08005088   0x000004e4   Code   RO         4127    i.odometry          odometry.o
    0x0800556c   0x000003e8   Code   RO         3957    i.odometry_task     app_init.o
    0x08005954   0x00000018   Code   RO          666    i.osDelay           cmsis_os.o
    0x0800596c   0x00000012   Code   RO          668    i.osKernelRunning   cmsis_os.o
    0x0800597e   0x0000000a   Code   RO          669    i.osKernelStart     cmsis_os.o
    0x08005988   0x0000000c   Code   RO          684    i.osMutexCreate     cmsis_os.o
    0x08005994   0x00000050   Code   RO          686    i.osMutexRelease    cmsis_os.o
    0x080059e4   0x0000006c   Code   RO          687    i.osMutexWait       cmsis_os.o
    0x08005a50   0x00000032   Code   RO          695    i.osSemaphoreCreate  cmsis_os.o
    0x08005a82   0x00000002   PAD
    0x08005a84   0x00000050   Code   RO          698    i.osSemaphoreRelease  cmsis_os.o
    0x08005ad4   0x0000006c   Code   RO          699    i.osSemaphoreWait   cmsis_os.o
    0x08005b40   0x00000010   Code   RO          702    i.osSystickHandler  cmsis_os.o
    0x08005b50   0x00000030   Code   RO          703    i.osThreadCreate    cmsis_os.o
    0x08005b80   0x0000018c   Code   RO         4208    i.parse_speed_cmd   node_recv_app.o
    0x08005d0c   0x00000098   Code   RO          333    i.prvAddCurrentTaskToDelayedList  tasks.o
    0x08005da4   0x000000b8   Code   RO          334    i.prvAddNewTaskToReadyList  tasks.o
    0x08005e5c   0x00000064   Code   RO          335    i.prvCheckTasksWaitingTermination  tasks.o
    0x08005ec0   0x0000002a   Code   RO         1041    i.prvCopyDataFromQueue  queue.o
    0x08005eea   0x0000007c   Code   RO         1042    i.prvCopyDataToQueue  queue.o
    0x08005f66   0x00000012   Code   RO          336    i.prvDeleteTCB      tasks.o
    0x08005f78   0x0000007c   Code   RO          225    i.prvHeapInit       heap_4.o
    0x08005ff4   0x0000002c   Code   RO          337    i.prvIdleTask       tasks.o
    0x08006020   0x0000001c   Code   RO         1043    i.prvInitialiseMutex  queue.o
    0x0800603c   0x0000002a   Code   RO         1044    i.prvInitialiseNewQueue  queue.o
    0x08006066   0x000000b4   Code   RO          338    i.prvInitialiseNewTask  tasks.o
    0x0800611a   0x00000002   PAD
    0x0800611c   0x00000068   Code   RO          339    i.prvInitialiseTaskLists  tasks.o
    0x08006184   0x00000068   Code   RO          226    i.prvInsertBlockIntoFreeList  heap_4.o
    0x080061ec   0x0000001a   Code   RO         1045    i.prvIsQueueEmpty   queue.o
    0x08006206   0x0000001e   Code   RO         1046    i.prvIsQueueFull    queue.o
    0x08006224   0x00000034   Code   RO          341    i.prvResetNextTaskUnblockTime  tasks.o
    0x08006258   0x00000040   Code   RO            2    i.prvTaskExitError  port.o
    0x08006298   0x0000007e   Code   RO         1047    i.prvUnlockQueue    queue.o
    0x08006316   0x00000002   PAD
    0x08006318   0x0000013c   Code   RO          227    i.pvPortMalloc      heap_4.o
    0x08006454   0x00000020   Code   RO          344    i.pvTaskIncrementMutexHeldCount  tasks.o
    0x08006474   0x0000002c   Code   RO            3    i.pxPortInitialiseStack  port.o
    0x080064a0   0x00000018   Code   RO         3958    i.queue_init        app_init.o
    0x080064b8   0x00000090   Code   RO         3959    i.sem_init          app_init.o
    0x08006548   0x00000070   Code   RO         4163    i.send_log_info     cli_uart.o
    0x080065b8   0x00000100   Code   RO         3960    i.system_task       app_init.o
    0x080066b8   0x00000028   Code   RO          286    i.uxListRemove      list.o
    0x080066e0   0x00000002   Code   RO         1546    i.vApplicationIdleHook  freertos.o
    0x080066e2   0x00000002   Code   RO         1547    i.vApplicationStackOverflowHook  freertos.o
    0x080066e4   0x00000002   Code   RO         1548    i.vApplicationTickHook  freertos.o
    0x080066e6   0x0000001a   Code   RO          287    i.vListInitialise   list.o
    0x08006700   0x00000006   Code   RO          288    i.vListInitialiseItem  list.o
    0x08006706   0x00000034   Code   RO          289    i.vListInsert       list.o
    0x0800673a   0x00000018   Code   RO          290    i.vListInsertEnd    list.o
    0x08006752   0x00000002   PAD
    0x08006754   0x00000054   Code   RO            5    i.vPortEnterCritical  port.o
    0x080067a8   0x0000003c   Code   RO            6    i.vPortExitCritical  port.o
    0x080067e4   0x00000094   Code   RO          228    i.vPortFree         heap_4.o
    0x08006878   0x00000020   Code   RO            7    i.vPortSetupTimerInterrupt  port.o
    0x08006898   0x00000078   Code   RO            8    i.vPortValidateInterruptPriority  port.o
    0x08006910   0x0000005c   Code   RO          352    i.vTaskDelay        tasks.o
    0x0800696c   0x0000000c   Code   RO          356    i.vTaskMissedYield  tasks.o
    0x08006978   0x00000038   Code   RO          358    i.vTaskPlaceOnEventList  tasks.o
    0x080069b0   0x000000b0   Code   RO          360    i.vTaskPriorityInherit  tasks.o
    0x08006a60   0x00000030   Code   RO          364    i.vTaskSetTimeOutState  tasks.o
    0x08006a90   0x00000088   Code   RO          365    i.vTaskStartScheduler  tasks.o
    0x08006b18   0x00000010   Code   RO          367    i.vTaskSuspendAll   tasks.o
    0x08006b28   0x000000a8   Code   RO          368    i.vTaskSwitchContext  tasks.o
    0x08006bd0   0x0000013c   Code   RO            9    i.xPortStartScheduler  port.o
    0x08006d0c   0x00000034   Code   RO           10    i.xPortSysTickHandler  port.o
    0x08006d40   0x0000005c   Code   RO         1057    i.xQueueCreateCountingSemaphore  queue.o
    0x08006d9c   0x00000022   Code   RO         1058    i.xQueueCreateMutex  queue.o
    0x08006dbe   0x00000058   Code   RO         1059    i.xQueueGenericCreate  queue.o
    0x08006e16   0x00000002   PAD
    0x08006e18   0x000001c4   Code   RO         1060    i.xQueueGenericReceive  queue.o
    0x08006fdc   0x00000098   Code   RO         1061    i.xQueueGenericReset  queue.o
    0x08007074   0x000001a8   Code   RO         1062    i.xQueueGenericSend  queue.o
    0x0800721c   0x000000e0   Code   RO         1064    i.xQueueGiveFromISR  queue.o
    0x080072fc   0x000000ca   Code   RO         1069    i.xQueueReceiveFromISR  queue.o
    0x080073c6   0x00000002   PAD
    0x080073c8   0x0000008c   Code   RO          369    i.xTaskCheckForTimeOut  tasks.o
    0x08007454   0x00000060   Code   RO          370    i.xTaskCreate       tasks.o
    0x080074b4   0x00000020   Code   RO          374    i.xTaskGetSchedulerState  tasks.o
    0x080074d4   0x00000154   Code   RO          377    i.xTaskIncrementTick  tasks.o
    0x08007628   0x000000c8   Code   RO          380    i.xTaskPriorityDisinherit  tasks.o
    0x080076f0   0x00000098   Code   RO          381    i.xTaskRemoveFromEventList  tasks.o
    0x08007788   0x00000104   Code   RO          383    i.xTaskResumeAll    tasks.o
    0x0800788c   0x00000018   Data   RO         1643    .constdata          system_stm32f4xx.o
    0x080078a4   0x00000008   Data   RO         2799    .constdata          stm32f4xx_hal_dma.o
    0x080078ac   0x000000a4   Data   RO         3962    .constdata          app_init.o
    0x08007950   0x00000010   Data   RO         4209    .constdata          node_recv_app.o
    0x08007960   0x00000030   Data   RO         4579    .constdata          m_wm.l(cos_i.o)
    0x08007990   0x000000c8   Data   RO         4597    .constdata          m_wm.l(rred.o)
    0x08007a58   0x00000028   Data   RO         4601    .constdata          m_wm.l(sin_i.o)
    0x08007a80   0x00000024   Data   RO         3963    .conststring        app_init.o
    0x08007aa4   0x00000020   Data   RO         4657    Region$$Table       anon$$obj.o


    Execution Region RW_IRAM1 (Base: 0x20000000, Size: 0x0000aac8, Max: 0x00020000, ABSOLUTE, COMPRESSED[0x0000003c])

    Base Addr    Size         Type   Attr      Idx    E Section Name        Object

    0x20000000   0x0000000c   Data   RW           11    .data               port.o
    0x2000000c   0x00000018   Data   RW          233    .data               heap_4.o
    0x20000024   0x0000003c   Data   RW          386    .data               tasks.o
    0x20000060   0x00000004   Data   RW         1644    .data               system_stm32f4xx.o
    0x20000064   0x00000004   Data   RW         2032    .data               stm32f4xx_hal.o
    0x20000068   0x0000006c   Data   RW         3964    .data               app_init.o
    0x200000d4   0x00000008   Data   RW         4052    .data               pid.o
    0x200000dc   0x00000004   Data   RW         4075    .data               callback.o
    0x200000e0   0x00000060   Data   RW         4128    .data               odometry.o
    0x20000140   0x00000008   Data   RW         4210    .data               node_recv_app.o
    0x20000148   0x00000004   Data   RW         4634    .data               mc_w.l(errno.o)
    0x2000014c   0x0000a000   Zero   RW          232    .bss                heap_4.o
    0x2000a14c   0x000000f0   Zero   RW          385    .bss                tasks.o
    0x2000a23c   0x000002f0   Zero   RW         1475    .bss                main.o
    0x2000a52c   0x00000118   Zero   RW         3961    .bss                app_init.o
    0x2000a644   0x00000080   Zero   RW         4164    .bss                cli_uart.o
    0x2000a6c4   0x00000004   PAD
    0x2000a6c8   0x00000400   Zero   RW         1631    STACK               startup_stm32f407xx.o


==============================================================================

Image component sizes


      Code (inc. data)   RO Data    RW Data    ZI Data      Debug   Object Name

      1802        236        200        108        280      13313   app_init.o
       284         70          0          4          0       3257   callback.o
       164         26          0          0        128       2593   cli_uart.o
       584         16          0          0          0      22610   cmsis_os.o
         0          0          0          0          0       8036   croutine.o
         0          0          0          0          0      11968   event_groups.o
         6          0          0          0          0       1466   freertos.o
       692         62          0         24      40960       7315   heap_4.o
       148          0          0          0          0       3546   list.o
      1460        162          0          0        752       6803   main.o
       152         18          0          0          0        767   node_motor.o
       590        108         16          8          0       3334   node_recv_app.o
      1252        118          0         96          0       2480   odometry.o
       244         12          0          8          0       1315   pid.o
       958         92          0         12          0      18629   port.o
      2086         16          0          0          0      16285   queue.o
        36          8        392          0       1024        800   startup_stm32f407xx.o
       128         20          0          4          0       3779   stm32f4xx_hal.o
       338         22          0          0          0      31485   stm32f4xx_hal_cortex.o
      1276         16          8          0          0       6178   stm32f4xx_hal_dma.o
       540         50          0          0          0       2279   stm32f4xx_hal_gpio.o
      1210        124          0          0          0       4290   stm32f4xx_hal_msp.o
      1676         74          0          0          0       5424   stm32f4xx_hal_rcc.o
      2288         88          0          0          0      17523   stm32f4xx_hal_tim.o
       102          0          0          0          0       2322   stm32f4xx_hal_tim_ex.o
      2590         42          0          0          0      14468   stm32f4xx_hal_uart.o
       184         42          0          0          0     680417   stm32f4xx_it.o
       100         18         24          4          0       1143   system_stm32f4xx.o
      2790        352          0         60        240      22647   tasks.o
         0          0          0          0          0       2496   timers.o

    ----------------------------------------------------------------------
     23712       1792        672        328      43388     918968   Object Totals
         0          0         32          0          0          0   (incl. Generated)
        32          0          0          0          4          0   (incl. Padding)

    ----------------------------------------------------------------------

      Code (inc. data)   RO Data    RW Data    ZI Data      Debug   Library Member Name

       200         20          0          0          0        164   cos.o
       368         46         48          0          0        200   cos_i.o
        84         16          0          0          0        372   dunder.o
        44          0          0          0          0        248   fabs.o
        48          0          0          0          0        124   fpclassify.o
       248          0          0          0          0        152   poly.o
      1080        142        200          0          0        188   rred.o
       200         20          0          0          0        164   sin.o
       304         24         40          0          0        208   sin_i.o
        58          0          0          0          0          0   __dczerorl.o
         0          0          0          0          0          0   entry.o
         0          0          0          0          0          0   entry10a.o
         0          0          0          0          0          0   entry11a.o
         8          4          0          0          0          0   entry2.o
         4          0          0          0          0          0   entry5.o
         0          0          0          0          0          0   entry7b.o
         0          0          0          0          0          0   entry8b.o
         8          4          0          0          0          0   entry9a.o
        12          6          0          4          0         68   errno.o
        30          0          0          0          0          0   handlers.o
        36          8          0          0          0         68   init.o
         0          0          0          0          0          0   iusefp.o
        30          0          0          0          0         68   llshl.o
        36          0          0          0          0         68   llsshr.o
        32          0          0          0          0         68   llushr.o
        64          0          0          0          0         76   memmovea.o
        36          0          0          0          0        108   memseta.o
      2280         92          0          0          0        592   printfa.o
        44          0          0          0          0         80   uidiv.o
        98          0          0          0          0         92   uldiv.o
        48          0          0          0          0         68   cdrcmple.o
        56          0          0          0          0         88   d2f.o
       334          0          0          0          0        148   dadd.o
       222          0          0          0          0        100   ddiv.o
       186          0          0          0          0        176   depilogue.o
        62          0          0          0          0         80   dfixi.o
        48          0          0          0          0         68   dfixul.o
        34          0          0          0          0         76   dflti.o
        26          0          0          0          0         76   dfltui.o
       228          0          0          0          0         96   dmul.o
        38          0          0          0          0         68   f2d.o
       110          0          0          0          0        168   fepilogue.o

    ----------------------------------------------------------------------
      6756        382        288          4          0       4320   Library Totals
        12          0          0          0          0          0   (incl. Padding)

    ----------------------------------------------------------------------

      Code (inc. data)   RO Data    RW Data    ZI Data      Debug   Library Name

      2576        268        288          0          0       1820   m_wm.l
      2776        114          0          4          0       1288   mc_w.l
      1392          0          0          0          0       1212   mf_w.l

    ----------------------------------------------------------------------
      6756        382        288          4          0       4320   Library Totals

    ----------------------------------------------------------------------

==============================================================================


      Code (inc. data)   RO Data    RW Data    ZI Data      Debug   

     30468       2174        960        332      43388     901872   Grand Totals
     30468       2174        960         60      43388     901872   ELF Image Totals (compressed)
     30468       2174        960         60          0          0   ROM Totals

==============================================================================

    Total RO  Size (Code + RO Data)                31428 (  30.69kB)
    Total RW  Size (RW Data + ZI Data)             43720 (  42.70kB)
    Total ROM Size (Code + RO Data + RW Data)      31488 (  30.75kB)

==============================================================================

