Component: ARM Compiler 5.06 update 4 (build 422) Tool: armlink [4d35d2]

==============================================================================

Section Cross References

    port.o(.emb_text) refers to tasks.o(i.vTaskSwitchContext) for vTaskSwitchContext
    port.o(.emb_text) refers to tasks.o(.data) for pxCurrentTCB
    port.o(i.prvTaskExitError) refers to port.o(.data) for .data
    port.o(i.pxPortInitialiseStack) refers to port.o(i.prvTaskExitError) for prvTaskExitError
    port.o(i.vPortEndScheduler) refers to port.o(.data) for .data
    port.o(i.vPortEnterCritical) refers to port.o(.data) for .data
    port.o(i.vPortExitCritical) refers to port.o(.data) for .data
    port.o(i.vPortSetupTimerInterrupt) refers to system_stm32f4xx.o(.data) for SystemCoreClock
    port.o(i.vPortValidateInterruptPriority) refers to port.o(.emb_text) for vPortGetIPSR
    port.o(i.vPortValidateInterruptPriority) refers to port.o(.data) for .data
    port.o(i.xPortStartScheduler) refers to port.o(i.vPortSetupTimerInterrupt) for vPortSetupTimerInterrupt
    port.o(i.xPortStartScheduler) refers to port.o(.emb_text) for __asm___6_port_c_39a90d8d__prvEnableVFP
    port.o(i.xPortStartScheduler) refers to port.o(.data) for .data
    port.o(i.xPortSysTickHandler) refers to tasks.o(i.xTaskIncrementTick) for xTaskIncrementTick
    event_groups.o(i.vEventGroupClearBitsCallback) refers to event_groups.o(i.xEventGroupClearBits) for xEventGroupClearBits
    event_groups.o(i.vEventGroupDelete) refers to tasks.o(i.vTaskSuspendAll) for vTaskSuspendAll
    event_groups.o(i.vEventGroupDelete) refers to tasks.o(i.xTaskRemoveFromUnorderedEventList) for xTaskRemoveFromUnorderedEventList
    event_groups.o(i.vEventGroupDelete) refers to heap_4.o(i.vPortFree) for vPortFree
    event_groups.o(i.vEventGroupDelete) refers to tasks.o(i.xTaskResumeAll) for xTaskResumeAll
    event_groups.o(i.vEventGroupSetBitsCallback) refers to event_groups.o(i.xEventGroupSetBits) for xEventGroupSetBits
    event_groups.o(i.xEventGroupClearBits) refers to port.o(i.vPortEnterCritical) for vPortEnterCritical
    event_groups.o(i.xEventGroupClearBits) refers to port.o(i.vPortExitCritical) for vPortExitCritical
    event_groups.o(i.xEventGroupCreate) refers to heap_4.o(i.pvPortMalloc) for pvPortMalloc
    event_groups.o(i.xEventGroupCreate) refers to list.o(i.vListInitialise) for vListInitialise
    event_groups.o(i.xEventGroupSetBits) refers to tasks.o(i.vTaskSuspendAll) for vTaskSuspendAll
    event_groups.o(i.xEventGroupSetBits) refers to tasks.o(i.xTaskRemoveFromUnorderedEventList) for xTaskRemoveFromUnorderedEventList
    event_groups.o(i.xEventGroupSetBits) refers to tasks.o(i.xTaskResumeAll) for xTaskResumeAll
    event_groups.o(i.xEventGroupSync) refers to tasks.o(i.xTaskGetSchedulerState) for xTaskGetSchedulerState
    event_groups.o(i.xEventGroupSync) refers to tasks.o(i.vTaskSuspendAll) for vTaskSuspendAll
    event_groups.o(i.xEventGroupSync) refers to event_groups.o(i.xEventGroupSetBits) for xEventGroupSetBits
    event_groups.o(i.xEventGroupSync) refers to tasks.o(i.vTaskPlaceOnUnorderedEventList) for vTaskPlaceOnUnorderedEventList
    event_groups.o(i.xEventGroupSync) refers to tasks.o(i.xTaskResumeAll) for xTaskResumeAll
    event_groups.o(i.xEventGroupSync) refers to tasks.o(i.uxTaskResetEventItemValue) for uxTaskResetEventItemValue
    event_groups.o(i.xEventGroupSync) refers to port.o(i.vPortEnterCritical) for vPortEnterCritical
    event_groups.o(i.xEventGroupSync) refers to port.o(i.vPortExitCritical) for vPortExitCritical
    event_groups.o(i.xEventGroupWaitBits) refers to tasks.o(i.xTaskGetSchedulerState) for xTaskGetSchedulerState
    event_groups.o(i.xEventGroupWaitBits) refers to tasks.o(i.vTaskSuspendAll) for vTaskSuspendAll
    event_groups.o(i.xEventGroupWaitBits) refers to event_groups.o(i.prvTestWaitCondition) for prvTestWaitCondition
    event_groups.o(i.xEventGroupWaitBits) refers to tasks.o(i.vTaskPlaceOnUnorderedEventList) for vTaskPlaceOnUnorderedEventList
    event_groups.o(i.xEventGroupWaitBits) refers to tasks.o(i.xTaskResumeAll) for xTaskResumeAll
    event_groups.o(i.xEventGroupWaitBits) refers to tasks.o(i.uxTaskResetEventItemValue) for uxTaskResetEventItemValue
    event_groups.o(i.xEventGroupWaitBits) refers to port.o(i.vPortEnterCritical) for vPortEnterCritical
    event_groups.o(i.xEventGroupWaitBits) refers to port.o(i.vPortExitCritical) for vPortExitCritical
    heap_4.o(i.prvHeapInit) refers to heap_4.o(.bss) for .bss
    heap_4.o(i.prvHeapInit) refers to heap_4.o(.data) for .data
    heap_4.o(i.prvInsertBlockIntoFreeList) refers to heap_4.o(.data) for .data
    heap_4.o(i.pvPortMalloc) refers to tasks.o(i.vTaskSuspendAll) for vTaskSuspendAll
    heap_4.o(i.pvPortMalloc) refers to heap_4.o(i.prvHeapInit) for prvHeapInit
    heap_4.o(i.pvPortMalloc) refers to heap_4.o(i.prvInsertBlockIntoFreeList) for prvInsertBlockIntoFreeList
    heap_4.o(i.pvPortMalloc) refers to tasks.o(i.xTaskResumeAll) for xTaskResumeAll
[...]
    i.__hardfp_fabs                          0x08002d80   Section        0  fabs.o(i.__hardfp_fabs)
    i.__hardfp_sin                           0x08002d98   Section        0  sin.o(i.__hardfp_sin)
    i.__ieee754_rem_pio2                     0x08002e60   Section        0  rred.o(i.__ieee754_rem_pio2)
    i.__kernel_cos                           0x08003298   Section        0  cos_i.o(i.__kernel_cos)
    i.__kernel_poly                          0x08003408   Section        0  poly.o(i.__kernel_poly)
    i.__kernel_sin                           0x08003500   Section        0  sin_i.o(i.__kernel_sin)
    i.__mathlib_dbl_infnan                   0x08003630   Section        0  dunder.o(i.__mathlib_dbl_infnan)
    i.__mathlib_dbl_invalid                  0x08003648   Section        0  dunder.o(i.__mathlib_dbl_invalid)
    i.__mathlib_dbl_underflow                0x08003668   Section        0  dunder.o(i.__mathlib_dbl_underflow)
    i.__scatterload_copy                     0x08003688   Section       14  handlers.o(i.__scatterload_copy)
    i.__scatterload_null                     0x08003696   Section        2  handlers.o(i.__scatterload_null)
    i.__scatterload_zeroinit                 0x08003698   Section       14  handlers.o(i.__scatterload_zeroinit)
    i.__set_errno                            0x080036a8   Section        0  errno.o(i.__set_errno)
    i._fp_digits                             0x080036b4   Section        0  printfa.o(i._fp_digits)
    _fp_digits                               0x080036b5   Thumb Code   366  printfa.o(i._fp_digits)
    i._printf_core                           0x08003838   Section        0  printfa.o(i._printf_core)
    _printf_core                             0x08003839   Thumb Code  1744  printfa.o(i._printf_core)
    i._printf_post_padding                   0x08003f14   Section        0  printfa.o(i._printf_post_padding)
    _printf_post_padding                     0x08003f15   Thumb Code    36  printfa.o(i._printf_post_padding)
    i._printf_pre_padding                    0x08003f38   Section        0  printfa.o(i._printf_pre_padding)
    _printf_pre_padding                      0x08003f39   Thumb Code    46  printfa.o(i._printf_pre_padding)
    i._sputc                                 0x08003f66   Section        0  printfa.o(i._sputc)
    _sputc                                   0x08003f67   Thumb Code    10  printfa.o(i._sputc)
    i.fabs                                   0x08003f70   Section        0  fabs.o(i.fabs)
    i.get_data_from_rx_buf                   0x08003f88   Section        0  node_recv_app.o(i.get_data_from_rx_buf)
    i.inHandlerMode                          0x0800402c   Section        0  cmsis_os.o(i.inHandlerMode)
    inHandlerMode                            0x0800402d   Thumb Code    12  cmsis_os.o(i.inHandlerMode)
    i.log_print                              0x08004038   Section        0  cli_uart.o(i.log_print)
    i.main                                   0x08004064   Section        0  main.o(i.main)
    i.main_app                               0x0800410c   Section        0  app_init.o(i.main_app)
    i.makeFreeRtosPriority                   0x08004140   Section        0  cmsis_os.o(i.makeFreeRtosPriority)
    makeFreeRtosPriority                     0x08004141   Thumb Code    12  cmsis_os.o(i.makeFreeRtosPriority)
    i.node_recv_task                         0x0800414c   Section        0  app_init.o(i.node_recv_task)
    i.node_tx_task                           0x08004250   Section        0  node_motor.o(i.node_tx_task)
    i.odometry                               0x080042e4   Section        0  odometry.o(i.odometry)
    i.odometry_task                          0x08004678   Section        0  app_init.o(i.odometry_task)
    i.osDelay                                0x080048f8   Section        0  cmsis_os.o(i.osDelay)
    i.osKernelRunning                        0x08004906   Section        0  cmsis_os.o(i.osKernelRunning)
    i.osKernelStart                          0x08004918   Section        0  cmsis_os.o(i.osKernelStart)
    i.osMutexCreate                          0x08004922   Section        0  cmsis_os.o(i.osMutexCreate)
    i.osMutexRelease                         0x08004928   Section        0  cmsis_os.o(i.osMutexRelease)
    i.osMutexWait                            0x08004978   Section        0  cmsis_os.o(i.osMutexWait)
    i.osSemaphoreCreate                      0x080049e0   Section        0  cmsis_os.o(i.osSemaphoreCreate)
    i.osSemaphoreRelease                     0x08004a0c   Section        0  cmsis_os.o(i.osSemaphoreRelease)
    i.osSemaphoreWait                        0x08004a5c   Section        0  cmsis_os.o(i.osSemaphoreWait)
    i.osSystickHandler                       0x08004ac4   Section        0  cmsis_os.o(i.osSystickHandler)
    i.osThreadCreate                         0x08004ad8   Section        0  cmsis_os.o(i.osThreadCreate)
    i.parse_speed_cmd                        0x08004b08   Section        0  node_recv_app.o(i.parse_speed_cmd)
    i.prvAddCurrentTaskToDelayedList         0x08004c5c   Section        0  tasks.o(i.prvAddCurrentTaskToDelayedList)
    prvAddCurrentTaskToDelayedList           0x08004c5d   Thumb Code   102  tasks.o(i.prvAddCurrentTaskToDelayedList)
    i.prvAddNewTaskToReadyList               0x08004ccc   Section        0  tasks.o(i.prvAddNewTaskToReadyList)
    prvAddNewTaskToReadyList                 0x08004ccd   Thumb Code   196  tasks.o(i.prvAddNewTaskToReadyList)
    i.prvCheckTasksWaitingTermination        0x08004d9c   Section        0  tasks.o(i.prvCheckTasksWaitingTermination)
    prvCheckTasksWaitingTermination          0x08004d9d   Thumb Code    70  tasks.o(i.prvCheckTasksWaitingTermination)
    i.prvCopyDataFromQueue                   0x08004dec   Section        0  queue.o(i.prvCopyDataFromQueue)
    prvCopyDataFromQueue                     0x08004ded   Thumb Code    38  queue.o(i.prvCopyDataFromQueue)
    i.prvCopyDataToQueue                     0x08004e12   Section        0  queue.o(i.prvCopyDataToQueue)
    prvCopyDataToQueue                       0x08004e13   Thumb Code   108  queue.o(i.prvCopyDataToQueue)
    i.prvDeleteTCB                           0x08004e7e   Section        0  tasks.o(i.prvDeleteTCB)
    prvDeleteTCB                             0x08004e7f   Thumb Code    20  tasks.o(i.prvDeleteTCB)
    i.prvHeapInit                            0x08004e94   Section        0  heap_4.o(i.prvHeapInit)
    prvHeapInit                              0x08004e95   Thumb Code    66  heap_4.o(i.prvHeapInit)
    i.prvIdleTask                            0x08004ee0   Section        0  tasks.o(i.prvIdleTask)
    prvIdleTask                              0x08004ee1   Thumb Code    34  tasks.o(i.prvIdleTask)
    i.prvInitialiseNewTask                   0x08004f0c   Section        0  tasks.o(i.prvInitialiseNewTask)
    prvInitialiseNewTask                     0x08004f0d   Thumb Code   156  tasks.o(i.prvInitialiseNewTask)
    i.prvInsertBlockIntoFreeList             0x08004fa8   Section        0  heap_4.o(i.prvInsertBlockIntoFreeList)
    prvInsertBlockIntoFreeList               0x08004fa9   Thumb Code    72  heap_4.o(i.prvInsertBlockIntoFreeList)
    i.prvIsQueueEmpty                        0x08004ff4   Section        0  queue.o(i.prvIsQueueEmpty)
    prvIsQueueEmpty                          0x08004ff5   Thumb Code    28  queue.o(i.prvIsQueueEmpty)
    i.prvResetNextTaskUnblockTime            0x08005010   Section        0  tasks.o(i.prvResetNextTaskUnblockTime)
    prvResetNextTaskUnblockTime              0x08005011   Thumb Code    26  tasks.o(i.prvResetNextTaskUnblockTime)
    i.prvTaskExitError                       0x08005030   Section        0  port.o(i.prvTaskExitError)
    prvTaskExitError                         0x08005031   Thumb Code    36  port.o(i.prvTaskExitError)
    i.prvUnlockQueue                         0x08005058   Section        0  queue.o(i.prvUnlockQueue)
    prvUnlockQueue                           0x08005059   Thumb Code   106  queue.o(i.prvUnlockQueue)
    i.pvPortMalloc                           0x080050c4   Section        0  heap_4.o(i.pvPortMalloc)
    i.pvTaskIncrementMutexHeldCount          0x0800519c   Section        0  tasks.o(i.pvTaskIncrementMutexHeldCount)
    i.pxPortInitialiseStack                  0x080051b4   Section        0  port.o(i.pxPortInitialiseStack)
    i.queue_init                             0x080051e0   Section        0  app_init.o(i.queue_init)
    i.sem_init                               0x080051f8   Section        0  app_init.o(i.sem_init)
    i.send_log_info                          0x08005258   Section        0  cli_uart.o(i.send_log_info)
    send_log_info                            0x08005259   Thumb Code    82  cli_uart.o(i.send_log_info)
    i.system_task                            0x080052c0   Section        0  app_init.o(i.system_task)
    i.uxListRemove                           0x08005394   Section        0  list.o(i.uxListRemove)
    i.vApplicationIdleHook                   0x080053b8   Section        0  freertos.o(i.vApplicationIdleHook)
    i.vApplicationStackOverflowHook          0x080053ba   Section        0  freertos.o(i.vApplicationStackOverflowHook)
    i.vApplicationTickHook                   0x080053bc   Section        0  freertos.o(i.vApplicationTickHook)
    i.vListInitialise                        0x080053be   Section        0  list.o(i.vListInitialise)
    i.vListInitialiseItem                    0x080053d4   Section        0  list.o(i.vListInitialiseItem)
    i.vListInsert                            0x080053da   Section        0  list.o(i.vListInsert)
    i.vListInsertEnd                         0x0800540a   Section        0  list.o(i.vListInsertEnd)
    i.vPortEnterCritical                     0x08005424   Section        0  port.o(i.vPortEnterCritical)
    i.vPortExitCritical                      0x08005464   Section        0  port.o(i.vPortExitCritical)
    i.vPortFree                              0x0800548c   Section        0  heap_4.o(i.vPortFree)
    i.vPortSetupTimerInterrupt               0x080054e8   Section        0  port.o(i.vPortSetupTimerInterrupt)
    i.vPortValidateInterruptPriority         0x08005508   Section        0  port.o(i.vPortValidateInterruptPriority)
    i.vTaskDelay                             0x0800555c   Section        0  tasks.o(i.vTaskDelay)
    i.vTaskMissedYield                       0x080055a8   Section        0  tasks.o(i.vTaskMissedYield)
    i.vTaskPlaceOnEventList                  0x080055b4   Section        0  tasks.o(i.vTaskPlaceOnEventList)
    i.vTaskPriorityInherit                   0x080055e4   Section        0  tasks.o(i.vTaskPriorityInherit)
    i.vTaskSetTimeOutState                   0x08005668   Section        0  tasks.o(i.vTaskSetTimeOutState)
    i.vTaskStartScheduler                    0x0800568c   Section        0  tasks.o(i.vTaskStartScheduler)
    i.vTaskSuspendAll                        0x080056f4   Section        0  tasks.o(i.vTaskSuspendAll)
    i.vTaskSwitchContext                     0x08005704   Section        0  tasks.o(i.vTaskSwitchContext)
    i.xPortStartScheduler                    0x08005778   Section        0  port.o(i.xPortStartScheduler)
    i.xPortSysTickHandler                    0x08005858   Section        0  port.o(i.xPortSysTickHandler)
    i.xQueueCreateCountingSemaphore          0x08005884   Section        0  queue.o(i.xQueueCreateCountingSemaphore)
    i.xQueueCreateMutex                      0x080058be   Section        0  queue.o(i.xQueueCreateMutex)
    i.xQueueGenericCreate                    0x080058e2   Section        0  queue.o(i.xQueueGenericCreate)
    i.xQueueGenericReceive                   0x08005934   Section        0  queue.o(i.xQueueGenericReceive)
    i.xQueueGenericReset                     0x08005aa0   Section        0  queue.o(i.xQueueGenericReset)
    i.xQueueGenericSend                      0x08005b28   Section        0  queue.o(i.xQueueGenericSend)
    i.xQueueGiveFromISR                      0x08005c88   Section        0  queue.o(i.xQueueGiveFromISR)
    i.xQueueReceiveFromISR                   0x08005d24   Section        0  queue.o(i.xQueueReceiveFromISR)
    i.xTaskCheckForTimeOut                   0x08005dc0   Section        0  tasks.o(i.xTaskCheckForTimeOut)
    i.xTaskCreate                            0x08005e2c   Section        0  tasks.o(i.xTaskCreate)
    i.xTaskGetSchedulerState                 0x08005e84   Section        0  tasks.o(i.xTaskGetSchedulerState)
    i.xTaskIncrementTick                     0x08005ea0   Section        0  tasks.o(i.xTaskIncrementTick)
    i.xTaskPriorityDisinherit                0x08005f74   Section        0  tasks.o(i.xTaskPriorityDisinherit)
    i.xTaskRemoveFromEventList               0x0800600c   Section        0  tasks.o(i.xTaskRemoveFromEventList)
    i.xTaskResumeAll                         0x08006080   Section        0  tasks.o(i.xTaskResumeAll)
    .constdata                               0x08006144   Section       16  system_stm32f4xx.o(.constdata)
    .constdata                               0x08006154   Section        8  system_stm32f4xx.o(.constdata)
    .constdata                               0x0800615c   Section        8  stm32f4xx_hal_dma.o(.constdata)
    flagBitshiftOffset                       0x0800615c   Data           8  stm32f4xx_hal_dma.o(.constdata)
    .constdata                               0x08006164   Section      164  app_init.o(.constdata)
    __FUNCTION__                             0x080061ac   Data          12  app_init.o(.constdata)
    .constdata                               0x08006208   Section       16  node_recv_app.o(.constdata)
    __FUNCTION__                             0x08006208   Data          16  node_recv_app.o(.constdata)
    .constdata                               0x08006218   Section       48  cos_i.o(.constdata)
    C                                        0x08006218   Data          48  cos_i.o(.constdata)
    .constdata                               0x08006248   Section      200  rred.o(.constdata)
    pio2s                                    0x08006248   Data          48  rred.o(.constdata)
    twooverpi                                0x08006278   Data         152  rred.o(.constdata)
    .constdata                               0x08006310   Section       40  sin_i.o(.constdata)
    S                                        0x08006310   Data          40  sin_i.o(.constdata)
    .conststring                             0x08006338   Section       36  app_init.o(.conststring)
    .data                                    0x20000000   Section       12  port.o(.data)
    ucMaxSysCallPriority                     0x20000000   Data           1  port.o(.data)
    uxCriticalNesting                        0x20000004   Data           4  port.o(.data)
    ulMaxPRIGROUPValue                       0x20000008   Data           4  port.o(.data)
    .data                                    0x2000000c   Section       24  heap_4.o(.data)
    pxEnd                                    0x2000000c   Data           4  heap_4.o(.data)
    xFreeBytesRemaining                      0x20000010   Data           4  heap_4.o(.data)
    xMinimumEverFreeBytesRemaining           0x20000014   Data           4  heap_4.o(.data)
    xBlockAllocatedBit                       0x20000018   Data           4  heap_4.o(.data)
    xStart                                   0x2000001c   Data           8  heap_4.o(.data)
    .data                                    0x20000024   Section       60  tasks.o(.data)
    uxDeletedTasksWaitingCleanUp             0x20000028   Data           4  tasks.o(.data)
    uxCurrentNumberOfTasks                   0x2000002c   Data           4  tasks.o(.data)
    xTickCount                               0x20000030   Data           4  tasks.o(.data)
    uxTopReadyPriority                       0x20000034   Data           4  tasks.o(.data)
    xSchedulerRunning                        0x20000038   Data           4  tasks.o(.data)
    uxPendedTicks                            0x2000003c   Data           4  tasks.o(.data)
    xYieldPending                            0x20000040   Data           4  tasks.o(.data)
    xNumOfOverflows                          0x20000044   Data           4  tasks.o(.data)
    uxTaskNumber                             0x20000048   Data           4  tasks.o(.data)
    xNextTaskUnblockTime                     0x2000004c   Data           4  tasks.o(.data)
    xIdleTaskHandle                          0x20000050   Data           4  tasks.o(.data)
    uxSchedulerSuspended                     0x20000054   Data           4  tasks.o(.data)
    pxDelayedTaskList                        0x20000058   Data           4  tasks.o(.data)
    pxOverflowDelayedTaskList                0x2000005c   Data           4  tasks.o(.data)
    .data                                    0x20000060   Section        4  system_stm32f4xx.o(.data)
    .data                                    0x20000064   Section        4  stm32f4xx_hal.o(.data)
    .data                                    0x20000068   Section       64  app_init.o(.data)
    .data                                    0x200000a8   Section        8  pid.o(.data)
    .data                                    0x200000b0   Section        4  callback.o(.data)
    cnt                                      0x200000b0   Data           4  callback.o(.data)
    .data                                    0x200000b8   Section       64  odometry.o(.data)
    once                                     0x200000b8   Data           1  odometry.o(.data)
    oriention_1                              0x200000dc   Data           4  odometry.o(.data)
    const_frame                              0x200000e0   Data           8  odometry.o(.data)
    const_angle                              0x200000e8   Data           8  odometry.o(.data)
    distance_sum                             0x200000f0   Data           8  odometry.o(.data)
    .data                                    0x200000f8   Section        8  node_recv_app.o(.data)
    .data                                    0x20000100   Section        4  errno.o(.data)
    _errno                                   0x20000100   Data           4  errno.o(.data)
    .bss                                     0x20000104   Section    40960  heap_4.o(.bss)
    ucHeap                                   0x20000104   Data       40960  heap_4.o(.bss)
    .bss                                     0x2000a104   Section      240  tasks.o(.bss)
    pxReadyTasksLists                        0x2000a104   Data         140  tasks.o(.bss)
    xDelayedTaskList1                        0x2000a190   Data          20  tasks.o(.bss)
    xDelayedTaskList2                        0x2000a1a4   Data          20  tasks.o(.bss)
    xPendingReadyList                        0x2000a1b8   Data          20  tasks.o(.bss)
    xTasksWaitingTermination                 0x2000a1cc   Data          20  tasks.o(.bss)
    xSuspendedTaskList                       0x2000a1e0   Data          20  tasks.o(.bss)
    .bss                                     0x2000a1f4   Section      308  main.o(.bss)
    .bss                                     0x2000a328   Section       96  main.o(.bss)
    .bss                                     0x2000a388   Section       96  main.o(.bss)
    .bss                                     0x2000a3e8   Section       96  main.o(.bss)
    .bss                                     0x2000a448   Section       96  main.o(.bss)
    .bss                                     0x2000a4a8   Section      280  app_init.o(.bss)
    .bss                                     0x2000a5c0   Section      128  cli_uart.o(.bss)
    STACK                                    0x2000a640   Section     1024  startup_stm32f407xx.o(STACK)

    Global Symbols

    Symbol Name                              Value     Ov Type        Size  Object(Section)

    BuildAttributes$$THM_ISAv4$E$P$D$K$B$S$7EM$VFPi3$EXTD16$VFPS$VFMA$PE$A:L22UL41UL21$X:L11$S22US41US21$IEEE1$IW$USESV6$~STKCKD$USESV7$~SHL$OTIME$ROPI$IEEEX$EBA8$MICROLIB$REQ8$PRES8$EABIv2 0x00000000   Number         0  anon$$obj.o ABSOLUTE
    __ARM_use_no_argv                        0x00000000   Number         0  main.o ABSOLUTE
    _printf_a                                0x00000000   Number         0  stubs.o ABSOLUTE
    _printf_c                                0x00000000   Number         0  stubs.o ABSOLUTE
    _printf_charcount                        0x00000000   Number         0  stubs.o ABSOLUTE
    _printf_d                                0x00000000   Number         0  stubs.o ABSOLUTE
    _printf_e                                0x00000000   Number         0  stubs.o ABSOLUTE
    _printf_f                                0x00000000   Number         0  stubs.o ABSOLUTE
    _printf_flags                            0x00000000   Number         0  stubs.o ABSOLUTE
    _printf_fp_dec                           0x00000000   Number         0  stubs.o ABSOLUTE
    _printf_fp_hex                           0x00000000   Number         0  stubs.o ABSOLUTE
    _printf_g                                0x00000000   Number         0  stubs.o ABSOLUTE
    _printf_i                                0x00000000   Number         0  stubs.o ABSOLUTE
    _printf_int_dec                          0x00000000   Number         0  stubs.o ABSOLUTE
    _printf_l                                0x00000000   Number         0  stubs.o ABSOLUTE
    _printf_lc                               0x00000000   Number         0  stubs.o ABSOLUTE
    _printf_ll                               0x00000000   Number         0  stubs.o ABSOLUTE
    _printf_lld                              0x00000000   Number         0  stubs.o ABSOLUTE
    _printf_lli                              0x00000000   Number         0  stubs.o ABSOLUTE
    _printf_llo                              0x00000000   Number         0  stubs.o ABSOLUTE
    _printf_llu                              0x00000000   Number         0  stubs.o ABSOLUTE
    _printf_llx                              0x00000000   Number         0  stubs.o ABSOLUTE
    _printf_longlong_dec                     0x00000000   Number         0  stubs.o ABSOLUTE
    _printf_longlong_hex                     0x00000000   Number         0  stubs.o ABSOLUTE
    _printf_longlong_oct                     0x00000000   Number         0  stubs.o ABSOLUTE
    _printf_ls                               0x00000000   Number         0  stubs.o ABSOLUTE
    _printf_mbtowc                           0x00000000   Number         0  stubs.o ABSOLUTE
    _printf_n                                0x00000000   Number         0  stubs.o ABSOLUTE
    _printf_o                                0x00000000   Number         0  stubs.o ABSOLUTE
    _printf_p                                0x00000000   Number         0  stubs.o ABSOLUTE
    _printf_percent                          0x00000000   Number         0  stubs.o ABSOLUTE
    _printf_pre_padding                      0x00000000   Number         0  stubs.o ABSOLUTE
    _printf_return_value                     0x00000000   Number         0  stubs.o ABSOLUTE
    _printf_s                                0x00000000   Number         0  stubs.o ABSOLUTE
    _printf_sizespec                         0x00000000   Number         0  stubs.o ABSOLUTE
    _printf_str                              0x00000000   Number         0  stubs.o ABSOLUTE
    _printf_truncate_signed                  0x00000000   Number         0  stubs.o ABSOLUTE
    _printf_truncate_unsigned                0x00000000   Number         0  stubs.o ABSOLUTE
    _printf_u                                0x00000000   Number         0  stubs.o ABSOLUTE
    _printf_wc                               0x00000000   Number         0  stubs.o ABSOLUTE
    _printf_wctomb                           0x00000000   Number         0  stubs.o ABSOLUTE
    _printf_widthprec                        0x00000000   Number         0  stubs.o ABSOLUTE
    _printf_x                                0x00000000   Number         0  stubs.o ABSOLUTE
    __cpp_initialize__aeabi_                  - Undefined Weak Reference
    __cxa_finalize                            - Undefined Weak Reference
    __decompress                              - Undefined Weak Reference
    _clock_init                               - Undefined Weak Reference
    _microlib_exit                            - Undefined Weak Reference
    __Vectors_Size                           0x00000188   Number         0  startup_stm32f407xx.o ABSOLUTE
    __Vectors                                0x08000000   Data           4  startup_stm32f407xx.o(RESET)
    __Vectors_End                            0x08000188   Data           0  startup_stm32f407xx.o(RESET)
    __main                                   0x08000189   Thumb Code     0  entry.o(.ARM.Collect$$$$00000000)
    _main_stk                                0x08000189   Thumb Code     0  entry2.o(.ARM.Collect$$$$00000001)
    _main_scatterload                        0x0800018d   Thumb Code     0  entry5.o(.ARM.Collect$$$$00000004)
    __main_after_scatterload                 0x08000191   Thumb Code     0  entry5.o(.ARM.Collect$$$$00000004)
    _main_clock                              0x08000191   Thumb Code     0  entry7b.o(.ARM.Collect$$$$00000008)
    _main_cpp_init                           0x08000191   Thumb Code     0  entry8b.o(.ARM.Collect$$$$0000000A)
    _main_init                               0x08000191   Thumb Code     0  entry9a.o(.ARM.Collect$$$$0000000B)
    __rt_final_cpp                           0x08000199   Thumb Code     0  entry10a.o(.ARM.Collect$$$$0000000D)
    __rt_final_exit                          0x08000199   Thumb Code     0  entry11a.o(.ARM.Collect$$$$0000000F)
    SVC_Handler                              0x0800019d   Thumb Code    28  port.o(.emb_text)
    __asm___6_port_c_39a90d8d__prvStartFirstTask 0x080001bd   Thumb Code    28  port.o(.emb_text)
    __asm___6_port_c_39a90d8d__prvEnableVFP  0x080001dd   Thumb Code    16  port.o(.emb_text)
    PendSV_Handler                           0x080001f1   Thumb Code    92  port.o(.emb_text)
    vPortGetIPSR                             0x08000251   Thumb Code     6  port.o(.emb_text)
    Reset_Handler                            0x08000259   Thumb Code     8  startup_stm32f407xx.o(.text)
    ADC_IRQHandler                           0x08000273   Thumb Code     0  startup_stm32f407xx.o(.text)
    CAN1_RX0_IRQHandler                      0x08000273   Thumb Code     0  startup_stm32f407xx.o(.text)
    CAN1_RX1_IRQHandler                      0x08000273   Thumb Code     0  startup_stm32f407xx.o(.text)
    CAN1_SCE_IRQHandler                      0x08000273   Thumb Code     0  startup_stm32f407xx.o(.text)
    CAN1_TX_IRQHandler                       0x08000273   Thumb Code     0  startup_stm32f407xx.o(.text)
    CAN2_RX0_IRQHandler                      0x08000273   Thumb Code     0  startup_stm32f407xx.o(.text)
    CAN2_RX1_IRQHandler                      0x08000273   Thumb Code     0  startup_stm32f407xx.o(.text)
    CAN2_SCE_IRQHandler                      0x08000273   Thumb Code     0  startup_stm32f407xx.o(.text)
    CAN2_TX_IRQHandler                       0x08000273   Thumb Code     0  startup_stm32f407xx.o(.text)
    DCMI_IRQHandler                          0x08000273   Thumb Code     0  startup_stm32f407xx.o(.text)
    DMA1_Stream0_IRQHandler                  0x08000273   Thumb Code     0  startup_stm32f407xx.o(.text)
    DMA1_Stream1_IRQHandler                  0x08000273   Thumb Code     0  startup_stm32f407xx.o(.text)
    DMA1_Stream2_IRQHandler                  0x08000273   Thumb Code     0  startup_stm32f407xx.o(.text)
    DMA1_Stream3_IRQHandler                  0x08000273   Thumb Code     0  startup_stm32f407xx.o(.text)
    DMA1_Stream4_IRQHandler                  0x08000273   Thumb Code     0  startup_stm32f407xx.o(.text)
    DMA1_Stream7_IRQHandler                  0x08000273   Thumb Code     0  startup_stm32f407xx.o(.text)
    DMA2_Stream0_IRQHandler                  0x08000273   Thumb Code     0  startup_stm32f407xx.o(.text)
    DMA2_Stream1_IRQHandler                  0x08000273   Thumb Code     0  startup_stm32f407xx.o(.text)
    DMA2_Stream3_IRQHandler                  0x08000273   Thumb Code     0  startup_stm32f407xx.o(.text)
    DMA2_Stream4_IRQHandler                  0x08000273   Thumb Code     0  startup_stm32f407xx.o(.text)
    DMA2_Stream5_IRQHandler                  0x08000273   Thumb Code     0  startup_stm32f407xx.o(.text)
    DMA2_Stream6_IRQHandler                  0x08000273   Thumb Code     0  startup_stm32f407xx.o(.text)
    ETH_IRQHandler                           0x08000273   Thumb Code     0  startup_stm32f407xx.o(.text)
    ETH_WKUP_IRQHandler                      0x08000273   Thumb Code     0  startup_stm32f407xx.o(.text)
    EXTI15_10_IRQHandler                     0x08000273   Thumb Code     0  startup_stm32f407xx.o(.text)
    EXTI4_IRQHandler                         0x08000273   Thumb Code     0  startup_stm32f407xx.o(.text)
    EXTI9_5_IRQHandler                       0x08000273   Thumb Code     0  startup_stm32f407xx.o(.text)
    FLASH_IRQHandler                         0x08000273   Thumb Code     0  startup_stm32f407xx.o(.text)
    FMC_IRQHandler                           0x08000273   Thumb Code     0  startup_stm32f407xx.o(.text)
    FPU_IRQHandler                           0x08000273   Thumb Code     0  startup_stm32f407xx.o(.text)
    HASH_RNG_IRQHandler                      0x08000273   Thumb Code     0  startup_stm32f407xx.o(.text)
    I2C1_ER_IRQHandler                       0x08000273   Thumb Code     0  startup_stm32f407xx.o(.text)
    I2C1_EV_IRQHandler                       0x08000273   Thumb Code     0  startup_stm32f407xx.o(.text)
    I2C2_ER_IRQHandler                       0x08000273   Thumb Code     0  startup_stm32f407xx.o(.text)
    I2C2_EV_IRQHandler                       0x08000273   Thumb Code     0  startup_stm32f407xx.o(.text)
    I2C3_ER_IRQHandler                       0x08000273   Thumb Code     0  startup_stm32f407xx.o(.text)
    I2C3_EV_IRQHandler                       0x08000273   Thumb Code     0  startup_stm32f407xx.o(.text)
    OTG_FS_IRQHandler                        0x08000273   Thumb Code     0  startup_stm32f407xx.o(.text)
    OTG_FS_WKUP_IRQHandler                   0x08000273   Thumb Code     0  startup_stm32f407xx.o(.text)
    OTG_HS_EP1_IN_IRQHandler                 0x08000273   Thumb Code     0  startup_stm32f407xx.o(.text)
    OTG_HS_EP1_OUT_IRQHandler                0x08000273   Thumb Code     0  startup_stm32f407xx.o(.text)
    OTG_HS_IRQHandler                        0x08000273   Thumb Code     0  startup_stm32f407xx.o(.text)
    OTG_HS_WKUP_IRQHandler                   0x08000273   Thumb Code     0  startup_stm32f407xx.o(.text)
    PVD_IRQHandler                           0x08000273   Thumb Code     0  startup_stm32f407xx.o(.text)
    RCC_IRQHandler                           0x08000273   Thumb Code     0  startup_stm32f407xx.o(.text)
    RTC_Alarm_IRQHandler                     0x08000273   Thumb Code     0  startup_stm32f407xx.o(.text)
    RTC_WKUP_IRQHandler                      0x08000273   Thumb Code     0  startup_stm32f407xx.o(.text)
    SDIO_IRQHandler                          0x08000273   Thumb Code     0  startup_stm32f407xx.o(.text)
    SPI1_IRQHandler                          0x08000273   Thumb Code     0  startup_stm32f407xx.o(.text)
    SPI2_IRQHandler                          0x08000273   Thumb Code     0  startup_stm32f407xx.o(.text)
    SPI3_IRQHandler                          0x08000273   Thumb Code     0  startup_stm32f407xx.o(.text)
    TAMP_STAMP_IRQHandler                    0x08000273   Thumb Code     0  startup_stm32f407xx.o(.text)
    TIM1_BRK_TIM9_IRQHandler                 0x08000273   Thumb Code     0  startup_stm32f407xx.o(.text)
    TIM1_CC_IRQHandler                       0x08000273   Thumb Code     0  startup_stm32f407xx.o(.text)
    TIM1_TRG_COM_TIM11_IRQHandler            0x08000273   Thumb Code     0  startup_stm32f407xx.o(.text)
    TIM1_UP_TIM10_IRQHandler                 0x08000273   Thumb Code     0  startup_stm32f407xx.o(.text)
    TIM2_IRQHandler                          0x08000273   Thumb Code     0  startup_stm32f407xx.o(.text)
    TIM3_IRQHandler                          0x08000273   Thumb Code     0  startup_stm32f407xx.o(.text)
    TIM4_IRQHandler                          0x08000273   Thumb Code     0  startup_stm32f407xx.o(.text)
    TIM5_IRQHandler                          0x08000273   Thumb Code     0  startup_stm32f407xx.o(.text)
    TIM7_IRQHandler                          0x08000273   Thumb Code     0  startup_stm32f407xx.o(.text)
    TIM8_BRK_TIM12_IRQHandler                0x08000273   Thumb Code     0  startup_stm32f407xx.o(.text)
    TIM8_CC_IRQHandler                       0x08000273   Thumb Code     0  startup_stm32f407xx.o(.text)
    TIM8_TRG_COM_TIM14_IRQHandler            0x08000273   Thumb Code     0  startup_stm32f407xx.o(.text)
    TIM8_UP_TIM13_IRQHandler                 0x08000273   Thumb Code     0  startup_stm32f407xx.o(.text)
    UART4_IRQHandler                         0x08000273   Thumb Code     0  startup_stm32f407xx.o(.text)
    UART5_IRQHandler                         0x08000273   Thumb Code     0  startup_stm32f407xx.o(.text)
    USART3_IRQHandler                        0x08000273   Thumb Code     0  startup_stm32f407xx.o(.text)
    USART6_IRQHandler                        0x08000273   Thumb Code     0  startup_stm32f407xx.o(.text)
    WWDG_IRQHandler                          0x08000273   Thumb Code     0  startup_stm32f407xx.o(.text)
    __aeabi_uldivmod                         0x0800027d   Thumb Code    98  uldiv.o(.text)
    ___aeabi_memcpy8$move                    0x080002df   Thumb Code     0  memmovea.o(.text)
    __aeabi_memcpy                           0x080002df   Thumb Code    64  memmovea.o(.text)
    __aeabi_memcpy4                          0x080002df   Thumb Code     0  memmovea.o(.text)
    __aeabi_memmove                          0x080002df   Thumb Code     0  memmovea.o(.text)
    __aeabi_memmove4                         0x080002df   Thumb Code     0  memmovea.o(.text)
    __aeabi_memmove8                         0x080002df   Thumb Code     0  memmovea.o(.text)
    __aeabi_memset                           0x0800031f   Thumb Code    14  memseta.o(.text)
    __aeabi_memset4                          0x0800031f   Thumb Code     0  memseta.o(.text)
    __aeabi_memset8                          0x0800031f   Thumb Code     0  memseta.o(.text)
    __aeabi_memclr                           0x0800032d   Thumb Code     4  memseta.o(.text)
    __aeabi_memclr4                          0x0800032d   Thumb Code     0  memseta.o(.text)
    __aeabi_memclr8                          0x0800032d   Thumb Code     0  memseta.o(.text)
    _memset$wrapper                          0x08000331   Thumb Code    18  memseta.o(.text)
    __aeabi_dadd                             0x08000343   Thumb Code   322  dadd.o(.text)
    __aeabi_dsub                             0x08000485   Thumb Code     6  dadd.o(.text)
    __aeabi_drsub                            0x0800048b   Thumb Code     6  dadd.o(.text)
    __aeabi_dmul                             0x08000491   Thumb Code   228  dmul.o(.text)
    __aeabi_ddiv                             0x08000575   Thumb Code   222  ddiv.o(.text)
    __aeabi_i2d                              0x08000653   Thumb Code    34  dflti.o(.text)
    __aeabi_d2iz                             0x08000675   Thumb Code    62  dfixi.o(.text)
    __aeabi_f2d                              0x080006b3   Thumb Code    38  f2d.o(.text)
    __aeabi_d2f                              0x080006d9   Thumb Code    56  d2f.o(.text)
    __aeabi_uidiv                            0x08000711   Thumb Code     0  uidiv.o(.text)
    __aeabi_uidivmod                         0x08000711   Thumb Code    44  uidiv.o(.text)
    __aeabi_llsl                             0x0800073d   Thumb Code    30  llshl.o(.text)
    _ll_shift_l                              0x0800073d   Thumb Code     0  llshl.o(.text)
    __aeabi_llsr                             0x0800075b   Thumb Code    32  llushr.o(.text)
    _ll_ushift_r                             0x0800075b   Thumb Code     0  llushr.o(.text)
    __aeabi_lasr                             0x0800077b   Thumb Code    36  llsshr.o(.text)
    _ll_sshift_r                             0x0800077b   Thumb Code     0  llsshr.o(.text)
    __I$use$fp                               0x0800079f   Thumb Code     0  iusefp.o(.text)
    _float_round                             0x0800079f   Thumb Code    18  fepilogue.o(.text)
    _float_epilogue                          0x080007b1   Thumb Code    92  fepilogue.o(.text)
    _double_round                            0x0800080d   Thumb Code    30  depilogue.o(.text)
    _double_epilogue                         0x0800082b   Thumb Code   156  depilogue.o(.text)
    __aeabi_d2ulz                            0x080008c7   Thumb Code    48  dfixul.o(.text)
    __aeabi_cdrcmple                         0x080008f9   Thumb Code    48  cdrcmple.o(.text)
    __scatterload                            0x08000929   Thumb Code    28  init.o(.text)
    __scatterload_rt2                        0x08000929   Thumb Code     0  init.o(.text)
    __aeabi_ui2d                             0x0800094d   Thumb Code    26  dfltui.o(.text)
    BusFault_Handler                         0x08000967   Thumb Code     2  stm32f4xx_it.o(i.BusFault_Handler)
    DMA1_Stream5_IRQHandler                  0x08000969   Thumb Code     6  stm32f4xx_it.o(i.DMA1_Stream5_IRQHandler)
    DMA1_Stream6_IRQHandler                  0x08000975   Thumb Code     6  stm32f4xx_it.o(i.DMA1_Stream6_IRQHandler)
    DMA2_Stream2_IRQHandler                  0x08000981   Thumb Code     6  stm32f4xx_it.o(i.DMA2_Stream2_IRQHandler)
    DMA2_Stream7_IRQHandler                  0x0800098d   Thumb Code     6  stm32f4xx_it.o(i.DMA2_Stream7_IRQHandler)
    DebugMon_Handler                         0x08000a3d   Thumb Code     2  stm32f4xx_it.o(i.DebugMon_Handler)
    EXTI0_IRQHandler                         0x08000a3f   Thumb Code     6  stm32f4xx_it.o(i.EXTI0_IRQHandler)
    EXTI1_IRQHandler                         0x08000a45   Thumb Code     6  stm32f4xx_it.o(i.EXTI1_IRQHandler)
    EXTI2_IRQHandler                         0x08000a4b   Thumb Code     6  stm32f4xx_it.o(i.EXTI2_IRQHandler)
    EXTI3_IRQHandler                         0x08000a51   Thumb Code     6  stm32f4xx_it.o(i.EXTI3_IRQHandler)
    HAL_DMA_Abort_IT                         0x08000a57   Thumb Code    36  stm32f4xx_hal_dma.o(i.HAL_DMA_Abort_IT)
    HAL_DMA_IRQHandler                       0x08000a7d   Thumb Code   412  stm32f4xx_hal_dma.o(i.HAL_DMA_IRQHandler)
    HAL_DMA_Init                             0x08000c1d   Thumb Code   206  stm32f4xx_hal_dma.o(i.HAL_DMA_Init)
    HAL_DMA_Start_IT                         0x08000cf1   Thumb Code   120  stm32f4xx_hal_dma.o(i.HAL_DMA_Start_IT)
    HAL_GPIO_EXTI_Callback                   0x08000d69   Thumb Code    32  callback.o(i.HAL_GPIO_EXTI_Callback)
    HAL_GPIO_EXTI_IRQHandler                 0x08000d91   Thumb Code    18  stm32f4xx_hal_gpio.o(i.HAL_GPIO_EXTI_IRQHandler)
    HAL_GPIO_Init                            0x08000da9   Thumb Code   388  stm32f4xx_hal_gpio.o(i.HAL_GPIO_Init)
    HAL_GetTick                              0x08000f59   Thumb Code     6  stm32f4xx_hal.o(i.HAL_GetTick)
    HAL_IncTick                              0x08000f65   Thumb Code    10  stm32f4xx_hal.o(i.HAL_IncTick)
    HAL_Init                                 0x08000f75   Thumb Code    48  stm32f4xx_hal.o(i.HAL_Init)
    HAL_InitTick                             0x08000fa9   Thumb Code    34  stm32f4xx_hal.o(i.HAL_InitTick)
    HAL_MspInit                              0x08000fd1   Thumb Code    88  stm32f4xx_hal_msp.o(i.HAL_MspInit)
    HAL_NVIC_EnableIRQ                       0x08001029   Thumb Code    22  stm32f4xx_hal_cortex.o(i.HAL_NVIC_EnableIRQ)
    HAL_NVIC_SetPriority                     0x08001041   Thumb Code    60  stm32f4xx_hal_cortex.o(i.HAL_NVIC_SetPriority)
    HAL_NVIC_SetPriorityGrouping             0x08001081   Thumb Code    26  stm32f4xx_hal_cortex.o(i.HAL_NVIC_SetPriorityGrouping)
    HAL_RCC_ClockConfig                      0x080010a5   Thumb Code   286  stm32f4xx_hal_rcc.o(i.HAL_RCC_ClockConfig)
    HAL_RCC_GetHCLKFreq                      0x080011d5   Thumb Code     6  stm32f4xx_hal_rcc.o(i.HAL_RCC_GetHCLKFreq)
    HAL_RCC_GetPCLK1Freq                     0x080011e1   Thumb Code    20  stm32f4xx_hal_rcc.o(i.HAL_RCC_GetPCLK1Freq)
    HAL_RCC_GetPCLK2Freq                     0x08001201   Thumb Code    20  stm32f4xx_hal_rcc.o(i.HAL_RCC_GetPCLK2Freq)
    HAL_RCC_GetSysClockFreq                  0x08001221   Thumb Code    88  stm32f4xx_hal_rcc.o(i.HAL_RCC_GetSysClockFreq)
    HAL_RCC_OscConfig                        0x08001281   Thumb Code   730  stm32f4xx_hal_rcc.o(i.HAL_RCC_OscConfig)
    HAL_SYSTICK_CLKSourceConfig              0x08001571   Thumb Code    24  stm32f4xx_hal_cortex.o(i.HAL_SYSTICK_CLKSourceConfig)
    HAL_SYSTICK_Config                       0x08001589   Thumb Code    40  stm32f4xx_hal_cortex.o(i.HAL_SYSTICK_Config)
    HAL_TIMEx_BreakCallback                  0x080015b1   Thumb Code     2  stm32f4xx_hal_tim_ex.o(i.HAL_TIMEx_BreakCallback)
    HAL_TIMEx_CommutationCallback            0x080015b3   Thumb Code     2  stm32f4xx_hal_tim_ex.o(i.HAL_TIMEx_CommutationCallback)
    HAL_TIMEx_MasterConfigSynchronization    0x080015b5   Thumb Code    80  stm32f4xx_hal_tim_ex.o(i.HAL_TIMEx_MasterConfigSynchronization)
    HAL_TIM_Base_Init                        0x08001605   Thumb Code    54  stm32f4xx_hal_tim.o(i.HAL_TIM_Base_Init)
    HAL_TIM_Base_MspInit                     0x0800163d   Thumb Code    94  stm32f4xx_hal_msp.o(i.HAL_TIM_Base_MspInit)
    HAL_TIM_Base_Start_IT                    0x080016ad   Thumb Code    24  stm32f4xx_hal_tim.o(i.HAL_TIM_Base_Start_IT)
    HAL_TIM_ConfigClockSource                0x080016c5   Thumb Code   242  stm32f4xx_hal_tim.o(i.HAL_TIM_ConfigClockSource)
    HAL_TIM_IC_CaptureCallback               0x080017b7   Thumb Code     2  stm32f4xx_hal_tim.o(i.HAL_TIM_IC_CaptureCallback)
    HAL_TIM_IRQHandler                       0x080017b9   Thumb Code   358  stm32f4xx_hal_tim.o(i.HAL_TIM_IRQHandler)
    HAL_TIM_MspPostInit                      0x08001921   Thumb Code    52  stm32f4xx_hal_msp.o(i.HAL_TIM_MspPostInit)
    HAL_TIM_OC_DelayElapsedCallback          0x08001961   Thumb Code     2  stm32f4xx_hal_tim.o(i.HAL_TIM_OC_DelayElapsedCallback)
    HAL_TIM_PWM_ConfigChannel                0x08001963   Thumb Code   208  stm32f4xx_hal_tim.o(i.HAL_TIM_PWM_ConfigChannel)
    HAL_TIM_PWM_Init                         0x08001a33   Thumb Code    54  stm32f4xx_hal_tim.o(i.HAL_TIM_PWM_Init)
    HAL_TIM_PWM_MspInit                      0x08001a69   Thumb Code     2  stm32f4xx_hal_tim.o(i.HAL_TIM_PWM_MspInit)
    HAL_TIM_PWM_PulseFinishedCallback        0x08001a6b   Thumb Code     2  stm32f4xx_hal_tim.o(i.HAL_TIM_PWM_PulseFinishedCallback)
    HAL_TIM_PWM_Start                        0x08001a6d   Thumb Code    48  stm32f4xx_hal_tim.o(i.HAL_TIM_PWM_Start)
    HAL_TIM_PeriodElapsedCallback            0x08001aa5   Thumb Code    32  callback.o(i.HAL_TIM_PeriodElapsedCallback)
    HAL_TIM_TriggerCallback                  0x08001ad1   Thumb Code     2  stm32f4xx_hal_tim.o(i.HAL_TIM_TriggerCallback)
    HAL_UART_ErrorCallback                   0x08001ad3   Thumb Code     2  stm32f4xx_hal_uart.o(i.HAL_UART_ErrorCallback)
    HAL_UART_IRQHandler                      0x08001ad5   Thumb Code   266  stm32f4xx_hal_uart.o(i.HAL_UART_IRQHandler)
    HAL_UART_Init                            0x08001be5   Thumb Code    98  stm32f4xx_hal_uart.o(i.HAL_UART_Init)
    HAL_UART_MspInit                         0x08001c49   Thumb Code   362  stm32f4xx_hal_msp.o(i.HAL_UART_MspInit)
    HAL_UART_Receive_DMA                     0x08001dfd   Thumb Code   138  stm32f4xx_hal_uart.o(i.HAL_UART_Receive_DMA)
    HAL_UART_RxCpltCallback                  0x08001e95   Thumb Code    26  callback.o(i.HAL_UART_RxCpltCallback)
    HAL_UART_RxHalfCpltCallback              0x08001ec1   Thumb Code    26  callback.o(i.HAL_UART_RxHalfCpltCallback)
    HAL_UART_Transmit                        0x08001eed   Thumb Code   186  stm32f4xx_hal_uart.o(i.HAL_UART_Transmit)
    HAL_UART_Transmit_DMA                    0x08001fa9   Thumb Code   114  stm32f4xx_hal_uart.o(i.HAL_UART_Transmit_DMA)
    HAL_UART_TxCpltCallback                  0x08002029   Thumb Code    26  callback.o(i.HAL_UART_TxCpltCallback)
    HAL_UART_TxHalfCpltCallback              0x08002055   Thumb Code     2  stm32f4xx_hal_uart.o(i.HAL_UART_TxHalfCpltCallback)
    HardFault_Handler                        0x08002057   Thumb Code     2  stm32f4xx_it.o(i.HardFault_Handler)
    MemManage_Handler                        0x08002289   Thumb Code     2  stm32f4xx_it.o(i.MemManage_Handler)
    NMI_Handler                              0x0800228b   Thumb Code     2  stm32f4xx_it.o(i.NMI_Handler)
    PID_calculate                            0x080022ad   Thumb Code   160  pid.o(i.PID_calculate)
    SysTick_Handler                          0x0800235d   Thumb Code    14  stm32f4xx_it.o(i.SysTick_Handler)
    SystemClock_Config                       0x0800236d   Thumb Code   152  main.o(i.SystemClock_Config)
    SystemInit                               0x0800240d   Thumb Code    66  system_stm32f4xx.o(i.SystemInit)
    TIM6_DAC_IRQHandler                      0x08002461   Thumb Code     6  stm32f4xx_it.o(i.TIM6_DAC_IRQHandler)
    TIM_Base_SetConfig                       0x0800246d   Thumb Code   148  stm32f4xx_hal_tim.o(i.TIM_Base_SetConfig)
    TIM_CCxChannelCmd                        0x0800252d   Thumb Code    22  stm32f4xx_hal_tim.o(i.TIM_CCxChannelCmd)
    TIM_OC2_SetConfig                        0x080025c1   Thumb Code    90  stm32f4xx_hal_tim.o(i.TIM_OC2_SetConfig)
    USART1_IRQHandler                        0x08002c21   Thumb Code     6  stm32f4xx_it.o(i.USART1_IRQHandler)
    USART2_IRQHandler                        0x08002c2d   Thumb Code     6  stm32f4xx_it.o(i.USART2_IRQHandler)
    UsageFault_Handler                       0x08002c39   Thumb Code     2  stm32f4xx_it.o(i.UsageFault_Handler)
    _Error_Handler                           0x08002c3b   Thumb Code     2  main.o(i._Error_Handler)
    __0sprintf                               0x08002c3d   Thumb Code    34  printfa.o(i.__0sprintf)
    __1sprintf                               0x08002c3d   Thumb Code     0  printfa.o(i.__0sprintf)
    __2sprintf                               0x08002c3d   Thumb Code     0  printfa.o(i.__0sprintf)
    __c89sprintf                             0x08002c3d   Thumb Code     0  printfa.o(i.__0sprintf)
    sprintf                                  0x08002c3d   Thumb Code     0  printfa.o(i.__0sprintf)
    __0vsprintf                              0x08002c65   Thumb Code    30  printfa.o(i.__0vsprintf)
    __1vsprintf                              0x08002c65   Thumb Code     0  printfa.o(i.__0vsprintf)
    __2vsprintf                              0x08002c65   Thumb Code     0  printfa.o(i.__0vsprintf)
    __c89vsprintf                            0x08002c65   Thumb Code     0  printfa.o(i.__0vsprintf)
    vsprintf                                 0x08002c65   Thumb Code     0  printfa.o(i.__0vsprintf)
    __ARM_fpclassify                         0x08002c89   Thumb Code    48  fpclassify.o(i.__ARM_fpclassify)
    __hardfp_cos                             0x08002cb9   Thumb Code   180  cos.o(i.__hardfp_cos)
    __hardfp_fabs                            0x08002d81   Thumb Code    20  fabs.o(i.__hardfp_fabs)
    __hardfp_sin                             0x08002d99   Thumb Code   180  sin.o(i.__hardfp_sin)
    __ieee754_rem_pio2                       0x08002e61   Thumb Code   938  rred.o(i.__ieee754_rem_pio2)
    __kernel_cos                             0x08003299   Thumb Code   322  cos_i.o(i.__kernel_cos)
    __kernel_poly                            0x08003409   Thumb Code   248  poly.o(i.__kernel_poly)
    __kernel_sin                             0x08003501   Thumb Code   280  sin_i.o(i.__kernel_sin)
    __mathlib_dbl_infnan                     0x08003631   Thumb Code    20  dunder.o(i.__mathlib_dbl_infnan)
    __mathlib_dbl_invalid                    0x08003649   Thumb Code    24  dunder.o(i.__mathlib_dbl_invalid)
    __mathlib_dbl_underflow                  0x08003669   Thumb Code    24  dunder.o(i.__mathlib_dbl_underflow)
    __scatterload_copy                       0x08003689   Thumb Code    14  handlers.o(i.__scatterload_copy)
    __scatterload_null                       0x08003697   Thumb Code     2  handlers.o(i.__scatterload_null)
    __scatterload_zeroinit                   0x08003699   Thumb Code    14  handlers.o(i.__scatterload_zeroinit)
    __set_errno                              0x080036a9   Thumb Code     6  errno.o(i.__set_errno)
    fabs                                     0x08003f71   Thumb Code    24  fabs.o(i.fabs)
    get_data_from_rx_buf                     0x08003f89   Thumb Code   164  node_recv_app.o(i.get_data_from_rx_buf)
    log_print                                0x08004039   Thumb Code    38  cli_uart.o(i.log_print)
    main                                     0x08004065   Thumb Code   150  main.o(i.main)
    main_app                                 0x0800410d   Thumb Code    44  app_init.o(i.main_app)
    node_recv_task                           0x0800414d   Thumb Code   206  app_init.o(i.node_recv_task)
    node_tx_task                             0x08004251   Thumb Code   132  node_motor.o(i.node_tx_task)
    odometry                                 0x080042e5   Thumb Code   830  odometry.o(i.odometry)
    odometry_task                            0x08004679   Thumb Code   616  app_init.o(i.odometry_task)
    osDelay                                  0x080048f9   Thumb Code    14  cmsis_os.o(i.osDelay)
    osKernelRunning                          0x08004907   Thumb Code    18  cmsis_os.o(i.osKernelRunning)
    osKernelStart                            0x08004919   Thumb Code    10  cmsis_os.o(i.osKernelStart)
    osMutexCreate                            0x08004923   Thumb Code     6  cmsis_os.o(i.osMutexCreate)
    osMutexRelease                           0x08004929   Thumb Code    74  cmsis_os.o(i.osMutexRelease)
    osMutexWait                              0x08004979   Thumb Code   100  cmsis_os.o(i.osMutexWait)
    osSemaphoreCreate                        0x080049e1   Thumb Code    44  cmsis_os.o(i.osSemaphoreCreate)
    osSemaphoreRelease                       0x08004a0d   Thumb Code    74  cmsis_os.o(i.osSemaphoreRelease)
    osSemaphoreWait                          0x08004a5d   Thumb Code   100  cmsis_os.o(i.osSemaphoreWait)
    osSystickHandler                         0x08004ac5   Thumb Code    20  cmsis_os.o(i.osSystickHandler)
    osThreadCreate                           0x08004ad9   Thumb Code    46  cmsis_os.o(i.osThreadCreate)
    parse_speed_cmd                          0x08004b09   Thumb Code   230  node_recv_app.o(i.parse_speed_cmd)
    pvPortMalloc                             0x080050c5   Thumb Code   210  heap_4.o(i.pvPortMalloc)
    pvTaskIncrementMutexHeldCount            0x0800519d   Thumb Code    18  tasks.o(i.pvTaskIncrementMutexHeldCount)
    pxPortInitialiseStack                    0x080051b5   Thumb Code    40  port.o(i.pxPortInitialiseStack)
    queue_init                               0x080051e1   Thumb Code    18  app_init.o(i.queue_init)
    sem_init                                 0x080051f9   Thumb Code    90  app_init.o(i.sem_init)
    system_task                              0x080052c1   Thumb Code   166  app_init.o(i.system_task)
    uxListRemove                             0x08005395   Thumb Code    36  list.o(i.uxListRemove)
    vApplicationIdleHook                     0x080053b9   Thumb Code     2  freertos.o(i.vApplicationIdleHook)
    vApplicationStackOverflowHook            0x080053bb   Thumb Code     2  freertos.o(i.vApplicationStackOverflowHook)
    vApplicationTickHook                     0x080053bd   Thumb Code     2  freertos.o(i.vApplicationTickHook)
    vListInitialise                          0x080053bf   Thumb Code    22  list.o(i.vListInitialise)
    vListInitialiseItem                      0x080053d5   Thumb Code     6  list.o(i.vListInitialiseItem)
    vListInsert                              0x080053db   Thumb Code    48  list.o(i.vListInsert)
    vListInsertEnd                           0x0800540b   Thumb Code    24  list.o(i.vListInsertEnd)
    vPortEnterCritical                       0x08005425   Thumb Code    54  port.o(i.vPortEnterCritical)
    vPortExitCritical                        0x08005465   Thumb Code    34  port.o(i.vPortExitCritical)
    vPortFree                                0x0800548d   Thumb Code    88  heap_4.o(i.vPortFree)
    vPortSetupTimerInterrupt                 0x080054e9   Thumb Code    26  port.o(i.vPortSetupTimerInterrupt)
    vPortValidateInterruptPriority           0x08005509   Thumb Code    74  port.o(i.vPortValidateInterruptPriority)
    vTaskDelay                               0x0800555d   Thumb Code    66  tasks.o(i.vTaskDelay)
    vTaskMissedYield                         0x080055a9   Thumb Code     8  tasks.o(i.vTaskMissedYield)
    vTaskPlaceOnEventList                    0x080055b5   Thumb Code    44  tasks.o(i.vTaskPlaceOnEventList)
    vTaskPriorityInherit                     0x080055e5   Thumb Code   124  tasks.o(i.vTaskPriorityInherit)
    vTaskSetTimeOutState                     0x08005669   Thumb Code    30  tasks.o(i.vTaskSetTimeOutState)
    vTaskStartScheduler                      0x0800568d   Thumb Code    86  tasks.o(i.vTaskStartScheduler)
    vTaskSuspendAll                          0x080056f5   Thumb Code    10  tasks.o(i.vTaskSuspendAll)
    vTaskSwitchContext                       0x08005705   Thumb Code   106  tasks.o(i.vTaskSwitchContext)
    xPortStartScheduler                      0x08005779   Thumb Code   202  port.o(i.xPortStartScheduler)
    xPortSysTickHandler                      0x08005859   Thumb Code    38  port.o(i.xPortSysTickHandler)
    xQueueCreateCountingSemaphore            0x08005885   Thumb Code    58  queue.o(i.xQueueCreateCountingSemaphore)
    xQueueCreateMutex                        0x080058bf   Thumb Code    36  queue.o(i.xQueueCreateMutex)
    xQueueGenericCreate                      0x080058e3   Thumb Code    82  queue.o(i.xQueueGenericCreate)
    xQueueGenericReceive                     0x08005935   Thumb Code   360  queue.o(i.xQueueGenericReceive)
    xQueueGenericReset                       0x08005aa1   Thumb Code   132  queue.o(i.xQueueGenericReset)
    xQueueGenericSend                        0x08005b29   Thumb Code   346  queue.o(i.xQueueGenericSend)
    xQueueGiveFromISR                        0x08005c89   Thumb Code   156  queue.o(i.xQueueGiveFromISR)
    xQueueReceiveFromISR                     0x08005d25   Thumb Code   154  queue.o(i.xQueueReceiveFromISR)
    xTaskCheckForTimeOut                     0x08005dc1   Thumb Code   102  tasks.o(i.xTaskCheckForTimeOut)
    xTaskCreate                              0x08005e2d   Thumb Code    86  tasks.o(i.xTaskCreate)
    xTaskGetSchedulerState                   0x08005e85   Thumb Code    22  tasks.o(i.xTaskGetSchedulerState)
    xTaskIncrementTick                       0x08005ea1   Thumb Code   202  tasks.o(i.xTaskIncrementTick)
    xTaskPriorityDisinherit                  0x08005f75   Thumb Code   144  tasks.o(i.xTaskPriorityDisinherit)
    xTaskRemoveFromEventList                 0x0800600d   Thumb Code   108  tasks.o(i.xTaskRemoveFromEventList)
    xTaskResumeAll                           0x08006081   Thumb Code   182  tasks.o(i.xTaskResumeAll)
    AHBPrescTable                            0x08006144   Data          16  system_stm32f4xx.o(.constdata)
    APBPrescTable                            0x08006154   Data           8  system_stm32f4xx.o(.constdata)
    Region$$Table$$Base                      0x0800635c   Number         0  anon$$obj.o(Region$$Table)
    Region$$Table$$Limit                     0x0800637c   Number         0  anon$$obj.o(Region$$Table)
    pxCurrentTCB                             0x20000024   Data           4  tasks.o(.data)
    SystemCoreClock                          0x20000060   Data           4  system_stm32f4xx.o(.data)
    uwTick                                   0x20000064   Data           4  stm32f4xx_hal.o(.data)
    Milemeter_L_Motor                        0x20000068   Data           4  app_init.o(.data)
    Milemeter_R_Motor                        0x2000006c   Data           4  app_init.o(.data)
    odometry_right                           0x20000070   Data           4  app_init.o(.data)
    odometry_left                            0x20000074   Data           4  app_init.o(.data)
    init_complete                            0x20000078   Data           4  app_init.o(.data)
    sem_odometry_cal                         0x2000007c   Data           4  app_init.o(.data)
    semlog_tx_cpt                            0x20000080   Data           4  app_init.o(.data)
    semlog_rx_cpt                            0x20000084   Data           4  app_init.o(.data)
    semnode_tx_cpt                           0x20000088   Data           4  app_init.o(.data)
    semnode_rx_cpt                           0x2000008c   Data           4  app_init.o(.data)
    mutex_log                                0x20000090   Data           4  app_init.o(.data)
    system_task_id                           0x20000094   Data           4  app_init.o(.data)
    node_recv_task_id                        0x20000098   Data           4  app_init.o(.data)
    node_tx_task_id                          0x2000009c   Data           4  app_init.o(.data)
    queue_odom_handle                        0x200000a0   Data           4  app_init.o(.data)
    span                                     0x200000a4   Data           4  app_init.o(.data)
    MaxValue                                 0x200000a8   Data           4  pid.o(.data)
    MinValue                                 0x200000ac   Data           4  pid.o(.data)
    wheel_interval                           0x200000bc   Data           4  odometry.o(.data)
    multiplier                               0x200000c0   Data           4  odometry.o(.data)
    deceleration_ratio                       0x200000c4   Data           4  odometry.o(.data)
    wheel_diameter                           0x200000c8   Data           4  odometry.o(.data)
    pi                                       0x200000cc   Data           4  odometry.o(.data)
    pi_2_1                                   0x200000d0   Data           4  odometry.o(.data)
    dt                                       0x200000d4   Data           4  odometry.o(.data)
    line_number                              0x200000d8   Data           4  odometry.o(.data)
    ros_speed_data                           0x200000f8   Data           8  node_recv_app.o(.data)
    htim3                                    0x2000a1f4   Data          60  main.o(.bss)
    htim4                                    0x2000a230   Data          60  main.o(.bss)
    htim6                                    0x2000a26c   Data          60  main.o(.bss)
    huart1                                   0x2000a2a8   Data          64  main.o(.bss)
    huart2                                   0x2000a2e8   Data          64  main.o(.bss)
    hdma_usart1_rx                           0x2000a328   Data          96  main.o(.bss)
    hdma_usart1_tx                           0x2000a388   Data          96  main.o(.bss)
    hdma_usart2_rx                           0x2000a3e8   Data          96  main.o(.bss)
    hdma_usart2_tx                           0x2000a448   Data          96  main.o(.bss)
    recv_buf_ctrl                            0x2000a4a8   Data          12  app_init.o(.bss)
    parse_buf_ctrl                           0x2000a4b4   Data          12  app_init.o(.bss)
    rx_buf                                   0x2000a4c0   Data         128  app_init.o(.bss)
    parse_rx_buf                             0x2000a540   Data         128  app_init.o(.bss)
    prtBuf                                   0x2000a5c0   Data         128  cli_uart.o(.bss)
    __initial_sp                             0x2000aa40   Data           0  startup_stm32f407xx.o(STACK)



==============================================================================

Memory Map of the image

  Image Entry point : 0x08000189

  Load Region LR_IROM1 (Base: 0x08000000, Size: 0x00006480, Max: 0x00100000, ABSOLUTE)

    Execution Region ER_IROM1 (Base: 0x08000000, Size: 0x0000637c, Max: 0x00100000, ABSOLUTE)

    Base Addr    Size         Type   Attr      Idx    E Section Name        Object

    0x08000000   0x00000188   Data   RO         1585    RESET               startup_stm32f407xx.o
    0x08000188   0x00000000   Code   RO         4184  * .ARM.Collect$$$$00000000  mc_w.l(entry.o)
    0x08000188   0x00000004   Code   RO         4502    .ARM.Collect$$$$00000001  mc_w.l(entry2.o)
    0x0800018c   0x00000004   Code   RO         4505    .ARM.Collect$$$$00000004  mc_w.l(entry5.o)
    0x08000190   0x00000000   Code   RO         4507    .ARM.Collect$$$$00000008  mc_w.l(entry7b.o)
    0x08000190   0x00000000   Code   RO         4509    .ARM.Collect$$$$0000000A  mc_w.l(entry8b.o)
    0x08000190   0x00000008   Code   RO         4510    .ARM.Collect$$$$0000000B  mc_w.l(entry9a.o)
    0x08000198   0x00000000   Code   RO         4512    .ARM.Collect$$$$0000000D  mc_w.l(entry10a.o)
    0x08000198   0x00000000   Code   RO         4514    .ARM.Collect$$$$0000000F  mc_w.l(entry11a.o)
    0x08000198   0x00000004   Code   RO         4503    .ARM.Collect$$$$00002712  mc_w.l(entry2.o)
    0x0800019c   0x000000ba   Code   RO            1    .emb_text           port.o
    0x08000256   0x00000002   PAD
    0x08000258   0x00000024   Code   RO         1586    .text               startup_stm32f407xx.o
    0x0800027c   0x00000062   Code   RO         4187    .text               mc_w.l(uldiv.o)
    0x080002de   0x00000040   Code   RO         4191    .text               mc_w.l(memmovea.o)
    0x0800031e   0x00000024   Code   RO         4193    .text               mc_w.l(memseta.o)
    0x08000342   0x0000014e   Code   RO         4460    .text               mf_w.l(dadd.o)
    0x08000490   0x000000e4   Code   RO         4462    .text               mf_w.l(dmul.o)
    0x08000574   0x000000de   Code   RO         4464    .text               mf_w.l(ddiv.o)
    0x08000652   0x00000022   Code   RO         4466    .text               mf_w.l(dflti.o)
    0x08000674   0x0000003e   Code   RO         4468    .text               mf_w.l(dfixi.o)
    0x080006b2   0x00000026   Code   RO         4470    .text               mf_w.l(f2d.o)
    0x080006d8   0x00000038   Code   RO         4472    .text               mf_w.l(d2f.o)
    0x08000710   0x0000002c   Code   RO         4519    .text               mc_w.l(uidiv.o)
    0x0800073c   0x0000001e   Code   RO         4521    .text               mc_w.l(llshl.o)
    0x0800075a   0x00000020   Code   RO         4523    .text               mc_w.l(llushr.o)
    0x0800077a   0x00000024   Code   RO         4525    .text               mc_w.l(llsshr.o)
    0x0800079e   0x00000000   Code   RO         4534    .text               mc_w.l(iusefp.o)
    0x0800079e   0x0000006e   Code   RO         4535    .text               mf_w.l(fepilogue.o)
    0x0800080c   0x000000ba   Code   RO         4537    .text               mf_w.l(depilogue.o)
    0x080008c6   0x00000030   Code   RO         4541    .text               mf_w.l(dfixul.o)
    0x080008f6   0x00000002   PAD
    0x080008f8   0x00000030   Code   RO         4543    .text               mf_w.l(cdrcmple.o)
    0x08000928   0x00000024   Code   RO         4549    .text               mc_w.l(init.o)
    0x0800094c   0x0000001a   Code   RO         4553    .text               mf_w.l(dfltui.o)
    0x08000966   0x00000002   Code   RO         1205    i.BusFault_Handler  stm32f4xx_it.o
    0x08000968   0x0000000c   Code   RO         1206    i.DMA1_Stream5_IRQHandler  stm32f4xx_it.o
    0x08000974   0x0000000c   Code   RO         1207    i.DMA1_Stream6_IRQHandler  stm32f4xx_it.o
    0x08000980   0x0000000c   Code   RO         1208    i.DMA2_Stream2_IRQHandler  stm32f4xx_it.o
    0x0800098c   0x0000000c   Code   RO         1209    i.DMA2_Stream7_IRQHandler  stm32f4xx_it.o
    0x08000998   0x00000028   Code   RO         2682    i.DMA_CalcBaseAndBitshift  stm32f4xx_hal_dma.o
    0x080009c0   0x00000054   Code   RO         2683    i.DMA_CheckFifoParam  stm32f4xx_hal_dma.o
    0x08000a14   0x00000028   Code   RO         2684    i.DMA_SetConfig     stm32f4xx_hal_dma.o
    0x08000a3c   0x00000002   Code   RO         1210    i.DebugMon_Handler  stm32f4xx_it.o
    0x08000a3e   0x00000006   Code   RO         1211    i.EXTI0_IRQHandler  stm32f4xx_it.o
    0x08000a44   0x00000006   Code   RO         1212    i.EXTI1_IRQHandler  stm32f4xx_it.o
    0x08000a4a   0x00000006   Code   RO         1213    i.EXTI2_IRQHandler  stm32f4xx_it.o
    0x08000a50   0x00000006   Code   RO         1214    i.EXTI3_IRQHandler  stm32f4xx_it.o
    0x08000a56   0x00000024   Code   RO         2686    i.HAL_DMA_Abort_IT  stm32f4xx_hal_dma.o
    0x08000a7a   0x00000002   PAD
    0x08000a7c   0x000001a0   Code   RO         2690    i.HAL_DMA_IRQHandler  stm32f4xx_hal_dma.o
    0x08000c1c   0x000000d4   Code   RO         2691    i.HAL_DMA_Init      stm32f4xx_hal_dma.o
    0x08000cf0   0x00000078   Code   RO         2695    i.HAL_DMA_Start_IT  stm32f4xx_hal_dma.o
    0x08000d68   0x00000028   Code   RO         3961    i.HAL_GPIO_EXTI_Callback  callback.o
    0x08000d90   0x00000018   Code   RO         3029    i.HAL_GPIO_EXTI_IRQHandler  stm32f4xx_hal_gpio.o
    0x08000da8   0x000001b0   Code   RO         3030    i.HAL_GPIO_Init     stm32f4xx_hal_gpio.o
    0x08000f58   0x0000000c   Code   RO         1971    i.HAL_GetTick       stm32f4xx_hal.o
    0x08000f64   0x00000010   Code   RO         1973    i.HAL_IncTick       stm32f4xx_hal.o
    0x08000f74   0x00000034   Code   RO         1974    i.HAL_Init          stm32f4xx_hal.o
    0x08000fa8   0x00000028   Code   RO         1975    i.HAL_InitTick      stm32f4xx_hal.o
    0x08000fd0   0x00000058   Code   RO         1531    i.HAL_MspInit       stm32f4xx_hal_msp.o
    0x08001028   0x00000016   Code   RO         1636    i.HAL_NVIC_EnableIRQ  stm32f4xx_hal_cortex.o
    0x0800103e   0x00000002   PAD
    0x08001040   0x00000040   Code   RO         1642    i.HAL_NVIC_SetPriority  stm32f4xx_hal_cortex.o
    0x08001080   0x00000024   Code   RO         1643    i.HAL_NVIC_SetPriorityGrouping  stm32f4xx_hal_cortex.o
    0x080010a4   0x00000130   Code   RO         2112    i.HAL_RCC_ClockConfig  stm32f4xx_hal_rcc.o
    0x080011d4   0x0000000c   Code   RO         2117    i.HAL_RCC_GetHCLKFreq  stm32f4xx_hal_rcc.o
    0x080011e0   0x00000020   Code   RO         2119    i.HAL_RCC_GetPCLK1Freq  stm32f4xx_hal_rcc.o
    0x08001200   0x00000020   Code   RO         2120    i.HAL_RCC_GetPCLK2Freq  stm32f4xx_hal_rcc.o
    0x08001220   0x00000060   Code   RO         2121    i.HAL_RCC_GetSysClockFreq  stm32f4xx_hal_rcc.o
    0x08001280   0x000002f0   Code   RO         2124    i.HAL_RCC_OscConfig  stm32f4xx_hal_rcc.o
    0x08001570   0x00000018   Code   RO         1645    i.HAL_SYSTICK_CLKSourceConfig  stm32f4xx_hal_cortex.o
    0x08001588   0x00000028   Code   RO         1647    i.HAL_SYSTICK_Config  stm32f4xx_hal_cortex.o
    0x080015b0   0x00000002   Code   RO         2788    i.HAL_TIMEx_BreakCallback  stm32f4xx_hal_tim_ex.o
    0x080015b2   0x00000002   Code   RO         2789    i.HAL_TIMEx_CommutationCallback  stm32f4xx_hal_tim_ex.o
    0x080015b4   0x00000050   Code   RO         2805    i.HAL_TIMEx_MasterConfigSynchronization  stm32f4xx_hal_tim_ex.o
    0x08001604   0x00000036   Code   RO         3095    i.HAL_TIM_Base_Init  stm32f4xx_hal_tim.o
    0x0800163a   0x00000002   PAD
    0x0800163c   0x00000070   Code   RO         1533    i.HAL_TIM_Base_MspInit  stm32f4xx_hal_msp.o
    0x080016ac   0x00000018   Code   RO         3100    i.HAL_TIM_Base_Start_IT  stm32f4xx_hal_tim.o
    0x080016c4   0x000000f2   Code   RO         3104    i.HAL_TIM_ConfigClockSource  stm32f4xx_hal_tim.o
    0x080017b6   0x00000002   Code   RO         3124    i.HAL_TIM_IC_CaptureCallback  stm32f4xx_hal_tim.o
    0x080017b8   0x00000166   Code   RO         3137    i.HAL_TIM_IRQHandler  stm32f4xx_hal_tim.o
    0x0800191e   0x00000002   PAD
    0x08001920   0x00000040   Code   RO         1534    i.HAL_TIM_MspPostInit  stm32f4xx_hal_msp.o
    0x08001960   0x00000002   Code   RO         3140    i.HAL_TIM_OC_DelayElapsedCallback  stm32f4xx_hal_tim.o
    0x08001962   0x000000d0   Code   RO         3161    i.HAL_TIM_PWM_ConfigChannel  stm32f4xx_hal_tim.o
    0x08001a32   0x00000036   Code   RO         3164    i.HAL_TIM_PWM_Init  stm32f4xx_hal_tim.o
    0x08001a68   0x00000002   Code   RO         3166    i.HAL_TIM_PWM_MspInit  stm32f4xx_hal_tim.o
    0x08001a6a   0x00000002   Code   RO         3167    i.HAL_TIM_PWM_PulseFinishedCallback  stm32f4xx_hal_tim.o
    0x08001a6c   0x00000038   Code   RO         3168    i.HAL_TIM_PWM_Start  stm32f4xx_hal_tim.o
    0x08001aa4   0x0000002c   Code   RO         3962    i.HAL_TIM_PeriodElapsedCallback  callback.o
    0x08001ad0   0x00000002   Code   RO         3178    i.HAL_TIM_TriggerCallback  stm32f4xx_hal_tim.o
    0x08001ad2   0x00000002   Code   RO         2377    i.HAL_UART_ErrorCallback  stm32f4xx_hal_uart.o
    0x08001ad4   0x00000110   Code   RO         2380    i.HAL_UART_IRQHandler  stm32f4xx_hal_uart.o
    0x08001be4   0x00000062   Code   RO         2381    i.HAL_UART_Init     stm32f4xx_hal_uart.o
    0x08001c46   0x00000002   PAD
    0x08001c48   0x000001b4   Code   RO         1536    i.HAL_UART_MspInit  stm32f4xx_hal_msp.o
    0x08001dfc   0x00000098   Code   RO         2385    i.HAL_UART_Receive_DMA  stm32f4xx_hal_uart.o
    0x08001e94   0x0000002c   Code   RO         3963    i.HAL_UART_RxCpltCallback  callback.o
    0x08001ec0   0x0000002c   Code   RO         3964    i.HAL_UART_RxHalfCpltCallback  callback.o
    0x08001eec   0x000000ba   Code   RO         2389    i.HAL_UART_Transmit  stm32f4xx_hal_uart.o
    0x08001fa6   0x00000002   PAD
    0x08001fa8   0x00000080   Code   RO         2390    i.HAL_UART_Transmit_DMA  stm32f4xx_hal_uart.o
    0x08002028   0x0000002c   Code   RO         3965    i.HAL_UART_TxCpltCallback  callback.o
    0x08002054   0x00000002   Code   RO         2393    i.HAL_UART_TxHalfCpltCallback  stm32f4xx_hal_uart.o
    0x08002056   0x00000002   Code   RO         1215    i.HardFault_Handler  stm32f4xx_it.o
    0x08002058   0x0000006c   Code   RO         1437    i.MX_DMA_Init       main.o
    0x080020c4   0x000000bc   Code   RO         1438    i.MX_GPIO_Init      main.o
    0x08002180   0x00000084   Code   RO         1439    i.MX_TIM3_Init      main.o
    0x08002204   0x00000084   Code   RO         1440    i.MX_TIM4_Init      main.o
    0x08002288   0x00000002   Code   RO         1216    i.MemManage_Handler  stm32f4xx_it.o
    0x0800228a   0x00000002   Code   RO         1217    i.NMI_Handler       stm32f4xx_it.o
    0x0800228c   0x00000020   Code   RO         1649    i.NVIC_SetPriority  stm32f4xx_hal_cortex.o
    0x080022ac   0x000000b0   Code   RO         3942    i.PID_calculate     pid.o
    0x0800235c   0x0000000e   Code   RO         1218    i.SysTick_Handler   stm32f4xx_it.o
    0x0800236a   0x00000002   PAD
    0x0800236c   0x000000a0   Code   RO         1442    i.SystemClock_Config  main.o
    0x0800240c   0x00000054   Code   RO         1594    i.SystemInit        system_stm32f4xx.o
    0x08002460   0x0000000c   Code   RO         1219    i.TIM6_DAC_IRQHandler  stm32f4xx_it.o
    0x0800246c   0x000000c0   Code   RO         3179    i.TIM_Base_SetConfig  stm32f4xx_hal_tim.o
    0x0800252c   0x00000016   Code   RO         3180    i.TIM_CCxChannelCmd  stm32f4xx_hal_tim.o
    0x08002542   0x00000014   Code   RO         3186    i.TIM_ETR_SetConfig  stm32f4xx_hal_tim.o
    0x08002556   0x00000010   Code   RO         3187    i.TIM_ITRx_SetConfig  stm32f4xx_hal_tim.o
    0x08002566   0x00000002   PAD
    0x08002568   0x00000058   Code   RO         3188    i.TIM_OC1_SetConfig  stm32f4xx_hal_tim.o
    0x080025c0   0x00000064   Code   RO         3189    i.TIM_OC2_SetConfig  stm32f4xx_hal_tim.o
    0x08002624   0x00000060   Code   RO         3190    i.TIM_OC3_SetConfig  stm32f4xx_hal_tim.o
    0x08002684   0x00000050   Code   RO         3191    i.TIM_OC4_SetConfig  stm32f4xx_hal_tim.o
    0x080026d4   0x00000022   Code   RO         3193    i.TIM_TI1_ConfigInputStage  stm32f4xx_hal_tim.o
    0x080026f6   0x00000024   Code   RO         3195    i.TIM_TI2_ConfigInputStage  stm32f4xx_hal_tim.o
    0x0800271a   0x00000010   Code   RO         2394    i.UART_DMAAbortOnError  stm32f4xx_hal_uart.o
    0x0800272a   0x0000004a   Code   RO         2395    i.UART_DMAError     stm32f4xx_hal_uart.o
    0x08002774   0x0000003c   Code   RO         2396    i.UART_DMAReceiveCplt  stm32f4xx_hal_uart.o
    0x080027b0   0x0000000a   Code   RO         2398    i.UART_DMARxHalfCplt  stm32f4xx_hal_uart.o
    0x080027ba   0x0000002e   Code   RO         2400    i.UART_DMATransmitCplt  stm32f4xx_hal_uart.o
    0x080027e8   0x0000000a   Code   RO         2402    i.UART_DMATxHalfCplt  stm32f4xx_hal_uart.o
    0x080027f2   0x0000001c   Code   RO         2404    i.UART_EndRxTransfer  stm32f4xx_hal_uart.o
    0x0800280e   0x00000012   Code   RO         2405    i.UART_EndTxTransfer  stm32f4xx_hal_uart.o
    0x08002820   0x0000008c   Code   RO         2406    i.UART_Receive_IT   stm32f4xx_hal_uart.o
    0x080028ac   0x000002ac   Code   RO         2407    i.UART_SetConfig    stm32f4xx_hal_uart.o
    0x08002b58   0x00000062   Code   RO         2408    i.UART_Transmit_IT  stm32f4xx_hal_uart.o
    0x08002bba   0x00000064   Code   RO         2409    i.UART_WaitOnFlagUntilTimeout  stm32f4xx_hal_uart.o
    0x08002c1e   0x00000002   PAD
    0x08002c20   0x0000000c   Code   RO         1220    i.USART1_IRQHandler  stm32f4xx_it.o
    0x08002c2c   0x0000000c   Code   RO         1221    i.USART2_IRQHandler  stm32f4xx_it.o
    0x08002c38   0x00000002   Code   RO         1222    i.UsageFault_Handler  stm32f4xx_it.o
    0x08002c3a   0x00000002   Code   RO         1443    i._Error_Handler    main.o
    0x08002c3c   0x00000028   Code   RO         4434    i.__0sprintf        mc_w.l(printfa.o)
    0x08002c64   0x00000024   Code   RO         4438    i.__0vsprintf       mc_w.l(printfa.o)
    0x08002c88   0x00000030   Code   RO         4545    i.__ARM_fpclassify  m_wm.l(fpclassify.o)
    0x08002cb8   0x000000c8   Code   RO         4154    i.__hardfp_cos      m_wm.l(cos.o)
    0x08002d80   0x00000014   Code   RO         4166    i.__hardfp_fabs     m_wm.l(fabs.o)
    0x08002d94   0x00000004   PAD
    0x08002d98   0x000000c8   Code   RO         4172    i.__hardfp_sin      m_wm.l(sin.o)
    0x08002e60   0x00000438   Code   RO         4491    i.__ieee754_rem_pio2  m_wm.l(rred.o)
    0x08003298   0x00000170   Code   RO         4474    i.__kernel_cos      m_wm.l(cos_i.o)
    0x08003408   0x000000f8   Code   RO         4547    i.__kernel_poly     m_wm.l(poly.o)
    0x08003500   0x00000130   Code   RO         4496    i.__kernel_sin      m_wm.l(sin_i.o)
    0x08003630   0x00000014   Code   RO         4478    i.__mathlib_dbl_infnan  m_wm.l(dunder.o)
    0x08003644   0x00000004   PAD
    0x08003648   0x00000020   Code   RO         4480    i.__mathlib_dbl_invalid  m_wm.l(dunder.o)
    0x08003668   0x00000020   Code   RO         4483    i.__mathlib_dbl_underflow  m_wm.l(dunder.o)
    0x08003688   0x0000000e   Code   RO         4557    i.__scatterload_copy  mc_w.l(handlers.o)
    0x08003696   0x00000002   Code   RO         4558    i.__scatterload_null  mc_w.l(handlers.o)
    0x08003698   0x0000000e   Code   RO         4559    i.__scatterload_zeroinit  mc_w.l(handlers.o)
    0x080036a6   0x00000002   PAD
    0x080036a8   0x0000000c   Code   RO         4529    i.__set_errno       mc_w.l(errno.o)
    0x080036b4   0x00000184   Code   RO         4439    i._fp_digits        mc_w.l(printfa.o)
    0x08003838   0x000006dc   Code   RO         4440    i._printf_core      mc_w.l(printfa.o)
    0x08003f14   0x00000024   Code   RO         4441    i._printf_post_padding  mc_w.l(printfa.o)
    0x08003f38   0x0000002e   Code   RO         4442    i._printf_pre_padding  mc_w.l(printfa.o)
    0x08003f66   0x0000000a   Code   RO         4444    i._sputc            mc_w.l(printfa.o)
    0x08003f70   0x00000018   Code   RO         4168    i.fabs              m_wm.l(fabs.o)
    0x08003f88   0x000000a4   Code   RO         4105    i.get_data_from_rx_buf  node_recv_app.o
    0x0800402c   0x0000000c   Code   RO          651    i.inHandlerMode     cmsis_os.o
    0x08004038   0x0000002c   Code   RO         4060    i.log_print         cli_uart.o
    0x08004064   0x000000a8   Code   RO         1444    i.main              main.o
    0x0800410c   0x00000034   Code   RO         3842    i.main_app          app_init.o
    0x08004140   0x0000000c   Code   RO          653    i.makeFreeRtosPriority  cmsis_os.o
    0x0800414c   0x00000104   Code   RO         3843    i.node_recv_task    app_init.o
    0x08004250   0x00000094   Code   RO         4133    i.node_tx_task      node_motor.o
    0x080042e4   0x00000394   Code   RO         4018    i.odometry          odometry.o
    0x08004678   0x00000280   Code   RO         3844    i.odometry_task     app_init.o
    0x080048f8   0x0000000e   Code   RO          655    i.osDelay           cmsis_os.o
    0x08004906   0x00000012   Code   RO          657    i.osKernelRunning   cmsis_os.o
    0x08004918   0x0000000a   Code   RO          658    i.osKernelStart     cmsis_os.o
    0x08004922   0x00000006   Code   RO          673    i.osMutexCreate     cmsis_os.o
    0x08004928   0x00000050   Code   RO          675    i.osMutexRelease    cmsis_os.o
    0x08004978   0x00000068   Code   RO          676    i.osMutexWait       cmsis_os.o
    0x080049e0   0x0000002c   Code   RO          684    i.osSemaphoreCreate  cmsis_os.o
    0x08004a0c   0x00000050   Code   RO          687    i.osSemaphoreRelease  cmsis_os.o
    0x08004a5c   0x00000068   Code   RO          688    i.osSemaphoreWait   cmsis_os.o
    0x08004ac4   0x00000014   Code   RO          691    i.osSystickHandler  cmsis_os.o
    0x08004ad8   0x0000002e   Code   RO          692    i.osThreadCreate    cmsis_os.o
    0x08004b06   0x00000002   PAD
    0x08004b08   0x00000154   Code   RO         4106    i.parse_speed_cmd   node_recv_app.o
    0x08004c5c   0x00000070   Code   RO          333    i.prvAddCurrentTaskToDelayedList  tasks.o
    0x08004ccc   0x000000d0   Code   RO          334    i.prvAddNewTaskToReadyList  tasks.o
    0x08004d9c   0x00000050   Code   RO          335    i.prvCheckTasksWaitingTermination  tasks.o
    0x08004dec   0x00000026   Code   RO         1030    i.prvCopyDataFromQueue  queue.o
    0x08004e12   0x0000006c   Code   RO         1031    i.prvCopyDataToQueue  queue.o
    0x08004e7e   0x00000014   Code   RO          336    i.prvDeleteTCB      tasks.o
    0x08004e92   0x00000002   PAD
    0x08004e94   0x0000004c   Code   RO          225    i.prvHeapInit       heap_4.o
    0x08004ee0   0x0000002c   Code   RO          337    i.prvIdleTask       tasks.o
    0x08004f0c   0x0000009c   Code   RO          338    i.prvInitialiseNewTask  tasks.o
    0x08004fa8   0x0000004c   Code   RO          226    i.prvInsertBlockIntoFreeList  heap_4.o
    0x08004ff4   0x0000001c   Code   RO         1032    i.prvIsQueueEmpty   queue.o
    0x08005010   0x00000020   Code   RO          340    i.prvResetNextTaskUnblockTime  tasks.o
    0x08005030   0x00000028   Code   RO            2    i.prvTaskExitError  port.o
    0x08005058   0x0000006a   Code   RO         1033    i.prvUnlockQueue    queue.o
    0x080050c2   0x00000002   PAD
    0x080050c4   0x000000d8   Code   RO          227    i.pvPortMalloc      heap_4.o
    0x0800519c   0x00000018   Code   RO          342    i.pvTaskIncrementMutexHeldCount  tasks.o
    0x080051b4   0x0000002c   Code   RO            3    i.pxPortInitialiseStack  port.o
    0x080051e0   0x00000018   Code   RO         3845    i.queue_init        app_init.o
    0x080051f8   0x00000060   Code   RO         3846    i.sem_init          app_init.o
    0x08005258   0x00000068   Code   RO         4061    i.send_log_info     cli_uart.o
    0x080052c0   0x000000d4   Code   RO         3847    i.system_task       app_init.o
    0x08005394   0x00000024   Code   RO          286    i.uxListRemove      list.o
    0x080053b8   0x00000002   Code   RO         1504    i.vApplicationIdleHook  freertos.o
    0x080053ba   0x00000002   Code   RO         1505    i.vApplicationStackOverflowHook  freertos.o
    0x080053bc   0x00000002   Code   RO         1506    i.vApplicationTickHook  freertos.o
    0x080053be   0x00000016   Code   RO          287    i.vListInitialise   list.o
    0x080053d4   0x00000006   Code   RO          288    i.vListInitialiseItem  list.o
    0x080053da   0x00000030   Code   RO          289    i.vListInsert       list.o
    0x0800540a   0x00000018   Code   RO          290    i.vListInsertEnd    list.o
    0x08005422   0x00000002   PAD
    0x08005424   0x00000040   Code   RO            5    i.vPortEnterCritical  port.o
    0x08005464   0x00000028   Code   RO            6    i.vPortExitCritical  port.o
    0x0800548c   0x0000005c   Code   RO          228    i.vPortFree         heap_4.o
    0x080054e8   0x00000020   Code   RO            7    i.vPortSetupTimerInterrupt  port.o
    0x08005508   0x00000054   Code   RO            8    i.vPortValidateInterruptPriority  port.o
    0x0800555c   0x0000004c   Code   RO          350    i.vTaskDelay        tasks.o
    0x080055a8   0x0000000c   Code   RO          354    i.vTaskMissedYield  tasks.o
    0x080055b4   0x00000030   Code   RO          356    i.vTaskPlaceOnEventList  tasks.o
    0x080055e4   0x00000084   Code   RO          358    i.vTaskPriorityInherit  tasks.o
    0x08005668   0x00000024   Code   RO          362    i.vTaskSetTimeOutState  tasks.o
    0x0800568c   0x00000068   Code   RO          363    i.vTaskStartScheduler  tasks.o
    0x080056f4   0x00000010   Code   RO          365    i.vTaskSuspendAll   tasks.o
    0x08005704   0x00000074   Code   RO          366    i.vTaskSwitchContext  tasks.o
    0x08005778   0x000000e0   Code   RO            9    i.xPortStartScheduler  port.o
    0x08005858   0x0000002c   Code   RO           10    i.xPortSysTickHandler  port.o
    0x08005884   0x0000003a   Code   RO         1043    i.xQueueCreateCountingSemaphore  queue.o
    0x080058be   0x00000024   Code   RO         1044    i.xQueueCreateMutex  queue.o
    0x080058e2   0x00000052   Code   RO         1045    i.xQueueGenericCreate  queue.o
    0x08005934   0x0000016c   Code   RO         1046    i.xQueueGenericReceive  queue.o
    0x08005aa0   0x00000088   Code   RO         1047    i.xQueueGenericReset  queue.o
    0x08005b28   0x00000160   Code   RO         1048    i.xQueueGenericSend  queue.o
    0x08005c88   0x0000009c   Code   RO         1050    i.xQueueGiveFromISR  queue.o
    0x08005d24   0x0000009a   Code   RO         1055    i.xQueueReceiveFromISR  queue.o
    0x08005dbe   0x00000002   PAD
    0x08005dc0   0x0000006c   Code   RO          367    i.xTaskCheckForTimeOut  tasks.o
    0x08005e2c   0x00000056   Code   RO          368    i.xTaskCreate       tasks.o
    0x08005e82   0x00000002   PAD
    0x08005e84   0x0000001c   Code   RO          372    i.xTaskGetSchedulerState  tasks.o
    0x08005ea0   0x000000d4   Code   RO          375    i.xTaskIncrementTick  tasks.o
    0x08005f74   0x00000098   Code   RO          378    i.xTaskPriorityDisinherit  tasks.o
    0x0800600c   0x00000074   Code   RO          379    i.xTaskRemoveFromEventList  tasks.o
    0x08006080   0x000000c4   Code   RO          381    i.xTaskResumeAll    tasks.o
    0x08006144   0x00000010   Data   RO         1595    .constdata          system_stm32f4xx.o
    0x08006154   0x00000008   Data   RO         1596    .constdata          system_stm32f4xx.o
    0x0800615c   0x00000008   Data   RO         2697    .constdata          stm32f4xx_hal_dma.o
    0x08006164   0x000000a4   Data   RO         3849    .constdata          app_init.o
    0x08006208   0x00000010   Data   RO         4107    .constdata          node_recv_app.o
    0x08006218   0x00000030   Data   RO         4475    .constdata          m_wm.l(cos_i.o)
    0x08006248   0x000000c8   Data   RO         4493    .constdata          m_wm.l(rred.o)
    0x08006310   0x00000028   Data   RO         4497    .constdata          m_wm.l(sin_i.o)
    0x08006338   0x00000024   Data   RO         3850    .conststring        app_init.o
    0x0800635c   0x00000020   Data   RO         4555    Region$$Table       anon$$obj.o


    Execution Region RW_IRAM1 (Base: 0x20000000, Size: 0x0000aa40, Max: 0x00020000, ABSOLUTE)

    Base Addr    Size         Type   Attr      Idx    E Section Name        Object

    0x20000000   0x0000000c   Data   RW           11    .data               port.o
    0x2000000c   0x00000018   Data   RW          233    .data               heap_4.o
    0x20000024   0x0000003c   Data   RW          384    .data               tasks.o
    0x20000060   0x00000004   Data   RW         1597    .data               system_stm32f4xx.o
    0x20000064   0x00000004   Data   RW         1980    .data               stm32f4xx_hal.o
    0x20000068   0x00000040   Data   RW         3851    .data               app_init.o
    0x200000a8   0x00000008   Data   RW         3943    .data               pid.o
    0x200000b0   0x00000004   Data   RW         3966    .data               callback.o
    0x200000b4   0x00000004   PAD
    0x200000b8   0x00000040   Data   RW         4024    .data               odometry.o
    0x200000f8   0x00000008   Data   RW         4108    .data               node_recv_app.o
    0x20000100   0x00000004   Data   RW         4530    .data               mc_w.l(errno.o)
    0x20000104   0x0000a000   Zero   RW          232    .bss                heap_4.o
    0x2000a104   0x000000f0   Zero   RW          383    .bss                tasks.o
    0x2000a1f4   0x00000134   Zero   RW         1445    .bss                main.o
    0x2000a328   0x00000060   Zero   RW         1446    .bss                main.o
    0x2000a388   0x00000060   Zero   RW         1447    .bss                main.o
    0x2000a3e8   0x00000060   Zero   RW         1448    .bss                main.o
    0x2000a448   0x00000060   Zero   RW         1449    .bss                main.o
    0x2000a4a8   0x00000118   Zero   RW         3848    .bss                app_init.o
    0x2000a5c0   0x00000080   Zero   RW         4062    .bss                cli_uart.o
    0x2000a640   0x00000400   Zero   RW         1583    STACK               startup_stm32f407xx.o


==============================================================================

Image component sizes


      Code (inc. data)   RO Data    RW Data    ZI Data      Debug   Object Name

      1284        144        200         64        280      12623   app_init.o
       216         74          0          4          0       3101   callback.o
       148         28          0          0        128       2713   cli_uart.o
       550         20          0          0          0      22776   cmsis_os.o
         0          0          0          0          0       8024   croutine.o
         0          0          0          0          0      11988   event_groups.o
         6          0          0          0          0       1406   freertos.o
       460         24          0         24      40960       7303   heap_4.o
       136          0          0          0          0       3514   list.o
       890         60          0          0        692       6029   main.o
       148         16          0          0          0        715   node_motor.o
       504        110         16          8          0       3350   node_recv_app.o
       916         86          0         64          0       2620   odometry.o
       176         16          0          8          0       1383   pid.o
       758         84          0         12          0      18533   port.o
      1618         14          0          0          0      15373   queue.o
        36          8        392          0       1024        796   startup_stm32f407xx.o
       120         22          0          4          0       3755   stm32f4xx_hal.o
       218         14          0          0          0      31001   stm32f4xx_hal_cortex.o
       948         16          8          0          0       6418   stm32f4xx_hal_dma.o
       456         50          0          0          0       2367   stm32f4xx_hal_gpio.o
       700        104          0          0          0       3344   stm32f4xx_hal_msp.o
      1228         78          0          0          0       5484   stm32f4xx_hal_rcc.o
      1690         88          0          0          0      16128   stm32f4xx_hal_tim.o
        84          0          0          0          0       2382   stm32f4xx_hal_tim_ex.o
      2124         42          0          0          0      14148   stm32f4xx_hal_uart.o
       134         42          0          0          0     680029   stm32f4xx_it.o
        84         18         24          4          0       1135   system_stm32f4xx.o
      2114        172          0         60        240      22437   tasks.o
         0          0          0          0          0       2492   timers.o

    ----------------------------------------------------------------------
     17778       1330        672        256      43324     913367   Object Totals
         0          0         32          0          0          0   (incl. Generated)
        32          0          0          4          0          0   (incl. Padding)

    ----------------------------------------------------------------------

      Code (inc. data)   RO Data    RW Data    ZI Data      Debug   Library Member Name

       200         20          0          0          0        164   cos.o
       368         46         48          0          0        200   cos_i.o
        84         16          0          0          0        372   dunder.o
        44          0          0          0          0        248   fabs.o
        48          0          0          0          0        124   fpclassify.o
       248          0          0          0          0        152   poly.o
      1080        142        200          0          0        188   rred.o
       200         20          0          0          0        164   sin.o
       304         24         40          0          0        208   sin_i.o
         0          0          0          0          0          0   entry.o
         0          0          0          0          0          0   entry10a.o
         0          0          0          0          0          0   entry11a.o
         8          4          0          0          0          0   entry2.o
         4          0          0          0          0          0   entry5.o
         0          0          0          0          0          0   entry7b.o
         0          0          0          0          0          0   entry8b.o
         8          4          0          0          0          0   entry9a.o
        12          6          0          4          0         68   errno.o
        30          0          0          0          0          0   handlers.o
        36          8          0          0          0         68   init.o
         0          0          0          0          0          0   iusefp.o
        30          0          0          0          0         68   llshl.o
        36          0          0          0          0         68   llsshr.o
        32          0          0          0          0         68   llushr.o
        64          0          0          0          0         76   memmovea.o
        36          0          0          0          0        108   memseta.o
      2312         92          0          0          0        600   printfa.o
        44          0          0          0          0         80   uidiv.o
        98          0          0          0          0         92   uldiv.o
        48          0          0          0          0         68   cdrcmple.o
        56          0          0          0          0         88   d2f.o
       334          0          0          0          0        148   dadd.o
       222          0          0          0          0        100   ddiv.o
       186          0          0          0          0        176   depilogue.o
        62          0          0          0          0         80   dfixi.o
        48          0          0          0          0         68   dfixul.o
        34          0          0          0          0         76   dflti.o
        26          0          0          0          0         76   dfltui.o
       228          0          0          0          0         96   dmul.o
        38          0          0          0          0         68   f2d.o
       110          0          0          0          0        168   fepilogue.o

    ----------------------------------------------------------------------
      6730        382        288          4          0       4328   Library Totals
        12          0          0          0          0          0   (incl. Padding)

    ----------------------------------------------------------------------

      Code (inc. data)   RO Data    RW Data    ZI Data      Debug   Library Name

      2576        268        288          0          0       1820   m_wm.l
      2750        114          0          4          0       1296   mc_w.l
      1392          0          0          0          0       1212   mf_w.l

    ----------------------------------------------------------------------
      6730        382        288          4          0       4328   Library Totals

    ----------------------------------------------------------------------

==============================================================================


      Code (inc. data)   RO Data    RW Data    ZI Data      Debug   

     24508       1712        960        260      43324     897599   Grand Totals
     24508       1712        960        260      43324     897599   ELF Image Totals
     24508       1712        960        260          0          0   ROM Totals

==============================================================================

    Total RO  Size (Code + RO Data)                25468 (  24.87kB)
    Total RW  Size (RW Data + ZI Data)             43584 (  42.56kB)
    Total ROM Size (Code + RO Data + RW Data)      25728 (  25.13kB)

==============================================================================

