<html>
<body>
<pre>
<h1>µVision Build Log</h1>
<h2>Tool Versions:</h2>
IDE-Version: ¦ÌVision V5.22.0.0
Copyright (C) 2016 ARM Ltd and ARM Germany GmbH. All rights reserved.
License Information: ws China, P R C, LIC=3UUDY-ITHJ7-9XTUW-QICFU-2JWCS-696YP
 
Tool Versions:
Toolchain:       MDK-ARM Professional  Version: 5.22
Toolchain Path:  D:\Program Files (x86)\KEIL\ARM\ARMCC\Bin
C Compiler:      Armcc.exe V5.06 update 4 (build 422)
Assembler:       Armasm.exe V5.06 update 4 (build 422)
Linker/Locator:  ArmLink.exe V5.06 update 4 (build 422)
Library Manager: ArmAr.exe V5.06 update 4 (build 422)
Hex Converter:   FromElf.exe V5.06 update 4 (build 422)
CPU DLL:         SARMCM3.DLL V5.22
Dialog DLL:      DCM.DLL V1.13.9.0
Target DLL:      STLink\ST-LINKIII-KEIL_SWO.dll V2.0.18.0
Dialog DLL:      TCM.DLL V1.21.0.0
 
<h2>Project:</h2>
E:\car\car_ctrl\car_ctrl_F407\MDK-ARM\car_ctrl_F407.uvprojx
Project File Date:  11/27/2017

<h2>Output:</h2>
*** Using Compiler 'V5.06 update 4 (build 422)', folder: 'D:\Program Files (x86)\KEIL\ARM\ARMCC\Bin'
Build target 'car_ctrl_F407'
compiling app_init.c...
..\..\app\src\app_init.c(107): warning:  #177-D: variable "j"  was declared but never referenced
  	int32_t i = 0, j = 0;
..\..\app\src\app_init.c(265): warning:  #177-D: variable "cnt"  was declared but never referenced
  	uint32_t cnt = 0, flag = 0;
..\..\app\src\app_init.c(265): warning:  #177-D: variable "flag"  was declared but never referenced
  	uint32_t cnt = 0, flag = 0;
..\..\app\src\app_init.c(283): warning:  #177-D: variable "t"  was declared but never referenced
  	uint32_t t = 0;
..\..\app\src\app_init.c: 4 warnings, 0 errors
linking...
Program Size: Code=24508 RO-data=960 RW-data=260 ZI-data=43324  
FromELF: creating hex file...
"car_ctrl_F407\car_ctrl_F407.axf" - 0 Error(s), 4 Warning(s).

<h2>Software Packages used:</h2>

Package Vendor: ARM
                http://www.keil.com/pack/ARM.CMSIS.5.0.0.pack
                ARM::CMSIS:CORE:5.0.0
                CMSIS (Cortex Microcontroller Software Interface Standard)
   * Component: CORE Version: 5.0.0

<h2>Collection of Component include folders:</h2>
  E:\car\car_ctrl\car_ctrl_F407\MDK-ARM\RTE\_car_ctrl_F407
  D:\Program Files (x86)\KEIL\ARM\PACK\ARM\CMSIS\5.0.0\CMSIS\Include
  D:\Program Files (x86)\KEIL\ARM\PACK\Keil\STM32F4xx_DFP\2.9.0\Drivers\CMSIS\Device\ST\STM32F4xx\Include

<h2>Collection of Component Files used:</h2>

   * Component: ARM::CMSIS:CORE:5.0.0
Build Time Elapsed:  00:00:04
</pre>
</body>
</html>
