<html>
<body>
<pre>
<h1>礦ision Build Log</h1>
<h2>Tool Versions:</h2>
IDE-Version: μVision V5.16a
Copyright (C) 2015 ARM Ltd and ARM Germany GmbH. All rights reserved.
License Information: ws ws, ws, LIC=HN0DY-IMMVC-ARKXW-Q0N1L-04QUQ-0CS04
 
Tool Versions:
Toolchain:       MDK-ARM Standard  Version: 5.16a
Toolchain Path:  D:\software\keil\ARM\ARMCC\Bin
C Compiler:      Armcc.exe V5.06 (build 20)
Assembler:       Armasm.exe V5.06 (build 20)
Linker/Locator:  ArmLink.exe V5.06 (build 20)
Library Manager: ArmAr.exe V5.06 (build 20)
Hex Converter:   FromElf.exe V5.06 (build 20)
CPU DLL:         SARMCM3.DLL V5.16a
Dialog DLL:      DCM.DLL V1.13.2.0
Target DLL:      STLink\ST-LINKIII-KEIL_SWO.dll V2.0.17.0
Dialog DLL:      TCM.DLL V1.14.5.0
 
<h2>Project:</h2>
H:\单片机资料\意法半导体\STM32\stm32f4-discovery\STM32F4-Discovery_FW_V1.1.0\Project\Peripheral_Examples\MEMS\MDK-ARM\LIS302DL.uvproj
Project File Date:  02/24/2016

<h2>Output:</h2>
*** Using Compiler 'V5.06 (build 20)', folder: 'D:\software\keil\ARM\ARMCC\Bin'
Rebuild Project 'LIS302DL' - Target 'LIS302DL'
compiling stm32f4xx_it.c...
compiling system_stm32f4xx.c...
compiling main.c...
compiling stm32f4_discovery_lis302dl.c...
compiling stm32f4_discovery.c...
compiling stm32f4xx_rcc.c...
compiling misc.c...
compiling stm32f4xx_gpio.c...
compiling stm32f4xx_exti.c...
compiling stm32f4xx_syscfg.c...
compiling stm32f4xx_spi.c...
assembling startup_stm32f4xx.s...
compiling stm32f4xx_tim.c...
linking...
Program Size: Code=3436 RO-data=424 RW-data=48 ZI-data=1024  
".\LIS302DL\LIS302DL.axf" - 0 Error(s), 0 Warning(s).
Build Time Elapsed:  00:00:16
</pre>
</body>
</html>
